downloading edfacts_math_lea 2010
downloading edfacts_math_lea 2011
downloading edfacts_math_lea 2012
downloading edfacts_math_lea 2013
downloading edfacts_rla_lea 2010
downloading edfacts_rla_lea 2011
downloading edfacts_rla_lea 2012
downloading edfacts_rla_lea 2013
no url yet: edfacts_math_participation_lea 2010
no url yet: edfacts_math_participation_lea 2011
no url yet: edfacts_math_participation_lea 2012
downloading edfacts_math_participation_lea 2013
no url yet: edfacts_rla_participation_lea 2010
no url yet: edfacts_rla_participation_lea 2011
no url yet: edfacts_rla_participation_lea 2012
downloading edfacts_rla_participation_lea 2013
downloading edfacts_docs 2011
downloading edfacts_docs 2012
downloading edfacts_docs 2013
downloading ccd_lea_directory 2010
downloading ccd_lea_directory 2011
downloading ccd_lea_directory 2012
downloading ccd_lea_directory 2013
downloading ccd_membership 2010
downloading ccd_membership 2011
downloading ccd_membership 2012
downloading ccd_membership 2013
downloading saipe_district 2009
downloading saipe_district 2010
downloading saipe_district 2011
downloading saipe_district 2012
downloading f33_school_finance 2010
downloading f33_school_finance 2011
downloading f33_school_finance 2012
downloading f33_school_finance 2013
manifest updated
