no url yet: edfacts_acgr_lea 2022
no url yet: edfacts_acgr_lea 2023
no url yet: edfacts_acgr_lea 2024
no url yet: edfacts_acgr_docs 2022
no url yet: edfacts_acgr_docs 2023
no url yet: edfacts_acgr_docs 2024
no url yet: hs_reportcard_ct 2022
no url yet: hs_reportcard_ct 2023
no url yet: hs_reportcard_ct 2024
no url yet: hs_reportcard_ct 2025
no url yet: hs_reportcard_id 2022
no url yet: hs_reportcard_id 2023
no url yet: hs_reportcard_id 2024
no url yet: hs_reportcard_id 2025
no url yet: hs_reportcard_mi 2022
no url yet: hs_reportcard_mi 2023
no url yet: hs_reportcard_mi 2024
no url yet: hs_reportcard_mi 2025
no url yet: hs_reportcard_ne_act_allsubjects 2022
no url yet: hs_reportcard_ne_act_allsubjects 2023
no url yet: hs_reportcard_ne_act_allsubjects 2024
no url yet: hs_reportcard_ne_act_allsubjects 2025
no url yet: hs_reportcard_nv_ccr_group_summary 2022
no url yet: hs_reportcard_nv_ccr_group_summary 2023
no url yet: hs_reportcard_nv_ccr_group_summary 2024
no url yet: hs_reportcard_nv_ccr_group_summary 2025
no url yet: hs_reportcard_nd_assessment 2025
no url yet: hs_reportcard_ri 2022
no url yet: hs_reportcard_ri 2023
no url yet: hs_reportcard_ri 2024
no url yet: hs_reportcard_ri 2025
no url yet: hs_reportcard_sd 2022
no url yet: hs_reportcard_sd 2023
no url yet: hs_reportcard_sd 2024
no url yet: hs_reportcard_sd 2025
no url yet: hs_reportcard_tx 2022
no url yet: hs_reportcard_tx 2023
no url yet: hs_reportcard_tx 2024
no url yet: hs_reportcard_tx 2025
no url yet: hs_reportcard_wy 2022
no url yet: hs_reportcard_wy 2023
no url yet: hs_reportcard_wy 2024
no url yet: hs_reportcard_wy 2025
downloading hs_reportcard_ar 2022
manifest updated
