downloading edfacts_math_lea 2014
downloading edfacts_math_lea 2015
downloading edfacts_math_lea 2016
downloading edfacts_math_lea 2017
downloading edfacts_math_lea 2018
downloading edfacts_math_lea 2019
downloading edfacts_math_lea 2021
downloading edfacts_rla_lea 2014
downloading edfacts_rla_lea 2015
downloading edfacts_rla_lea 2016
downloading edfacts_rla_lea 2017
downloading edfacts_rla_lea 2018
downloading edfacts_rla_lea 2019
downloading edfacts_rla_lea 2021
downloading edfacts_math_participation_lea 2014
downloading edfacts_math_participation_lea 2015
downloading edfacts_math_participation_lea 2016
downloading edfacts_math_participation_lea 2017
downloading edfacts_math_participation_lea 2018
downloading edfacts_math_participation_lea 2019
downloading edfacts_math_participation_lea 2021
downloading edfacts_rla_participation_lea 2014
downloading edfacts_rla_participation_lea 2015
downloading edfacts_rla_participation_lea 2016
downloading edfacts_rla_participation_lea 2017
downloading edfacts_rla_participation_lea 2018
downloading edfacts_rla_participation_lea 2019
downloading edfacts_rla_participation_lea 2021
downloading edfacts_acgr_lea 2011
downloading edfacts_acgr_lea 2012
downloading edfacts_acgr_lea 2013
downloading edfacts_acgr_lea 2014
downloading edfacts_acgr_lea 2015
downloading edfacts_acgr_lea 2016
downloading edfacts_acgr_lea 2017
downloading edfacts_acgr_lea 2018
downloading edfacts_acgr_lea 2019
downloading edfacts_acgr_lea 2020
downloading edfacts_acgr_lea 2021
no url yet: edfacts_acgr_lea 2022
no url yet: edfacts_acgr_lea 2023
no url yet: edfacts_acgr_lea 2024
downloading edfacts_docs 2014
downloading edfacts_docs 2015
downloading edfacts_docs 2016
downloading edfacts_docs 2017
downloading edfacts_docs 2018
downloading edfacts_docs 2019
downloading edfacts_docs 2021
downloading edfacts_acgr_docs 2011
downloading edfacts_acgr_docs 2012
downloading edfacts_acgr_docs 2013
downloading edfacts_acgr_docs 2014
downloading edfacts_acgr_docs 2015
downloading edfacts_acgr_docs 2016
downloading edfacts_acgr_docs 2017
downloading edfacts_acgr_docs 2018
downloading edfacts_acgr_docs 2019
downloading edfacts_acgr_docs 2020
downloading edfacts_acgr_docs 2021
no url yet: edfacts_acgr_docs 2022
no url yet: edfacts_acgr_docs 2023
no url yet: edfacts_acgr_docs 2024
downloading ccd_lea_directory 2014
downloading ccd_lea_directory 2015
downloading ccd_lea_directory 2016
downloading ccd_lea_directory 2017
downloading ccd_lea_directory 2018
downloading ccd_lea_directory 2019
downloading ccd_lea_directory 2020
downloading ccd_lea_directory 2021
downloading ccd_lea_directory 2022
downloading ccd_lea_directory 2023
downloading ccd_lea_directory 2024
downloading ccd_membership 2014
downloading ccd_membership 2015
downloading ccd_membership 2016
downloading ccd_membership 2017
downloading ccd_membership 2018
downloading ccd_membership 2019
downloading ccd_membership 2020
downloading ccd_membership 2021
downloading ccd_membership 2022
downloading ccd_membership 2023
downloading ccd_membership 2024
downloading ccd_lunch_program 2015
downloading ccd_lunch_program 2016
downloading ccd_lunch_program 2017
downloading ccd_lunch_program 2018
downloading ccd_lunch_program 2019
downloading ccd_lunch_program 2020
downloading ccd_lunch_program 2021
downloading ccd_lunch_program 2022
downloading ccd_lunch_program 2023
downloading ccd_lunch_program 2024
downloading saipe_district 2013
downloading saipe_district 2014
downloading saipe_district 2015
downloading saipe_district 2016
downloading saipe_district 2017
downloading saipe_district 2018
downloading saipe_district 2019
downloading saipe_district 2020
downloading saipe_district 2021
downloading saipe_district 2022
downloading saipe_district 2023
downloading f33_school_finance 2014
downloading f33_school_finance 2015
downloading f33_school_finance 2016
downloading f33_school_finance 2017
downloading f33_school_finance 2018
downloading f33_school_finance 2019
downloading f33_school_finance 2020
downloading f33_school_finance 2021
downloading f33_school_finance 2022
downloading f33_school_finance 2023
downloading f33_school_finance 2024
manifest updated
