Step 3 sample, run 20260912T214210Z; stage 2; blinding PERMUTED
Wrote data/derived/sample_district_year.csv: 205570 district-years, 21848 districts, 77 columns.

== Districts retained by each rule (end years 2010-2021)
CCD agencies outside the 50 states and DC, dropped before the rules: 244
                                      rule districts removed
      CCD agencies in the 50 states and DC     21848      NA
  rule 1: agency type 1 or 2 in every year     14020    7828
  rule 2: operational in every window year     12985    1035
 rule 2: no boundary change (BOUND 5 or 8)     12915      70
           SAIPE 2009 poverty rate present     12795     120
                 rule 6: primary event set      8710    4085
                 rule 6: robustness set r1      8710    4085
                 rule 6: robustness set r2     11014    1781
Boundary-change exclusions: 70 (BOUND 5 in a window year: 70; BOUND 8 and never 5: 0)
Districts passing rules 1 and 2 with no SAIPE 2009 poverty rate, dropped: 120 (absent from the SAIPE file: 113; no children 5-17: 7)
  of which in states that rule 6 keeps: primary 45, r1 45, r2 73
States with retained districts (primary set): 40
Retained districts in the poverty-quintile set (grade span to 12 in 2009-10, SAIPE 2009 rate): 7759
States with fewer than five quintile districts (no bottom quintile can form): DC (1), HI (1)
EDFacts LEAIDs with HS counts but no CCD row in the 50 states and DC that year: 71

== Width in points of the reported HS percent proficient, by tested-count bracket, 2010-2021
Every LEA in the EDFacts files in the 50 states and DC with an exact valid-test count; subgroups all wh bl hi ecd; math and RLA. Width 0 = exact value; none = PS, N/A or blank.
End year 2010:
        width
bracket      0     1     3     4     5     8     9    10    18    19    20
  0          0     0     0     0     0     0     0     0     0     0     0
  1-5        0     0     0     0     0     0     0     0     0     0     0
  6-15       0     0     0     0     0     0     0     0     0     0     0
  16-30      0     0     0     0     0     0     0     0  1564  7018  4784
  31-60      0     0     0     0     0   348 12436  2316     0     0     0
  61-300     0     0    68 28112  1950     0     0     0     0     0     0
  301+   11391    88     0     0     0     0     0     0     0     0     0
        width
bracket     50  none
  0          0  4801
  1-5        0 18828
  6-15   14478     0
  16-30      0     0
  31-60      0     0
  61-300     0     0
  301+       0     0
End year 2011:
        width
bracket      0     1     3     4     5     8     9    10    18    19    20
  0          0     0     0     0     0     0     0     0     0     0     0
  1-5        0     0     0     0     0     0     0     0     0     0     0
  6-15       0     0     0     0     0     0     0     0     0     0     0
  16-30      0     0     0     0     0     0     0     0  1392  6995  5055
  31-60      0     0     0     0     0   295 12925  2459     0     0     0
  61-300     0     0    59 28580  2476     0     0     0     0     0     0
  301+   11508   102     0     0     0     0     0     0     0     0     0
        width
bracket     50  none
  0          0  4614
  1-5        0 19247
  6-15   14839     0
  16-30      0     0
  31-60      0     0
  61-300     0     0
  301+       0     0
End year 2012:
        width
bracket      0     1     3     4     5     8     9    10    18    19    20
  0          0     0     0     0     0     0     0     0     0     0     0
  1-5        0     0     0     0     0     0     0     0     0     0     0
  6-15       0     0     0     0     0     0     0     0     0     0     0
  16-30      0     0     0     0     0     0     0     0  1888  6516  5341
  31-60      0     0     0     0     0   496 12548  2766     0     0     0
  61-300     0     0   143 28528  2667     0     0     0     0     0     0
  301+   11560   119     0     0     0     0     0     0     0     0     0
        width
bracket     50  none
  0          0  2177
  1-5        0 19283
  6-15   14986     0
  16-30      0     0
  31-60      0     0
  61-300     0     0
  301+       0     0
End year 2013:
        width
bracket      0     1     3     4     5     8     9    10    18    19    20
  0          0     0     0     0     0     0     0     0     0     0     0
  1-5        0     0     0     0     0     0     0     0     0     0     0
  6-15       0     0     0     0     0     0     0     0     0     0     0
  16-30      0     0     0     0     0     0     0     0  1665  6503  5312
  31-60      0     0     0     0     0   447 12582  2729     0     0     0
  61-300     0     0   145 29915  2540     0     0     0     0     0     0
  301+   13042   115     0     0     0     0     0     0     0     0     0
        width
bracket     50  none
  0          0  1654
  1-5        0 18745
  6-15   14154     0
  16-30      0     0
  31-60      0     0
  61-300     0     0
  301+       0     0
End year 2014:
        width
bracket      0     1     3     4     5     8     9    10    18    19    20
  0          0     0     0     0     0     0     0     0     0     0     0
  1-5        0     0     0     0     0     0     0     0     0     0     0
  6-15       0     0     0     0     0     0     0     0     0     0     0
  16-30      0     0     0     0     0     0     0     0  1912  6788  4045
  31-60      0     0     0     0     0   569 12780  1811     0     0     0
  61-300     0     0   194 29397  1584     0     0     0     0     0     0
  301+   12105    53     0     0     0     0     0     0     0     0     0
        width
bracket     50  none
  0          0  1188
  1-5        0 18993
  6-15   13750     0
  16-30      0     0
  31-60      0     0
  61-300     0     0
  301+       0     0
End year 2015:
        width
bracket      0     1     3     4     5     8     9    10    18    19    20
  0          0     0     0     0     0     0     0     0     0     0     0
  1-5        0     0     0     0     0     0     0     0     0     0     0
  6-15       0     0     0     0     0     0     0     0     0     0     0
  16-30      0     0     0     0     0     0     0     0  2701  5477  5558
  31-60      0     0     0     0     0  1289 11449  2990     0     0     0
  61-300     0     0   801 28687  2981     0     0     0     0     0     0
  301+   12562   136     0     0     0     0     0     0     0     0     0
        width
bracket     50  none
  0          0  2763
  1-5        0 19266
  6-15   14630     0
  16-30      0     0
  31-60      0     0
  61-300     0     0
  301+       0     0
End year 2016:
        width
bracket      0     1     3     4     5     8     9    10    18    19    20
  0          0     0     0     0     0     0     0     0     0     0     0
  1-5        0     0     0     0     0     0     0     0     0     0     0
  6-15       0     0     0     0     0     0     0     0     0     0     0
  16-30      0     0     0     0     0     0     0     0  2744  5402  5441
  31-60      0     0     0     0     0  1431 11519  2770     0     0     0
  61-300     0     0   837 29011  2331     0     0     0     0     0     0
  301+   13126    84     0     0     0     0     0     0     0     0     0
        width
bracket     50  none
  0          0  2991
  1-5        0 19177
  6-15   14453     0
  16-30      0     0
  31-60      0     0
  61-300     0     0
  301+       0     0
End year 2017:
        width
bracket      0     1     3     4     5     8     9    10    18    19    20
  0          0     0     0     0     0     0     0     0     0     0     0
  1-5        0     0     0     0     0     0     0     0     0     0     0
  6-15       0     0     0     0     0     0     0     0     0     0     0
  16-30      0     0     0     0     0     0     0     0  3164  5113  5295
  31-60      0     0     0     0     0  1568 11523  2564     0     0     0
  61-300     0     0   758 28717  2206     0     0     0     0     0     0
  301+   12694    77     0     0     0     0     0     0     0     0     0
        width
bracket     50  none
  0          0  2140
  1-5        0 20383
  6-15   15077     0
  16-30      0     0
  31-60      0     0
  61-300     0     0
  301+       0     0
End year 2018:
        width
bracket      0     1     3     4     5     8     9    10    18    19    20
  0          0     0     0     0     0     0     0     0     0     0     0
  1-5        0     0     0     0     0     0     0     0     0     0     0
  6-15       0     0     0     0     0     0     0     0     0     0     0
  16-30      0     0     0     0     0     0     0     0  3687  4695  4898
  31-60      0     0     0     0     0  1636 10845  2218     0     0     0
  61-300     0     0   624 27573  1794     0     0     0     0     0     0
  301+   11655    63     0     0     0     0     0     0     0     0     0
        width
bracket     50  none
  0          0  1687
  1-5        0 18547
  6-15   14414     0
  16-30      0     0
  31-60      0     0
  61-300     0     0
  301+       0     0
End year 2019:
        width
bracket      0     1     3     4     5     8     9    10    18    19    20
  0          0     0     0     0     0     0     0     0     0     0     0
  1-5        0     0     0     0     0     0     0     0     0     0     0
  6-15       0     0     0     0     0     0     0     0     0     0     0
  16-30      0     0     0     0     0     0     0     0  4031  5574  5313
  31-60      0     0     0     0     0  1870 12827  2365     0     0     0
  61-300     0     0   699 31143  1726     0     0     0     0     0     0
  301+   12473    52     0     0     0     0     0     0     0     0     0
        width
bracket     50  none
  0          0  1040
  1-5        0 20902
  6-15   16718     0
  16-30      0     0
  31-60      0     0
  61-300     0     0
  301+       0     0
End year 2021:
        width
bracket      0     1     3     4     5     8     9    10    18    19    20
  0          0     0     0     0     0     0     0     0     0     0     0
  1-5        0     0     0     0     0     0     0     0     0     0     0
  6-15       0     0     0     0     0     0     0     0     0     0     0
  16-30      0     0     0     0     0     0     0     0  3837  4848  5461
  31-60      0     0     0     0     0  2117 10908  2431     0     0     0
  61-300     0     0   980 27574  1366     0     0     0     0     0     0
  301+    9622    21     0     0     0     0     0     0     0     0     0
        width
bracket     50  none
  0          0  2523
  1-5        0 22459
  6-15   16581     0
  16-30      0     0
  31-60      0     0
  61-300     0     0
  301+       0     0

== HS cells lost to suppression, retained districts (primary set), 2010-2021
Each cell is one district-year-subject-subgroup. not_reported: no count in EDFacts (includes districts without high school grades); below_30: exact count under 30; suppressed: count >= 30, percent proficient not reported; wide_range: count >= 30, percent proficient a range wider than 10 points; usable: exact or a range of 10 points or less (primary). usable_r5 and usable_exact: the robustness samples.
 subject subgroup cells not_reported below_30 suppressed wide_range usable
    math      all 95810        12255    13207          0        488  69860
    math       wh 95810        13075    19632          0        559  62544
    math       bl 95810        39199    40867          0        209  15535
    math       hi 95810        26437    51876          0        351  17146
    math      ecd 95810        13473    33200          0        815  48322
     rla      all 95810        12204    12755          0        458  70393
     rla       wh 95810        12995    19075          0        525  63215
     rla       bl 95810        38578    41275          0        252  15705
     rla       hi 95810        26108    51864          0        319  17519
     rla      ecd 95810        13371    32389          0        848  49202
 usable_r5 usable_exact
     56981        18227
     48541        11471
     10837         2888
     11455         3462
     31562         7582
     57850        18528
     49369        11517
     10891         2875
     11865         3827
     32271         7567

Usable district-years, retained districts (primary set): every subgroup of the gap in the sample under rule 3. sy2013_part also applies the participation rule.
Samples: primary = exact or range <= 10 points; r5 = exact or range <= 5 points; exact = exact values only.
  sample              gap subject sy2010 sy2011 sy2012 sy2013 sy2014 sy2015
 primary            a_all    math   6435   6583   6551   6686   6371   6423
 primary            a_all     rla   6412   6595   6568   6689   6519   6594
 primary    b_black_white    math   1255   1296   1279   1407   1287   1287
 primary    b_black_white     rla   1220   1289   1255   1371   1345   1357
 primary c_hispanic_white    math   1139   1218   1259   1567   1352   1380
 primary c_hispanic_white     rla   1107   1197   1224   1524   1507   1526
      r5            a_all    math   5258   5367   5306   5562   5210   5242
      r5            a_all     rla   5242   5366   5341   5581   5411   5445
      r5    b_black_white    math    832    844    828    939    855    850
      r5    b_black_white     rla    794    831    817    906    890    887
      r5 c_hispanic_white    math    721    754    778   1021    850    864
      r5 c_hispanic_white     rla    688    745    768   1005    963    993
   exact            a_all    math   1685   1670   1671   1901   1685   1669
   exact            a_all     rla   1602   1651   1644   1866   1798   1758
   exact    b_black_white    math    202    193    196    235    207    200
   exact    b_black_white     rla    184    182    178    220    215    208
   exact c_hispanic_white    math    180    184    187    277    206    209
   exact c_hispanic_white     rla    165    184    182    278    253    258
 sy2016 sy2017 sy2018 sy2019 sy2021 sy2013_part
   6398   6404   5700   6326   5983        6196
   6592   6511   5884   6404   5625        6148
   1307   1302   1102   1273   1110        1201
   1375   1298   1178   1267   1082        1181
   1433   1479   1354   1552   1372        1363
   1607   1518   1431   1589   1339        1332
   5204   5194   4615   5146   4877        5112
   5484   5344   4835   5244   4557        5067
    841    853    716    832    700         786
    900    838    766    814    676         765
    906    913    835    968    829         865
   1026    944    898    987    824         867
   1685   1692   1469   1666   1434        1728
   1850   1726   1542   1682   1409        1705
    194    205    158    188    142         189
    213    187    178    177    144         190
    207    216    184    217    187         243
    258    224    212    230    196         257

== Participation rule, retained districts (primary set)
End years 2010-2012: no participation file; retained without the test.
From 2013: the exact value or band midpoint must be at least 95 (GE90 passes, 90-94 fails).
Cells usable under rule 3 in 2013, by participation outcome:
 subject subgroup usable_cells pass fail_reported_below_95 fail_not_reported
    math      all         6686 6196                    490                 0
    math       wh         6089 5729                    360                 0
    math       bl         1541 1342                    199                 0
    math       hi         1710 1532                    178                 0
    math      ecd         4797 4251                    546                 0
     rla      all         6689 6148                    541                 0
     rla       wh         6090 5697                    393                 0
     rla       bl         1517 1338                    179                 0
     rla       hi         1670 1504                    166                 0
     rla      ecd         4797 4221                    576                 0

State-years lost to participation in 2013 (state had at least one usable district cell for the gap before the rule and none after):
              gap subject district_cells_before district_cells_after
            a_all    math                  6686                 6196
            a_all     rla                  6689                 6148
    b_black_white    math                  1407                 1201
    b_black_white     rla                  1371                 1181
 c_hispanic_white    math                  1567                 1363
 c_hispanic_white     rla                  1524                 1332
 states_with_cells_before state_years_lost states_lost
                       40                0            
                       40                0            
                       39                0            
                       39                1          VT
                       38                0            
                       38                0            

Robustness sample (end years 2013 on): 69680 retained district-years of 95810.
Log: outputs/logs/03_sample_20260912T214210Z.log
