Step 3g graduation sample, run 20260912T214218Z; stage 2; blinding PERMUTED
Graduation LEA files read for end years 2011 2012 2013 2014 2015 2016 2017 2018 2019 2020 2021; none published for 2022 2023 2024 (docs/deviations.md, 2026-09-12)
Wrote data/derived/graduation_sample_district_year.csv: 206995 district-years, 21576 districts, 23 columns.

== Districts retained by each rule (rules 1 and 2 over end years 2010-2021)
CCD agencies outside the 50 states and DC, dropped before the rules: 244
                                     rule districts removed
     CCD agencies in the 50 states and DC     21850      NA
 rule 1: agency type 1 or 2 in every year     14020    7830
  rule 2: operational in every rules year     12983    1037
 rule 2: no boundary change (code 5 or 8)     12910      73
          SAIPE 2009 poverty rate present     12791     119
                rule 6: primary event set      8709    4082
                rule 6: robustness set r1      8709    4082
                rule 6: robustness set r2     11013    1778
Rule 1 failures that were type 1 or 2 in some year and LEA_TYPE 9 (specialized district, from 2019-20) in another: 74
ACGR LEAIDs with a cohort count but no CCD row in the 50 states and DC that year: 4

== Width in points of the reported four-year ACGR, by cohort-count bracket
Every LEA in the files in the 50 states and DC with an exact cohort count; subgroups wh bl hi. Width 0 = exact value; none = PS, S or blank.
        width
bracket      0     1     3     4     5     8     9    10    18    19    20
  0          0     0     0     0     0     0     0     0     0     0     0
  1-5      406     1     0     0     0     0     0     0     0     0     0
  6-15       7     0     0     0     0     0     0     0     0     0     0
  16-30      2     0     0     0     0     0     0     0   867  7798 26716
  31-60      1     0     0     0     0   356 19132 19114     0     0     0
  61-300     0     0   126 59991 17906     0     0     0     0     0     0
  301+   24247   252     0     0     0     0     0     0     0     0     0
        width
bracket     50  none
  0          0     0
  1-5        0 87800
  6-15   46842     0
  16-30      0     0
  31-60      0     0
  61-300     0     0
  301+       0     0

== Graduation cells by rule 3 status, retained districts (primary set), end years 2011-2021
 subgroup cells not_reported below_30 suppressed wide_range usable usable_r5
       bl 95799        44699    35750          0        237  15113     10375
       hi 95799        31300    48734          0        303  15462     10107
       wh 95799        17355    17491          0        505  60448     47402
 usable_exact
         2603
         2829
        10752

== District-years with a usable graduation gap (both groups in the sample under rule 3), by end year
  sample                 gap event_set sy2011 sy2012 sy2013 sy2014 sy2015
 primary    grad_black_white   primary   1307   1284   1293   1289   1142
 primary    grad_black_white        r1   1307   1284   1293   1289   1142
 primary    grad_black_white        r2   1581   1553   1557   1550   1268
 primary grad_hispanic_white   primary   1145   1190   1225   1267   1017
 primary grad_hispanic_white        r1   1145   1190   1225   1267   1017
 primary grad_hispanic_white        r2   1557   1607   1648   1689   1153
      r5    grad_black_white   primary    863    831    846    836    729
      r5    grad_black_white        r1    863    831    846    836    729
      r5    grad_black_white        r2   1035    999   1003    987    800
      r5 grad_hispanic_white   primary    698    729    766    783    627
      r5 grad_hispanic_white        r1    698    729    766    783    627
      r5 grad_hispanic_white        r2    987   1013   1057   1073    685
   exact    grad_black_white   primary    186    184    180    180    153
   exact    grad_black_white        r1    186    184    180    180    153
   exact    grad_black_white        r2    207    203    197    194    154
   exact grad_hispanic_white   primary    171    170    179    177    131
   exact grad_hispanic_white        r1    171    170    179    177    131
   exact grad_hispanic_white        r2    254    252    258    255    131
 sy2016 sy2017 sy2018 sy2019 sy2020 sy2021 total
   1287   1271   1293   1207    887   1165 13425
   1287   1271   1293   1207    887   1165 13425
   1544   1525   1544   1449   1103   1391 16065
   1338   1356   1435   1370    992   1380 13715
   1338   1356   1435   1370    992   1380 13715
   1766   1794   1876   1817   1358   1843 18108
    824    823    817    766    519    738  8592
    824    823    817    766    519    738  8592
    980    972    969    909    643    870 10167
    836    840    893    850    548    837  8407
    836    840    893    850    548    837  8407
   1125   1126   1189   1145    779   1140 11319
    178    178    181    172     53    167  1812
    178    178    181    172     53    167  1812
    188    188    191    182     59    176  1939
    184    183    195    181     49    198  1818
    184    183    195    181     49    198  1818
    257    254    269    252     83    269  2534
Log: outputs/logs/03g_graduation_sample_20260912T214218Z.log
