Step 5 primary estimator (graduation), run 20260912T214311Z; stage 2; blinding PERMUTED; did 2.5.1
Console: panel sizes only. Cohort counts, estimates and model status: outputs/05_primary/graduation and outputs/logs/05_primary_graduation_20260912T214311Z.log
Covariates for the 2909 districts in the district gap file; missing: log_member_2009 1, saipe_pov_rate_2009 0, black_share_2009 0, hisp_share_2009 0

== Panels (graduation gaps with all covariates), primary suppression sample, end years 2011-2021
   unbalanced = the primary rule (any window year); balanced = the robustness rule (every window year)

== Event set primary (event_table.csv): states by cohort status
 cohort_status states
     estimable      5
  after_window      6
         never     28
    first_year      1
      excluded     11
grad_black_white    primary unbalanced  1555 districts in 40 states
grad_black_white    primary balanced     658 districts in 27 states
grad_hispanic_white primary unbalanced  1795 districts in 39 states
grad_hispanic_white primary balanced     462 districts in 28 states

== Event set r1 (event_table_r1.csv): states by cohort status
 cohort_status states
     estimable      1
  after_window      0
         never     38
    first_year      1
      excluded     11
grad_black_white    r1      unbalanced  1555 districts in 40 states
grad_black_white    r1      balanced     658 districts in 27 states
grad_hispanic_white r1      unbalanced  1795 districts in 39 states
grad_hispanic_white r1      balanced     462 districts in 28 states

== Event set r2 (event_table_r2.csv): states by cohort status
 cohort_status states
     estimable      1
  after_window      2
         never     41
    first_year      1
      excluded      6
grad_black_white    r2      unbalanced  1871 districts in 45 states
grad_black_white    r2      balanced     747 districts in 31 states
grad_hispanic_white r2      unbalanced  2319 districts in 44 states
grad_hispanic_white r2      balanced     543 districts in 31 states

== Units and states entering each model (panel_counts.csv)
                 gap event_set      panel     unit units_with_outcome
    grad_black_white   primary unbalanced district               1555
    grad_black_white   primary   balanced district               1555
 grad_hispanic_white   primary unbalanced district               1795
 grad_hispanic_white   primary   balanced district               1795
    grad_black_white        r1 unbalanced district               1555
    grad_black_white        r1   balanced district               1555
 grad_hispanic_white        r1 unbalanced district               1795
 grad_hispanic_white        r1   balanced district               1795
    grad_black_white        r2 unbalanced district               1871
    grad_black_white        r2   balanced district               1871
 grad_hispanic_white        r2 unbalanced district               2320
 grad_hispanic_white        r2   balanced district               2320
 units_in_panel dropped_missing_covariates dropped_first_year_state
           1555                          0                       23
            658                          0                        9
           1795                          0                       19
            462                          0                        6
           1555                          0                       42
            658                          0                       29
           1795                          0                       73
            462                          0                       31
           1871                          0                       31
            747                          0                        0
           2320                          1                      104
            543                          0                        0
 units_in_model states_in_model dropped_missing_weight unit_years
           1532              39                    247      13196
            649              26                      0       7139
           1776              38                    646      13542
            456              27                      0       5016
           1513              39                    239      13024
            629              26                      0       6919
           1722              38                    615      13185
            431              27                      0       4741
           1840              44                    285      15829
            747              31                      0       8217
           2215              43                    725      17282
            543              31                      0       5973
 unit_years_per_unit units_estimable units_after_window units_never
            8.613577             231                247        1054
           11.000000              80                116         453
            7.625000             334                243        1199
           11.000000              96                 45         315
            8.608063              31                  0        1482
           11.000000               0                  0         629
            7.656794             104                  0        1618
           11.000000               0                  0         431
            8.602717               6                 89        1745
           11.000000               2                 44         701
            7.802257              32                 83        2100
           11.000000              24                 33         486
 states_estimable states_after_window states_never
                5                   6           28
                4                   3           19
                5                   6           27
                4                   4           19
                1                   0           38
                0                   0           26
                1                   0           37
                0                   0           27
                1                   2           41
                1                   2           28
                1                   2           40
                1                   2           28

== grad_black_white.primary.unweighted.unbalanced: ok
did: You have an unbalanced panel. Proceeding as such. | Some groups in your dataset have very few observations, which may cause estimation problems.
  Check groups: 2017. | fit_glm: fitted probabilities numerically 0 or 1 occurred | Error computing internal 2x2 DiD for (g, t) = (2017, 2020): The regression design matrix for post-treatment is singular. Consider removing some covariates.. The ATT for this cell will be set to NA. | No units in group 2018 in time period 2019 | No units in group 2018 in time period 2020 | No units in group 2018 in time period 2021 | The Wald pre-test is not reported when clustering beyond the unit level (clustervars = 'state') because the analytical variance matrix does not account for between-cluster correlation. Use the bootstrap confidence intervals to assess pre-trends. | 4 group-time cells without an estimate, left out of the aggregation
  e           att         se       ci_lo         ci_hi cohorts treated_states
 -5 -0.0376549711 0.03445565 -0.12385378  0.0485438363       4              4
 -4 -0.0870963590 0.03116108 -0.16505304 -0.0091396827       4              4
 -3 -0.0309021779 0.01611193 -0.07120991  0.0094055571       4              4
 -2 -0.0094456717 0.11130177 -0.28789288  0.2690015347       4              4
 -1  0.0000000000         NA          NA            NA       5              5
  0 -0.0466081202 0.01876150 -0.09354437  0.0003281341       5              5
  1  0.0001473975 0.01632813 -0.04070122  0.0409960153       4              4
  2  0.0743646016 0.08008754 -0.12599297  0.2747221686       3              3
  3  0.0832052714 0.04227397 -0.02255289  0.1889634307       1              1
  4  0.0069473851 0.08110937 -0.19596653  0.2098613022       2              2
  5 -0.0961559302 0.01555444 -0.13506898 -0.0572428788       1              1
  6 -0.0222938405 0.01762991 -0.06639915  0.0218114738       1              1
  7 -0.1449640107 0.01533758 -0.18333454 -0.1065934822       1              1
  8 -0.1847937104 0.05537700 -0.32333213 -0.0462552906       1              1
 treated_units
           215
           215
           215
           215
           231
           231
           152
           110
            16
            22
            16
            16
            16
            16
overall post-reform average:
         att        se       ci_lo       ci_hi cohorts treated_states
 -0.03668344 0.0203998 -0.07666632 0.003299436       5              5
 treated_units
           231

== grad_black_white.primary.tested_weighted.unbalanced: ok
did: You have an unbalanced panel. Proceeding as such. | Some groups in your dataset have very few observations, which may cause estimation problems.
  Check groups: 2017. | fit_glm: fitted probabilities numerically 0 or 1 occurred | Error computing internal 2x2 DiD for (g, t) = (2017, 2020): The regression design matrix for post-treatment is singular. Consider removing some covariates.. The ATT for this cell will be set to NA. | No units in group 2018 in time period 2019 | No units in group 2018 in time period 2020 | No units in group 2018 in time period 2021 | The Wald pre-test is not reported when clustering beyond the unit level (clustervars = 'state') because the analytical variance matrix does not account for between-cluster correlation. Use the bootstrap confidence intervals to assess pre-trends. | 4 group-time cells without an estimate, left out of the aggregation
  e          att         se       ci_lo       ci_hi cohorts treated_states
 -5 -0.005882372 0.02462478 -0.06452670  0.05276196       4              4
 -4 -0.017427355 0.04414611 -0.12256205  0.08770734       4              4
 -3 -0.021385499 0.02398682 -0.07851051  0.03573952       4              4
 -2 -0.021555470 0.05214397 -0.14573721  0.10262627       4              4
 -1  0.000000000         NA          NA          NA       5              5
  0 -0.008089981 0.02639275 -0.07094475  0.05476479       5              5
  1 -0.008449313 0.03384458 -0.08905074  0.07215212       4              4
  2 -0.001498760 0.05283575 -0.12732796  0.12433044       3              3
  3  0.067880544 0.03739741 -0.02118200  0.15694309       1              1
  4 -0.031359331 0.02239344 -0.08468969  0.02197102       2              2
  5 -0.103339816 0.02251809 -0.15696702 -0.04971261       1              1
  6 -0.109496535 0.02829412 -0.17687944 -0.04211363       1              1
  7 -0.138538773 0.01869468 -0.18306047 -0.09401708       1              1
  8 -0.435888130 0.06267149 -0.58514132 -0.28663494       1              1
 treated_units
           184
           184
           184
           184
           199
           199
           130
            97
            15
            21
            15
            15
            15
            15
overall post-reform average:
         att         se      ci_lo       ci_hi cohorts treated_states
 -0.08542001 0.01780222 -0.1203117 -0.05052831       5              5
 treated_units
           199

== grad_black_white.primary.unweighted.balanced: ok
did: Some groups in your dataset have very few observations, which may cause estimation problems.
  Check groups: 2012,2017. | fit_glm: fitted probabilities numerically 0 or 1 occurred | overlap condition violated for group 2017 in time period 2011 | overlap condition violated for group 2017 in time period 2012 | overlap condition violated for group 2017 in time period 2013 | overlap condition violated for group 2017 in time period 2014 | overlap condition violated for group 2017 in time period 2015 | overlap condition violated for group 2017 in time period 2017 | overlap condition violated for group 2017 in time period 2018 | overlap condition violated for group 2017 in time period 2019 | overlap condition violated for group 2017 in time period 2020 | overlap condition violated for group 2017 in time period 2021 | The Wald pre-test is not reported when clustering beyond the unit level (clustervars = 'state') because the analytical variance matrix does not account for between-cluster correlation. Use the bootstrap confidence intervals to assess pre-trends. | 10 group-time cells without an estimate, left out of the aggregation
  e         att         se        ci_lo      ci_hi cohorts treated_states
 -5 -0.01113228 0.05447285 -0.142174445 0.11990989       2              2
 -4 -0.03511758 0.02217902 -0.088472347 0.01823720       2              2
 -3  0.04903378 0.03085712 -0.025197391 0.12326495       2              2
 -2 -0.01422887 0.04476921 -0.121927555 0.09346981       2              2
 -1  0.00000000         NA           NA         NA       4              4
  0 -0.01190242 0.01340868 -0.044158885 0.02035406       3              3
  1  0.02581762 0.01645337 -0.013763285 0.06539852       3              3
  2  0.08646757 0.01550337  0.049172023 0.12376312       2              2
  3  0.11778187 0.04584539  0.007494303 0.22806945       1              1
  4  0.02190867 0.03102401 -0.052723989 0.09654133       1              1
  5 -0.02596478 0.05630940 -0.161425025 0.10949546       1              1
  6  0.10486308 0.03455174  0.021743967 0.18798219       1              1
  7  0.03962971 0.02207437 -0.013473320 0.09273275       1              1
  8  0.12694047 0.02210349  0.073767398 0.18011354       1              1
 treated_units
            72
            72
            72
            72
            80
            78
            78
            49
             6
             6
             6
             6
             6
             6
overall post-reform average:
        att         se      ci_lo      ci_hi cohorts treated_states
 0.05394909 0.01843084 0.01782531 0.09007287       3              3
 treated_units
            78

== grad_black_white.primary.tested_weighted.balanced: ok
did: Some groups in your dataset have very few observations, which may cause estimation problems.
  Check groups: 2012,2017. | fit_glm: fitted probabilities numerically 0 or 1 occurred | overlap condition violated for group 2017 in time period 2011 | overlap condition violated for group 2017 in time period 2012 | overlap condition violated for group 2017 in time period 2013 | overlap condition violated for group 2017 in time period 2014 | overlap condition violated for group 2017 in time period 2015 | overlap condition violated for group 2017 in time period 2017 | overlap condition violated for group 2017 in time period 2018 | overlap condition violated for group 2017 in time period 2019 | overlap condition violated for group 2017 in time period 2020 | overlap condition violated for group 2017 in time period 2021 | The Wald pre-test is not reported when clustering beyond the unit level (clustervars = 'state') because the analytical variance matrix does not account for between-cluster correlation. Use the bootstrap confidence intervals to assess pre-trends. | 10 group-time cells without an estimate, left out of the aggregation
  e          att         se         ci_lo       ci_hi cohorts treated_states
 -5 -0.002945658 0.03585723 -0.0889667251 0.083075410       2              2
 -4 -0.012523599 0.02594240 -0.0747591009 0.049711904       2              2
 -3  0.033767372 0.01923346 -0.0123734733 0.079908218       2              2
 -2 -0.034920212 0.01762661 -0.0772062277 0.007365804       2              2
 -1  0.000000000         NA            NA          NA       4              4
  0  0.013867618 0.01062593 -0.0116238616 0.039359098       3              3
  1  0.048036485 0.02404052 -0.0096364324 0.105709403       3              3
  2  0.116597592 0.01497920  0.0806626708 0.152532514       2              2
  3  0.036852126 0.04003980 -0.0592028759 0.132907129       1              1
  4  0.100475074 0.02867996  0.0316721890 0.169277960       1              1
  5  0.025184048 0.04149975 -0.0743733504 0.124741447       1              1
  6  0.073244567 0.03031448  0.0005204843 0.145968649       1              1
  7  0.136455615 0.01747104  0.0945427993 0.178368432       1              1
  8  0.117121200 0.02851866  0.0487052811 0.185537118       1              1
 treated_units
            72
            72
            72
            72
            80
            78
            78
            49
             6
             6
             6
             6
             6
             6
overall post-reform average:
        att         se      ci_lo     ci_hi cohorts treated_states
 0.07420381 0.01439631 0.04598757 0.1024201       3              3
 treated_units
            78

== grad_hispanic_white.primary.unweighted.unbalanced: ok
did: You have an unbalanced panel. Proceeding as such. | fit_glm: fitted probabilities numerically 0 or 1 occurred | No units in group 2018 in time period 2019 | No units in group 2018 in time period 2020 | No units in group 2018 in time period 2021 | The Wald pre-test is not reported when clustering beyond the unit level (clustervars = 'state') because the analytical variance matrix does not account for between-cluster correlation. Use the bootstrap confidence intervals to assess pre-trends. | 3 group-time cells without an estimate, left out of the aggregation
  e          att         se       ci_lo        ci_hi cohorts treated_states
 -5 -0.024697761 0.03266987 -0.10012059  0.050725071       4              4
 -4 -0.023857213 0.02594615 -0.08375743  0.036043004       4              4
 -3 -0.021338185 0.03545875 -0.10319952  0.060523153       4              4
 -2 -0.021338256 0.05360719 -0.14509773  0.102421221       4              4
 -1  0.000000000         NA          NA           NA       5              5
  0  0.009541035 0.01736104 -0.03053927  0.049621343       5              5
  1 -0.032750885 0.03431204 -0.11196488  0.046463114       4              4
  2 -0.038463479 0.01991409 -0.08443786  0.007510899       3              3
  3 -0.014388250 0.07021057 -0.17647889  0.147702394       2              2
  4 -0.025338202 0.03483110 -0.10575054  0.055074132       2              2
  5  0.061766837 0.01878383  0.01840181  0.105131861       1              1
  6 -0.095809538 0.02973253 -0.16445112 -0.027167952       1              1
  7  0.009176298 0.02130110 -0.04000019  0.058352786       1              1
  8  0.092200028 0.05975008 -0.04574115  0.230141206       1              1
 treated_units
           272
           272
           272
           272
           334
           334
           219
           146
            94
            94
            62
            62
            62
            62
overall post-reform average:
          att         se       ci_lo      ci_hi cohorts treated_states
 -0.003785128 0.02080732 -0.04456672 0.03699647       5              5
 treated_units
           334

== grad_hispanic_white.primary.tested_weighted.unbalanced: ok
did: You have an unbalanced panel. Proceeding as such. | fit_glm: fitted probabilities numerically 0 or 1 occurred | No units in group 2018 in time period 2019 | No units in group 2018 in time period 2020 | No units in group 2018 in time period 2021 | The Wald pre-test is not reported when clustering beyond the unit level (clustervars = 'state') because the analytical variance matrix does not account for between-cluster correlation. Use the bootstrap confidence intervals to assess pre-trends. | 3 group-time cells without an estimate, left out of the aggregation
  e          att         se       ci_lo       ci_hi cohorts treated_states
 -5 -0.072241507 0.03425839 -0.14955134 0.005068326       4              4
 -4 -0.033873129 0.02180896 -0.08308871 0.015342454       4              4
 -3 -0.015691837 0.04250913 -0.11162086 0.080237185       4              4
 -2 -0.001340884 0.04830982 -0.11036015 0.107678380       4              4
 -1  0.000000000         NA          NA          NA       5              5
  0 -0.009850819 0.02834830 -0.07382354 0.054121904       5              5
  1 -0.018524565 0.06205597 -0.15856432 0.121515189       4              4
  2 -0.015993530 0.02991291 -0.08349705 0.051509994       3              3
  3  0.005962932 0.07992032 -0.17439075 0.186316616       2              2
  4 -0.059347918 0.07385614 -0.22601675 0.107320910       2              2
  5  0.047806445 0.03090941 -0.02194585 0.117558739       1              1
  6 -0.038726217 0.03727091 -0.12283430 0.045381869       1              1
  7 -0.027523568 0.03435167 -0.10504390 0.049996767       1              1
  8  0.064621015 0.04379105 -0.03420088 0.163442907       1              1
 treated_units
           173
           173
           173
           173
           227
           227
           137
            99
            84
            84
            54
            54
            54
            54
overall post-reform average:
          att         se       ci_lo      ci_hi cohorts treated_states
 -0.005730692 0.02975008 -0.06403978 0.05257839       5              5
 treated_units
           227

== grad_hispanic_white.primary.unweighted.balanced: ok
did: fit_glm: fitted probabilities numerically 0 or 1 occurred | The Wald pre-test is not reported when clustering beyond the unit level (clustervars = 'state') because the analytical variance matrix does not account for between-cluster correlation. Use the bootstrap confidence intervals to assess pre-trends.
  e          att         se       ci_lo        ci_hi cohorts treated_states
 -5 -0.078228506 0.08468267 -0.26843158  0.111974563       3              3
 -4 -0.060435409 0.03488500 -0.13878951  0.017918690       3              3
 -3 -0.054581014 0.05672075 -0.18197971  0.072817685       3              3
 -2 -0.061967734 0.08763403 -0.25879977  0.134864302       3              3
 -1  0.000000000         NA          NA           NA       4              4
  0 -0.042402523 0.01575588 -0.07779131 -0.007013738       4              4
  1 -0.051134034 0.04572475 -0.15383495  0.051566884       4              4
  2 -0.120076490 0.04082581 -0.21177406 -0.028378921       3              3
  3 -0.058790794 0.03906107 -0.14652464  0.028943053       2              2
  4 -0.006557283 0.06841031 -0.16021152  0.147096958       2              2
  5  0.055870818 0.06534044 -0.09088830  0.202629934       1              1
  6 -0.051396997 0.04927716 -0.16207687  0.059282879       1              1
  7 -0.002448405 0.04034114 -0.09305736  0.088160550       1              1
  8  0.043025711 0.03171259 -0.02820294  0.114254357       1              1
 treated_units
            66
            66
            66
            66
            96
            96
            96
            65
            54
            54
            30
            30
            30
            30
overall post-reform average:
      att         se       ci_lo      ci_hi cohorts treated_states
 -0.02599 0.02109101 -0.06732762 0.01534762       4              4
 treated_units
            96

== grad_hispanic_white.primary.tested_weighted.balanced: ok
did: fit_glm: fitted probabilities numerically 0 or 1 occurred | The Wald pre-test is not reported when clustering beyond the unit level (clustervars = 'state') because the analytical variance matrix does not account for between-cluster correlation. Use the bootstrap confidence intervals to assess pre-trends.
  e          att         se        ci_lo       ci_hi cohorts treated_states
 -5 -0.135460488 0.05083632 -0.251011532 -0.01990944       3              3
 -4 -0.056767199 0.02857653 -0.121721698  0.00818730       3              3
 -3 -0.102801547 0.06028913 -0.239838828  0.03423573       3              3
 -2 -0.084195038 0.07246265 -0.248902751  0.08051267       3              3
 -1  0.000000000         NA           NA          NA       4              4
  0  0.003299114 0.03992965 -0.087461053  0.09405928       4              4
  1 -0.037622805 0.06259520 -0.179901795  0.10465618       4              4
  2 -0.052371200 0.07630564 -0.225814041  0.12107164       3              3
  3 -0.025295923 0.08277703 -0.213448239  0.16285639       2              2
  4  0.026692520 0.03275307 -0.047755269  0.10114031       2              2
  5  0.099971166 0.02917221  0.033662695  0.16627964       1              1
  6 -0.012786027 0.02381283 -0.066912635  0.04134058       1              1
  7 -0.016381220 0.02379142 -0.070459153  0.03769671       1              1
  8  0.051215617 0.01977713  0.006262165  0.09616907       1              1
 treated_units
            66
            66
            66
            66
            96
            96
            96
            65
            54
            54
            30
            30
            30
            30
overall post-reform average:
         att         se       ci_lo      ci_hi cohorts treated_states
 0.004080138 0.02247807 -0.03997607 0.04813635       4              4
 treated_units
            96

== grad_black_white.r1.unweighted.unbalanced: ok
did: You have an unbalanced panel. Proceeding as such. | No units in group 2012 in time period 2021 | The Wald pre-test is not reported when clustering beyond the unit level (clustervars = 'state') because the analytical variance matrix does not account for between-cluster correlation. Use the bootstrap confidence intervals to assess pre-trends. | 1 group-time cells without an estimate, left out of the aggregation
  e        att         se      ci_lo     ci_hi cohorts treated_states
 -5         NA         NA         NA        NA       0              0
 -4         NA         NA         NA        NA       0              0
 -3         NA         NA         NA        NA       0              0
 -2         NA         NA         NA        NA       0              0
 -1 0.00000000         NA         NA        NA       1              1
  0 0.12065649 0.01468383 0.08257037 0.1587426       1              1
  1 0.07797061 0.01047764 0.05079428 0.1051469       1              1
  2 0.14279688 0.01396663 0.10657098 0.1790228       1              1
  3 0.13180210 0.02340131 0.07110504 0.1924992       1              1
  4 0.06906519 0.01912847 0.01945078 0.1186796       1              1
  5 0.13601867 0.01822342 0.08875176 0.1832856       1              1
  6 0.08357926 0.02191771 0.02673029 0.1404282       1              1
  7 0.11141680 0.02240204 0.05331159 0.1695220       1              1
  8 0.15420053 0.03102824 0.07372117 0.2346799       1              1
 treated_units
             0
             0
             0
             0
            31
            31
            31
            31
            31
            31
            31
            31
            31
            31
overall post-reform average:
       att         se      ci_lo   ci_hi cohorts treated_states treated_units
 0.1141674 0.01489448 0.08497475 0.14336       1              1            31

== grad_black_white.r1.tested_weighted.unbalanced: ok
did: You have an unbalanced panel. Proceeding as such. | No units in group 2012 in time period 2021 | The Wald pre-test is not reported when clustering beyond the unit level (clustervars = 'state') because the analytical variance matrix does not account for between-cluster correlation. Use the bootstrap confidence intervals to assess pre-trends. | 1 group-time cells without an estimate, left out of the aggregation
  e        att         se       ci_lo      ci_hi cohorts treated_states
 -5         NA         NA          NA         NA       0              0
 -4         NA         NA          NA         NA       0              0
 -3         NA         NA          NA         NA       0              0
 -2         NA         NA          NA         NA       0              0
 -1 0.00000000         NA          NA         NA       1              1
  0 0.13577740 0.01322607  0.10291289 0.16864190       1              1
  1 0.10211361 0.01047105  0.07609484 0.12813238       1              1
  2 0.09061423 0.02188383  0.03623665 0.14499181       1              1
  3 0.12668678 0.02262057  0.07047854 0.18289503       1              1
  4 0.02937597 0.02078547 -0.02227238 0.08102431       1              1
  5 0.12167663 0.02009544  0.07174289 0.17161037       1              1
  6 0.11911675 0.02288542  0.06225039 0.17598310       1              1
  7 0.12384773 0.02669408  0.05751751 0.19017795       1              1
  8 0.20900804 0.03738283  0.11611809 0.30189798       1              1
 treated_units
             0
             0
             0
             0
            26
            26
            26
            26
            26
            26
            26
            26
            26
            26
overall post-reform average:
       att        se      ci_lo     ci_hi cohorts treated_states treated_units
 0.1175797 0.0165961 0.08505193 0.1501074       1              1            26

== grad_black_white.r1.unweighted.balanced: no estimable cohort
  e att se ci_lo ci_hi cohorts treated_states treated_units
 -5  NA NA    NA    NA       0              0             0
 -4  NA NA    NA    NA       0              0             0
 -3  NA NA    NA    NA       0              0             0
 -2  NA NA    NA    NA       0              0             0
 -1  NA NA    NA    NA       0              0             0
  0  NA NA    NA    NA       0              0             0
  1  NA NA    NA    NA       0              0             0
  2  NA NA    NA    NA       0              0             0
  3  NA NA    NA    NA       0              0             0
  4  NA NA    NA    NA       0              0             0
  5  NA NA    NA    NA       0              0             0
  6  NA NA    NA    NA       0              0             0
  7  NA NA    NA    NA       0              0             0
  8  NA NA    NA    NA       0              0             0
overall post-reform average:
 att se ci_lo ci_hi cohorts treated_states treated_units
  NA NA    NA    NA       0              0             0

== grad_black_white.r1.tested_weighted.balanced: no estimable cohort
  e att se ci_lo ci_hi cohorts treated_states treated_units
 -5  NA NA    NA    NA       0              0             0
 -4  NA NA    NA    NA       0              0             0
 -3  NA NA    NA    NA       0              0             0
 -2  NA NA    NA    NA       0              0             0
 -1  NA NA    NA    NA       0              0             0
  0  NA NA    NA    NA       0              0             0
  1  NA NA    NA    NA       0              0             0
  2  NA NA    NA    NA       0              0             0
  3  NA NA    NA    NA       0              0             0
  4  NA NA    NA    NA       0              0             0
  5  NA NA    NA    NA       0              0             0
  6  NA NA    NA    NA       0              0             0
  7  NA NA    NA    NA       0              0             0
  8  NA NA    NA    NA       0              0             0
overall post-reform average:
 att se ci_lo ci_hi cohorts treated_states treated_units
  NA NA    NA    NA       0              0             0

== grad_hispanic_white.r1.unweighted.unbalanced: ok
did: You have an unbalanced panel. Proceeding as such. | No units in group 2012 in time period 2021 | The Wald pre-test is not reported when clustering beyond the unit level (clustervars = 'state') because the analytical variance matrix does not account for between-cluster correlation. Use the bootstrap confidence intervals to assess pre-trends. | 1 group-time cells without an estimate, left out of the aggregation
  e        att         se      ci_lo     ci_hi cohorts treated_states
 -5         NA         NA         NA        NA       0              0
 -4         NA         NA         NA        NA       0              0
 -3         NA         NA         NA        NA       0              0
 -2         NA         NA         NA        NA       0              0
 -1 0.00000000         NA         NA        NA       1              1
  0 0.16284402 0.01719073 0.12149281 0.2041952       1              1
  1 0.09428628 0.01577058 0.05635116 0.1322214       1              1
  2 0.06630478 0.01857067 0.02163421 0.1109753       1              1
  3 0.10634951 0.02418235 0.04818040 0.1645186       1              1
  4 0.11557981 0.01692906 0.07485804 0.1563016       1              1
  5 0.09814961 0.02251824 0.04398341 0.1523158       1              1
  6 0.21536077 0.02199469 0.16245396 0.2682676       1              1
  7 0.13950145 0.01921581 0.09327903 0.1857239       1              1
  8 0.22328500 0.03222292 0.14577482 0.3007952       1              1
 treated_units
             0
             0
             0
             0
           104
           104
           104
           104
           104
           104
           104
           104
           104
           104
overall post-reform average:
       att         se     ci_lo     ci_hi cohorts treated_states treated_units
 0.1357401 0.01429952 0.1077136 0.1637667       1              1           104

== grad_hispanic_white.r1.tested_weighted.unbalanced: ok
did: You have an unbalanced panel. Proceeding as such. | No units in group 2012 in time period 2021 | The Wald pre-test is not reported when clustering beyond the unit level (clustervars = 'state') because the analytical variance matrix does not account for between-cluster correlation. Use the bootstrap confidence intervals to assess pre-trends. | 1 group-time cells without an estimate, left out of the aggregation
  e        att         se        ci_lo      ci_hi cohorts treated_states
 -5         NA         NA           NA         NA       0              0
 -4         NA         NA           NA         NA       0              0
 -3         NA         NA           NA         NA       0              0
 -2         NA         NA           NA         NA       0              0
 -1 0.00000000         NA           NA         NA       1              1
  0 0.12178756 0.01389087  0.088831302 0.15474381       1              1
  1 0.05167494 0.01461268  0.017006197 0.08634369       1              1
  2 0.00200966 0.02244461 -0.051240424 0.05525974       1              1
  3 0.01058878 0.01666682 -0.028953446 0.05013100       1              1
  4 0.08824570 0.02058687  0.039403120 0.13708829       1              1
  5 0.06400848 0.02612853  0.002018257 0.12599870       1              1
  6 0.22240100 0.02556057  0.161758264 0.28304374       1              1
  7 0.07501256 0.02380448  0.018536172 0.13148894       1              1
  8 0.16054321 0.03006879  0.089204678 0.23188174       1              1
 treated_units
             0
             0
             0
             0
            66
            66
            66
            66
            66
            66
            66
            66
            66
            66
overall post-reform average:
        att         se      ci_lo     ci_hi cohorts treated_states
 0.08847465 0.01719748 0.05476821 0.1221811       1              1
 treated_units
            66

== grad_hispanic_white.r1.unweighted.balanced: no estimable cohort
  e att se ci_lo ci_hi cohorts treated_states treated_units
 -5  NA NA    NA    NA       0              0             0
 -4  NA NA    NA    NA       0              0             0
 -3  NA NA    NA    NA       0              0             0
 -2  NA NA    NA    NA       0              0             0
 -1  NA NA    NA    NA       0              0             0
  0  NA NA    NA    NA       0              0             0
  1  NA NA    NA    NA       0              0             0
  2  NA NA    NA    NA       0              0             0
  3  NA NA    NA    NA       0              0             0
  4  NA NA    NA    NA       0              0             0
  5  NA NA    NA    NA       0              0             0
  6  NA NA    NA    NA       0              0             0
  7  NA NA    NA    NA       0              0             0
  8  NA NA    NA    NA       0              0             0
overall post-reform average:
 att se ci_lo ci_hi cohorts treated_states treated_units
  NA NA    NA    NA       0              0             0

== grad_hispanic_white.r1.tested_weighted.balanced: no estimable cohort
  e att se ci_lo ci_hi cohorts treated_states treated_units
 -5  NA NA    NA    NA       0              0             0
 -4  NA NA    NA    NA       0              0             0
 -3  NA NA    NA    NA       0              0             0
 -2  NA NA    NA    NA       0              0             0
 -1  NA NA    NA    NA       0              0             0
  0  NA NA    NA    NA       0              0             0
  1  NA NA    NA    NA       0              0             0
  2  NA NA    NA    NA       0              0             0
  3  NA NA    NA    NA       0              0             0
  4  NA NA    NA    NA       0              0             0
  5  NA NA    NA    NA       0              0             0
  6  NA NA    NA    NA       0              0             0
  7  NA NA    NA    NA       0              0             0
  8  NA NA    NA    NA       0              0             0
overall post-reform average:
 att se ci_lo ci_hi cohorts treated_states treated_units
  NA NA    NA    NA       0              0             0

== grad_black_white.r2.unweighted.unbalanced: ok
did: You have an unbalanced panel. Proceeding as such. | Some groups in your dataset have very few observations, which may cause estimation problems.
  Check groups: 2019. | fit_glm: fitted probabilities numerically 0 or 1 occurred | Error computing internal 2x2 DiD for (g, t) = (2019, 2020): The regression design matrix for post-treatment is singular. Consider removing some covariates.. The ATT for this cell will be set to NA. | The Wald pre-test is not reported when clustering beyond the unit level (clustervars = 'state') because the analytical variance matrix does not account for between-cluster correlation. Use the bootstrap confidence intervals to assess pre-trends. | The simultaneous confidence band is narrower than the pointwise confidence interval, which is unexpected. Falling back to pointwise confidence intervals. | 1 group-time cells without an estimate, left out of the aggregation
  e         att         se       ci_lo      ci_hi cohorts treated_states
 -5  0.02819550 0.03655373 -0.04344850 0.09983950       1              1
 -4  2.46633093 0.05731157  2.35400232 2.57865953       1              1
 -3 -0.11512650 0.09704165 -0.30532464 0.07507164       1              1
 -2 -0.04900920 0.04017343 -0.12774768 0.02972928       1              1
 -1  0.00000000         NA          NA         NA       1              1
  0  1.01005909 0.10837132  0.79765520 1.22246299       1              1
  1          NA         NA          NA         NA       0              0
  2  0.06473852 0.05680918 -0.04660544 0.17608247       1              1
  3          NA         NA          NA         NA       0              0
  4          NA         NA          NA         NA       0              0
  5          NA         NA          NA         NA       0              0
  6          NA         NA          NA         NA       0              0
  7          NA         NA          NA         NA       0              0
  8          NA         NA          NA         NA       0              0
 treated_units
             6
             6
             6
             6
             6
             6
             0
             6
             0
             0
             0
             0
             0
             0
overall post-reform average:
       att         se     ci_lo     ci_hi cohorts treated_states treated_units
 0.5373988 0.08299872 0.3747243 0.7000733       1              1             6

== grad_black_white.r2.tested_weighted.unbalanced: ok
did: You have an unbalanced panel. Proceeding as such. | Some groups in your dataset have very few observations, which may cause estimation problems.
  Check groups: 2019. | fit_glm: fitted probabilities numerically 0 or 1 occurred | Error computing internal 2x2 DiD for (g, t) = (2019, 2020): The regression design matrix for post-treatment is singular. Consider removing some covariates.. The ATT for this cell will be set to NA. | The Wald pre-test is not reported when clustering beyond the unit level (clustervars = 'state') because the analytical variance matrix does not account for between-cluster correlation. Use the bootstrap confidence intervals to assess pre-trends. | 1 group-time cells without an estimate, left out of the aggregation
  e         att         se       ci_lo     ci_hi cohorts treated_states
 -5  0.09103949 0.03545031  0.02033316 0.1617458       1              1
 -4  1.14531243 0.11269254  0.92054494 1.3700799       1              1
 -3 -0.06969714 0.07032272 -0.20995719 0.0705629       1              1
 -2  0.16606735 0.10707826 -0.04750233 0.3796370       1              1
 -1  0.00000000         NA          NA        NA       1              1
  0  0.28362141 0.18104684 -0.07748006 0.6447229       1              1
  1          NA         NA          NA        NA       0              0
  2 -0.02083731 0.06619267 -0.15285989 0.1111853       1              1
  3          NA         NA          NA        NA       0              0
  4          NA         NA          NA        NA       0              0
  5          NA         NA          NA        NA       0              0
  6          NA         NA          NA        NA       0              0
  7          NA         NA          NA        NA       0              0
  8          NA         NA          NA        NA       0              0
 treated_units
             6
             6
             6
             6
             6
             6
             0
             6
             0
             0
             0
             0
             0
             0
overall post-reform average:
      att        se      ci_lo     ci_hi cohorts treated_states treated_units
 0.131392 0.1272945 -0.1181005 0.3808846       1              1             6

== grad_black_white.r2.unweighted.balanced: error: No valid att_gt() estimates found for this aggregation. This may happen if all estimates for a particular group or time period are NA.
did: Some groups in your dataset have very few observations, which may cause estimation problems.
  Check groups: 2019. | fit_glm: fitted probabilities numerically 0 or 1 occurred | overlap condition violated for group 2019 in time period 2011 | overlap condition violated for group 2019 in time period 2012 | overlap condition violated for group 2019 in time period 2013 | overlap condition violated for group 2019 in time period 2014 | overlap condition violated for group 2019 in time period 2015 | overlap condition violated for group 2019 in time period 2016 | overlap condition violated for group 2019 in time period 2017 | overlap condition violated for group 2019 in time period 2019 | overlap condition violated for group 2019 in time period 2020 | overlap condition violated for group 2019 in time period 2021 | The Wald pre-test is not reported when clustering beyond the unit level (clustervars = 'state') because the analytical variance matrix does not account for between-cluster correlation. Use the bootstrap confidence intervals to assess pre-trends. | Simultaneous critical value is NA, likely because the standard errors could not be computed. Falling back to pointwise confidence intervals.
  e att se ci_lo ci_hi cohorts treated_states treated_units
 -5  NA NA    NA    NA       0              0             0
 -4  NA NA    NA    NA       0              0             0
 -3  NA NA    NA    NA       0              0             0
 -2  NA NA    NA    NA       0              0             0
 -1  NA NA    NA    NA       0              0             0
  0  NA NA    NA    NA       0              0             0
  1  NA NA    NA    NA       0              0             0
  2  NA NA    NA    NA       0              0             0
  3  NA NA    NA    NA       0              0             0
  4  NA NA    NA    NA       0              0             0
  5  NA NA    NA    NA       0              0             0
  6  NA NA    NA    NA       0              0             0
  7  NA NA    NA    NA       0              0             0
  8  NA NA    NA    NA       0              0             0
overall post-reform average:
 att se ci_lo ci_hi cohorts treated_states treated_units
  NA NA    NA    NA       0              0             0

== grad_black_white.r2.tested_weighted.balanced: error: No valid att_gt() estimates found for this aggregation. This may happen if all estimates for a particular group or time period are NA.
did: Some groups in your dataset have very few observations, which may cause estimation problems.
  Check groups: 2019. | fit_glm: fitted probabilities numerically 0 or 1 occurred | overlap condition violated for group 2019 in time period 2011 | overlap condition violated for group 2019 in time period 2012 | overlap condition violated for group 2019 in time period 2013 | overlap condition violated for group 2019 in time period 2014 | overlap condition violated for group 2019 in time period 2015 | overlap condition violated for group 2019 in time period 2016 | overlap condition violated for group 2019 in time period 2017 | overlap condition violated for group 2019 in time period 2019 | overlap condition violated for group 2019 in time period 2020 | overlap condition violated for group 2019 in time period 2021 | The Wald pre-test is not reported when clustering beyond the unit level (clustervars = 'state') because the analytical variance matrix does not account for between-cluster correlation. Use the bootstrap confidence intervals to assess pre-trends. | Simultaneous critical value is NA, likely because the standard errors could not be computed. Falling back to pointwise confidence intervals.
  e att se ci_lo ci_hi cohorts treated_states treated_units
 -5  NA NA    NA    NA       0              0             0
 -4  NA NA    NA    NA       0              0             0
 -3  NA NA    NA    NA       0              0             0
 -2  NA NA    NA    NA       0              0             0
 -1  NA NA    NA    NA       0              0             0
  0  NA NA    NA    NA       0              0             0
  1  NA NA    NA    NA       0              0             0
  2  NA NA    NA    NA       0              0             0
  3  NA NA    NA    NA       0              0             0
  4  NA NA    NA    NA       0              0             0
  5  NA NA    NA    NA       0              0             0
  6  NA NA    NA    NA       0              0             0
  7  NA NA    NA    NA       0              0             0
  8  NA NA    NA    NA       0              0             0
overall post-reform average:
 att se ci_lo ci_hi cohorts treated_states treated_units
  NA NA    NA    NA       0              0             0

== grad_hispanic_white.r2.unweighted.unbalanced: ok
did: You have an unbalanced panel. Proceeding as such. | fit_glm: fitted probabilities numerically 0 or 1 occurred | The Wald pre-test is not reported when clustering beyond the unit level (clustervars = 'state') because the analytical variance matrix does not account for between-cluster correlation. Use the bootstrap confidence intervals to assess pre-trends.
  e          att         se       ci_lo      ci_hi cohorts treated_states
 -5  0.044371201 0.02657952 -0.01066116 0.09940356       1              1
 -4  0.099027533 0.03326303  0.03015710 0.16789796       1              1
 -3  0.005788689 0.01755512 -0.03055884 0.04213621       1              1
 -2 -0.004642573 0.05773016 -0.12417171 0.11488656       1              1
 -1  0.000000000         NA          NA         NA       1              1
  0 -0.011908133 0.02730028 -0.06843282 0.04461656       1              1
  1 -0.029280494 0.03626645 -0.10436946 0.04580847       1              1
  2  0.086934845 0.02503853  0.03509307 0.13877662       1              1
  3           NA         NA          NA         NA       0              0
  4           NA         NA          NA         NA       0              0
  5           NA         NA          NA         NA       0              0
  6           NA         NA          NA         NA       0              0
  7           NA         NA          NA         NA       0              0
  8           NA         NA          NA         NA       0              0
 treated_units
            32
            32
            32
            32
            32
            32
            32
            32
             0
             0
             0
             0
             0
             0
overall post-reform average:
        att         se       ci_lo      ci_hi cohorts treated_states
 0.01524874 0.02898528 -0.04156136 0.07205884       1              1
 treated_units
            32

== grad_hispanic_white.r2.tested_weighted.unbalanced: ok
did: You have an unbalanced panel. Proceeding as such. | fit_glm: fitted probabilities numerically 0 or 1 occurred | The Wald pre-test is not reported when clustering beyond the unit level (clustervars = 'state') because the analytical variance matrix does not account for between-cluster correlation. Use the bootstrap confidence intervals to assess pre-trends.
  e         att          se       ci_lo       ci_hi cohorts treated_states
 -5  0.04744303 0.048970606 -0.05426805  0.14915411       1              1
 -4  0.11518361 0.031364619  0.05003986  0.18032737       1              1
 -3  0.04436026 0.008225253  0.02727655  0.06144396       1              1
 -2 -0.06435422 0.048624787 -0.16534704  0.03663859       1              1
 -1  0.00000000          NA          NA          NA       1              1
  0 -0.03104596 0.024902768 -0.08276857  0.02067665       1              1
  1 -0.16317327 0.029978979 -0.22543908 -0.10090747       1              1
  2 -0.06605946 0.013366431 -0.09382130 -0.03829762       1              1
  3          NA          NA          NA          NA       0              0
  4          NA          NA          NA          NA       0              0
  5          NA          NA          NA          NA       0              0
  6          NA          NA          NA          NA       0              0
  7          NA          NA          NA          NA       0              0
  8          NA          NA          NA          NA       0              0
 treated_units
            30
            30
            30
            30
            30
            30
            30
            30
             0
             0
             0
             0
             0
             0
overall post-reform average:
         att         se      ci_lo       ci_hi cohorts treated_states
 -0.08675957 0.01138393 -0.1090716 -0.06444748       1              1
 treated_units
            30

== grad_hispanic_white.r2.unweighted.balanced: ok
did: The Wald pre-test is not reported when clustering beyond the unit level (clustervars = 'state') because the analytical variance matrix does not account for between-cluster correlation. Use the bootstrap confidence intervals to assess pre-trends. | The simultaneous confidence band is narrower than the pointwise confidence interval, which is unexpected. Falling back to pointwise confidence intervals.
  e         att         se       ci_lo      ci_hi cohorts treated_states
 -5  0.04954557 0.06074820 -0.06951872 0.16860986       1              1
 -4  0.08763757 0.06040937 -0.03076262 0.20603775       1              1
 -3  0.03849830 0.03432842 -0.02878418 0.10578077       1              1
 -2 -0.04244176 0.06207486 -0.16410624 0.07922272       1              1
 -1  0.00000000         NA          NA         NA       1              1
  0 -0.04981762 0.05931952 -0.16608174 0.06644649       1              1
  1 -0.07335805 0.05364231 -0.17849505 0.03177895       1              1
  2  0.10045276 0.06006223 -0.01726705 0.21817256       1              1
  3          NA         NA          NA         NA       0              0
  4          NA         NA          NA         NA       0              0
  5          NA         NA          NA         NA       0              0
  6          NA         NA          NA         NA       0              0
  7          NA         NA          NA         NA       0              0
  8          NA         NA          NA         NA       0              0
 treated_units
            24
            24
            24
            24
            24
            24
            24
            24
             0
             0
             0
             0
             0
             0
overall post-reform average:
          att         se       ci_lo      ci_hi cohorts treated_states
 -0.007574305 0.04684801 -0.09939472 0.08424611       1              1
 treated_units
            24

== grad_hispanic_white.r2.tested_weighted.balanced: ok
did: The Wald pre-test is not reported when clustering beyond the unit level (clustervars = 'state') because the analytical variance matrix does not account for between-cluster correlation. Use the bootstrap confidence intervals to assess pre-trends. | The simultaneous confidence band is narrower than the pointwise confidence interval, which is unexpected. Falling back to pointwise confidence intervals.
  e         att         se       ci_lo      ci_hi cohorts treated_states
 -5  0.07461754 0.05853076 -0.04010064 0.18933572       1              1
 -4  0.11279387 0.05222836  0.01042816 0.21515958       1              1
 -3  0.06237182 0.08454548 -0.10333427 0.22807792       1              1
 -2  0.02798074 0.04218291 -0.05469625 0.11065772       1              1
 -1  0.00000000         NA          NA         NA       1              1
  0 -0.02780225 0.11123491 -0.24581867 0.19021417       1              1
  1 -0.14345342 0.09210432 -0.32397456 0.03706772       1              1
  2  0.07549015 0.09547583 -0.11163904 0.26261934       1              1
  3          NA         NA          NA         NA       0              0
  4          NA         NA          NA         NA       0              0
  5          NA         NA          NA         NA       0              0
  6          NA         NA          NA         NA       0              0
  7          NA         NA          NA         NA       0              0
  8          NA         NA          NA         NA       0              0
 treated_units
            24
            24
            24
            24
            24
            24
            24
            24
             0
             0
             0
             0
             0
             0
overall post-reform average:
         att         se     ci_lo     ci_hi cohorts treated_states
 -0.03192184 0.09130789 -0.210882 0.1470383       1              1
 treated_units
            24

Wrote outputs/05_primary/graduation/event_time_estimates.csv, outputs/05_primary/graduation/overall_estimates.csv, outputs/05_primary/graduation/group_time_estimates.csv, outputs/05_primary/graduation/model_status.csv, outputs/05_primary/graduation/panel_counts.csv, outputs/05_primary/graduation/cs_models.rds
24 graduation models (3 event sets x 2 panel rules); models that stopped with an error: 2. Status per model: outputs/05_primary/graduation/model_status.csv
Log: outputs/logs/05_primary_graduation_20260912T214311Z.log
