Step 6 secondary estimators (achievement), run 20260912T215122Z; stage 2; blinding PERMUTED; fixest 0.14.2, didimputation 0.5.1, synthdid 0.0.9
Console: panel sizes only. Cohort counts, estimates and model status: outputs/06_secondary and outputs/logs/06_secondary_20260912T215122Z.log
Covariates for the 3255 districts in the gap (b)/(c) file; district-year flags: 205570 district-years (test_replaced, cep); gap (a): state-year test_replaced and CEP share

== Panels (the step 5 balanced panels), primary suppression sample, achievement
a_poverty           primary    20 states    in 20 states
b_black_white       primary    69 districts in  9 states
c_hispanic_white    primary    35 districts in 12 states

== Units, states, cohorts and observations in each model (panel_counts.csv)
   estimator              gap event_set    panel     unit units_in_model
 sun_abraham        a_poverty   primary balanced    state             20
  imputation        a_poverty   primary balanced    state             20
    synthdid        a_poverty   primary balanced    state             20
     stacked        a_poverty   primary balanced    state             20
        twfe        a_poverty   primary balanced    state             20
 twfe_static        a_poverty   primary balanced    state             20
 sun_abraham    b_black_white   primary balanced district             69
  imputation    b_black_white   primary balanced district             69
    synthdid    b_black_white   primary balanced    state              9
     stacked    b_black_white   primary balanced district             69
        twfe    b_black_white   primary balanced district             69
 twfe_static    b_black_white   primary balanced district             69
 sun_abraham c_hispanic_white   primary balanced district             35
  imputation c_hispanic_white   primary balanced district             35
    synthdid c_hispanic_white   primary balanced    state             12
     stacked c_hispanic_white   primary balanced district             35
        twfe c_hispanic_white   primary balanced district             35
 twfe_static c_hispanic_white   primary balanced district             35
 states_in_model cohorts_in_model treated_units control_units obs
              20                4             4            16 220
              20                4             4            16 220
              20                4             4            16 220
              20                4             4            19 517
              20                4             4            16 220
              20                4             4            16 220
               9                2            20            49 759
               9                2            20            49 759
               9                2             2             7  99
               9                2            20            49 879
               9                2            20            49 759
               9                2            20            49 759
              12                3            10            25 385
              12                3            10            25 385
              12                3             3             9 132
              12                3            10            25 601
              12                3            10            25 385
              12                3            10            25 385

== sun_abraham.a_poverty.primary: ok
  e           att         se        ci_lo       ci_hi cohorts treated_states
 -5  0.1516004467 0.05790956  0.038099804  0.26510109       3              3
 -4  0.1081549448 0.02874645  0.051812946  0.16449694       3              3
 -3  0.0057593500 0.03442812 -0.061718521  0.07323722       3              3
 -2  0.0003982301 0.01189747 -0.022920375  0.02371684       4              4
 -1  0.0000000000         NA           NA          NA       4              4
  0  0.0127222620 0.01958332 -0.025660335  0.05110486       3              3
  1  0.0485742792 0.01940497  0.010541241  0.08660732       3              3
  2  0.0606468846 0.02687264  0.007977477  0.11331629       2              2
  3  0.0557572041 0.03161560 -0.006208242  0.11772265       2              2
  4  0.1539366346 0.06171677  0.032973989  0.27489928       1              1
  5  0.3786113994 0.07111921  0.239220303  0.51800250       1              1
  6 -0.1424904079 0.06464049 -0.269183436 -0.01579738       1              1
  7  0.1710044220 0.05897770  0.055410263  0.28659858       1              1
  8            NA         NA           NA          NA       0              0
 treated_units
             3
             3
             3
             4
             4
             3
             3
             2
             2
             1
             1
             1
             1
             0
overall post-reform average:
        att         se      ci_lo     ci_hi cohorts treated_states
 0.09234533 0.03323877 0.02719855 0.1574921       4              4
 treated_units
             4

== imputation.a_poverty.primary: ok
  e          att         se        ci_lo       ci_hi cohorts treated_states
 -5  0.104676839 0.04540296  0.015688674  0.19366500       3              3
 -4  0.073928657 0.05401156 -0.031932063  0.17978938       3              3
 -3 -0.021472079 0.06215182 -0.143287400  0.10034324       3              3
 -2 -0.025702086 0.07184704 -0.166519688  0.11511552       4              4
 -1  0.000000000         NA           NA          NA       4              4
  0 -0.005963967 0.02347389 -0.051971944  0.04004401       3              3
  1  0.011454399 0.02079287 -0.029298879  0.05220768       3              3
  2  0.041693769 0.02470223 -0.006721712  0.09010925       2              2
  3  0.038102279 0.03457667 -0.029666744  0.10587130       2              2
  4  0.137412109 0.04612494  0.047008893  0.22781533       1              1
  5  0.393879454 0.04498154  0.305717263  0.48204164       1              1
  6 -0.137980851 0.04671603 -0.229542595 -0.04641911       1              1
  7  0.176080086 0.04142062  0.094897157  0.25726302       1              1
  8           NA         NA           NA          NA       0              0
 treated_units
             3
             3
             3
             4
             4
             3
             3
             2
             2
             1
             1
             1
             1
             0
overall post-reform average:
        att         se     ci_lo    ci_hi cohorts treated_states treated_units
 0.08183466 0.02988389 0.0232633 0.140406       4              4             4

== synthdid.a_poverty.primary: ok
  e         att         se       ci_lo      ci_hi cohorts treated_states
 -5          NA         NA          NA         NA       0              0
 -4          NA         NA          NA         NA       0              0
 -3          NA         NA          NA         NA       0              0
 -2          NA         NA          NA         NA       0              0
 -1          NA         NA          NA         NA       0              0
  0 -0.02011665 0.04856951 -0.11531114 0.07507784       3              3
  1  0.03170365 0.08206379 -0.12913842 0.19254572       3              3
  2  0.05616053 0.11927216 -0.17760862 0.28992968       2              2
  3  0.05247081 0.13750874 -0.21704136 0.32198299       2              2
  4  0.15371662 0.21536917 -0.26839919 0.57583244       1              1
  5  0.41041466 0.19568100  0.02688695 0.79394238       1              1
  6 -0.11262708 0.22205908 -0.54785488 0.32260072       1              1
  7  0.20530776 0.18248718 -0.15236055 0.56297606       1              1
  8          NA         NA          NA         NA       0              0
 treated_units
             0
             0
             0
             0
             0
             3
             3
             2
             2
             1
             1
             1
             1
             0
overall post-reform average:
        att        se     ci_lo     ci_hi cohorts treated_states treated_units
 0.09712879 0.1191847 -0.136469 0.3307265       4              4             4
synthdid pooled ATT:
        att         se      ci_lo     ci_hi cohorts treated_states
 0.04183565 0.09228558 -0.1390408 0.2227121       4              4

== stacked.a_poverty.primary: ok
  e          att         se       ci_lo      ci_hi cohorts treated_states
 -5  0.126540094 0.05860935  0.01166788 0.24141231       3              3
 -4  0.107382200 0.06112173 -0.01241419 0.22717859       3              3
 -3  0.019425232 0.04901101 -0.07663458 0.11548504       3              3
 -2 -0.007171803 0.04656785 -0.09844311 0.08409950       4              4
 -1  0.000000000         NA          NA         NA       4              4
  0  0.018682235 0.03934559 -0.05843371 0.09579818       3              3
  1  0.017696422 0.03175205 -0.04453645 0.07992930       3              3
  2  0.074836675 0.02745441  0.02102701 0.12864634       2              2
  3  0.044724566 0.08330845 -0.11855700 0.20800613       2              2
  4  0.120143273 0.04164358  0.03852335 0.20176320       1              1
  5  0.387173969 0.04151353  0.30580895 0.46853899       1              1
  6           NA         NA          NA         NA       0              0
  7           NA         NA          NA         NA       0              0
  8           NA         NA          NA         NA       0              0
 treated_units
             3
             3
             3
             4
             4
             3
             3
             2
             2
             1
             1
             0
             0
             0
overall post-reform average:
       att         se      ci_lo     ci_hi cohorts treated_states treated_units
 0.1105429 0.02567431 0.06022214 0.1608636       4              4             4

== twfe.a_poverty.primary: ok
  e          att         se        ci_lo       ci_hi cohorts treated_states
 -5  0.156675884 0.05716651  0.044631578  0.26872019       3              3
 -4  0.108174657 0.05996131 -0.009347345  0.22569666       3              3
 -3  0.002761949 0.04950882 -0.094273550  0.09979745       3              3
 -2 -0.003445864 0.05341996 -0.108147066  0.10125534       4              4
 -1  0.000000000         NA           NA          NA       4              4
  0  0.019640844 0.04810771 -0.074648543  0.11393023       3              3
  1  0.040451373 0.03520214 -0.028543562  0.10944631       3              3
  2  0.073985761 0.02566980  0.023673877  0.12429764       2              2
  3  0.051270090 0.08006110 -0.105646776  0.20818696       2              2
  4  0.128674453 0.04802825  0.034540819  0.22280809       1              1
  5  0.363570635 0.05288486  0.259918209  0.46722306       1              1
  6 -0.162597739 0.05519680 -0.270781475 -0.05441400       1              1
  7  0.157105156 0.04594410  0.067056368  0.24715394       1              1
  8           NA         NA           NA          NA       0              0
 treated_units
             3
             3
             3
             4
             4
             3
             3
             2
             2
             1
             1
             1
             1
             0
overall post-reform average:
        att         se      ci_lo     ci_hi cohorts treated_states
 0.08401257 0.03207962 0.02113767 0.1468875       4              4
 treated_units
             4

== twfe_static.a_poverty.primary: ok
[1] NA NA NA NA NA NA NA NA
overall post-reform average:
        att         se       ci_lo      ci_hi cohorts treated_states
 0.01839381 0.03657377 -0.05328946 0.09007708       4              4
 treated_units
             4

== sun_abraham.b_black_white.primary: ok
  e         att         se         ci_lo       ci_hi cohorts treated_states
 -5  0.02863703 0.03164593 -0.0333878614 0.090661914       2              2
 -4  0.03952054 0.01860544  0.0030545377 0.075986539       2              2
 -3  0.05139898 0.02618870  0.0000700854 0.102727884       2              2
 -2 -0.02504085 0.02179355 -0.0677554247 0.017673718       2              2
 -1  0.00000000         NA            NA          NA       2              2
  0  0.08798945 0.03337676  0.0225722098 0.153406691       2              2
  1 -0.11179525 0.05841803 -0.2262924802 0.002701976       1              1
  2  0.10146761 0.05217663 -0.0007966979 0.203731927       1              1
  3  0.08452655 0.04873187 -0.0109861592 0.180039249       1              1
  4          NA         NA            NA          NA       0              0
  5          NA         NA            NA          NA       0              0
  6          NA         NA            NA          NA       0              0
  7          NA         NA            NA          NA       0              0
  8          NA         NA            NA          NA       0              0
 treated_units
            20
            20
            20
            20
            20
            20
             4
            16
             4
             0
             0
             0
             0
             0
overall post-reform average:
        att         se      ci_lo    ci_hi cohorts treated_states treated_units
 0.04054709 0.03614704 -0.0302998 0.111394       2              2            20

== imputation.b_black_white.primary: ok
  e          att         se       ci_lo       ci_hi cohorts treated_states
 -5  0.043527735 0.03641236 -0.02783917  0.11489464       2              2
 -4  0.024544978 0.04286808 -0.05947492  0.10856487       2              2
 -3  0.044491939 0.06560497 -0.08409145  0.17307532       2              2
 -2 -0.004653628 0.08088886 -0.16319287  0.15388562       2              2
 -1  0.000000000         NA          NA          NA       2              2
  0  0.072511492 0.02682678  0.01993197  0.12509102       2              2
  1 -0.206204631 0.06906968 -0.34157871 -0.07083055       1              1
  2  0.114365332 0.02506030  0.06524805  0.16348262       1              1
  3 -0.035503263 0.04403922 -0.12181854  0.05081201       1              1
  4           NA         NA          NA          NA       0              0
  5           NA         NA          NA          NA       0              0
  6           NA         NA          NA          NA       0              0
  7           NA         NA          NA          NA       0              0
  8           NA         NA          NA          NA       0              0
 treated_units
            20
            20
            20
            20
            20
            20
             4
            16
             4
             0
             0
             0
             0
             0
overall post-reform average:
         att         se       ci_lo      ci_hi cohorts treated_states
 -0.01370777 0.03304025 -0.07846548 0.05104994       2              2
 treated_units
            20

== synthdid.b_black_white.primary: ok
  e         att        se      ci_lo     ci_hi cohorts treated_states
 -5          NA        NA         NA        NA       0              0
 -4          NA        NA         NA        NA       0              0
 -3          NA        NA         NA        NA       0              0
 -2          NA        NA         NA        NA       0              0
 -1          NA        NA         NA        NA       0              0
  0  0.04673960 0.1295893 -0.2072508 0.3007300       2              2
  1 -0.15727529 0.1969663 -0.5433222 0.2287716       1              1
  2  0.03879209 0.1444902 -0.2444036 0.3219878       1              1
  3 -0.02170222 0.1145216 -0.2461605 0.2027561       1              1
  4          NA        NA         NA        NA       0              0
  5          NA        NA         NA        NA       0              0
  6          NA        NA         NA        NA       0              0
  7          NA        NA         NA        NA       0              0
  8          NA        NA         NA        NA       0              0
 treated_units
             0
             0
             0
             0
             0
             2
             1
             1
             1
             0
             0
             0
             0
             0
overall post-reform average:
         att        se      ci_lo     ci_hi cohorts treated_states
 -0.02336146 0.1065483 -0.2321923 0.1854694       2              2
 treated_units
             2
synthdid pooled ATT:
          att        se     ci_lo     ci_hi cohorts treated_states
 -0.009341246 0.1061105 -0.217314 0.1986315       2              2

== stacked.b_black_white.primary: ok
  e         att         se        ci_lo       ci_hi cohorts treated_states
 -5  0.02932898 0.04743921 -0.063650168  0.12230813       2              2
 -4  0.09068459 0.03172245  0.028509737  0.15285944       2              2
 -3  0.07350965 0.03963453 -0.004172611  0.15119191       2              2
 -2 -0.04814308 0.05511145 -0.156159544  0.05987339       2              2
 -1  0.00000000         NA           NA          NA       2              2
  0  0.07420771 0.03951152 -0.003233436  0.15164886       2              2
  1 -0.32762192 0.09486088 -0.513545825 -0.14169801       1              1
  2  0.12364928 0.05369274  0.018413455  0.22888511       1              1
  3 -0.05495276 0.06186222 -0.176200481  0.06629495       1              1
  4          NA         NA           NA          NA       0              0
  5          NA         NA           NA          NA       0              0
  6          NA         NA           NA          NA       0              0
  7          NA         NA           NA          NA       0              0
  8          NA         NA           NA          NA       0              0
 treated_units
            20
            20
            20
            20
            20
            20
             4
            16
             4
             0
             0
             0
             0
             0
overall post-reform average:
         att         se      ci_lo      ci_hi cohorts treated_states
 -0.04617942 0.04987884 -0.1439402 0.05158132       2              2
 treated_units
            20

== twfe.b_black_white.primary: ok
  e         att         se       ci_lo       ci_hi cohorts treated_states
 -5  0.02654515 0.02957508 -0.03142095  0.08451125       2              2
 -4  0.01351122 0.02368122 -0.03290311  0.05992555       2              2
 -3  0.03476704 0.07097350 -0.10433847  0.17387254       2              2
 -2 -0.01369372 0.08080024 -0.17205927  0.14467184       2              2
 -1  0.00000000         NA          NA          NA       2              2
  0  0.08200628 0.03446874  0.01444880  0.14956376       2              2
  1 -0.21995360 0.07398578 -0.36496306 -0.07494414       1              1
  2  0.12312988 0.04750564  0.03002054  0.21623923       1              1
  3 -0.02177672 0.05046772 -0.12069164  0.07713819       1              1
  4          NA         NA          NA          NA       0              0
  5          NA         NA          NA          NA       0              0
  6          NA         NA          NA          NA       0              0
  7          NA         NA          NA          NA       0              0
  8          NA         NA          NA          NA       0              0
 treated_units
            20
            20
            20
            20
            20
            20
             4
            16
             4
             0
             0
             0
             0
             0
overall post-reform average:
          att         se      ci_lo      ci_hi cohorts treated_states
 -0.009148539 0.04351205 -0.0944306 0.07613352       2              2
 treated_units
            20

== twfe_static.b_black_white.primary: ok
[1] NA NA NA NA NA NA NA NA
overall post-reform average:
        att         se       ci_lo     ci_hi cohorts treated_states
 0.07462882 0.05098894 -0.02530767 0.1745653       2              2
 treated_units
            20

== sun_abraham.c_hispanic_white.primary: ok
  e         att         se       ci_lo     ci_hi cohorts treated_states
 -5  0.09341514 0.10196852 -0.10643950 0.2932698       3              3
 -4  0.16704193 0.09706531 -0.02320258 0.3572864       3              3
 -3  0.27224825 0.04947582  0.17527741 0.3692191       3              3
 -2  0.28039535 0.08427988  0.11520982 0.4455809       3              3
 -1  0.00000000         NA          NA        NA       3              3
  0  0.06945914 0.05763990 -0.04351299 0.1824313       2              2
  1 -0.01741124 0.08194804 -0.17802645 0.1432040       2              2
  2  0.19617442 0.05160555  0.09502941 0.2973194       1              1
  3  0.10908846 0.08429156 -0.05611996 0.2742969       1              1
  4          NA         NA          NA        NA       0              0
  5          NA         NA          NA        NA       0              0
  6          NA         NA          NA        NA       0              0
  7          NA         NA          NA        NA       0              0
  8          NA         NA          NA        NA       0              0
 treated_units
            10
            10
            10
            10
            10
             9
             8
             2
             7
             0
             0
             0
             0
             0
overall post-reform average:
        att         se       ci_lo     ci_hi cohorts treated_states
 0.08932769 0.06129264 -0.03080367 0.2094591       3              3
 treated_units
            10

== imputation.c_hispanic_white.primary: ok
  e         att         se       ci_lo        ci_hi cohorts treated_states
 -5 -0.04462044 0.11182697 -0.26379728  0.174556404       3              3
 -4  0.02116471 0.08043163 -0.13647838  0.178807807       3              3
 -3  0.10644239 0.09078442 -0.07149180  0.284376573       3              3
 -2  0.10486406 0.18334808 -0.25449158  0.464219699       3              3
 -1  0.00000000         NA          NA           NA       3              3
  0 -0.04444784 0.03624175 -0.11548036  0.026584684       2              2
  1 -0.14944023 0.06087178 -0.26874673 -0.030133729       2              2
  2 -0.03085545 0.02003426 -0.07012189  0.008410986       1              1
  3 -0.02060117 0.01990228 -0.05960891  0.018406574       1              1
  4          NA         NA          NA           NA       0              0
  5          NA         NA          NA           NA       0              0
  6          NA         NA          NA           NA       0              0
  7          NA         NA          NA           NA       0              0
  8          NA         NA          NA           NA       0              0
 treated_units
            10
            10
            10
            10
            10
             9
             8
             2
             7
             0
             0
             0
             0
             0
overall post-reform average:
         att         se      ci_lo       ci_hi cohorts treated_states
 -0.06133617 0.02426407 -0.1088929 -0.01377947       3              3
 treated_units
            10

== synthdid.c_hispanic_white.primary: ok
  e         att        se      ci_lo     ci_hi cohorts treated_states
 -5          NA        NA         NA        NA       0              0
 -4          NA        NA         NA        NA       0              0
 -3          NA        NA         NA        NA       0              0
 -2          NA        NA         NA        NA       0              0
 -1          NA        NA         NA        NA       0              0
  0  0.05192970 0.1400180 -0.2225006 0.3263600       2              2
  1 -0.05174578 0.1465604 -0.3389989 0.2355074       2              2
  2  0.08781127 0.1369697 -0.1806443 0.3562669       1              1
  3  0.01586601 0.1742299 -0.3256183 0.3573503       1              1
  4          NA        NA         NA        NA       0              0
  5          NA        NA         NA        NA       0              0
  6          NA        NA         NA        NA       0              0
  7          NA        NA         NA        NA       0              0
  8          NA        NA         NA        NA       0              0
 treated_units
             0
             0
             0
             0
             0
             2
             2
             1
             1
             0
             0
             0
             0
             0
overall post-reform average:
       att        se      ci_lo     ci_hi cohorts treated_states treated_units
 0.0259653 0.1078253 -0.1853683 0.2372989       3              3             3
synthdid pooled ATT:
        att        se      ci_lo     ci_hi cohorts treated_states
 0.01734085 0.1104271 -0.1990924 0.2337741       3              3

== stacked.c_hispanic_white.primary: ok
  e          att         se        ci_lo     ci_hi cohorts treated_states
 -5  0.095511716 0.09087231 -0.082594744 0.2736182       3              3
 -4  0.191187017 0.09079102  0.013239894 0.3691341       3              3
 -3  0.278593778 0.06608869  0.149062329 0.4081252       3              3
 -2  0.293367157 0.14785410  0.003578454 0.5831559       3              3
 -1  0.000000000         NA           NA        NA       3              3
  0  0.086878691 0.06010477 -0.030924486 0.2046819       2              2
  1 -0.003516317 0.06920947 -0.139164391 0.1321318       2              2
  2  0.243448072 0.06580154  0.114479423 0.3724167       1              1
  3  0.123839982 0.05491849  0.016201729 0.2314782       1              1
  4           NA         NA           NA        NA       0              0
  5           NA         NA           NA        NA       0              0
  6           NA         NA           NA        NA       0              0
  7           NA         NA           NA        NA       0              0
  8           NA         NA           NA        NA       0              0
 treated_units
            10
            10
            10
            10
            10
             9
             8
             2
             7
             0
             0
             0
             0
             0
overall post-reform average:
       att         se      ci_lo     ci_hi cohorts treated_states treated_units
 0.1126626 0.04870169 0.01720905 0.2081162       3              3            10

== twfe.c_hispanic_white.primary: ok
  e         att         se        ci_lo     ci_hi cohorts treated_states
 -5  0.06206307 0.10987609 -0.153290105 0.2774162       3              3
 -4  0.11167362 0.10488932 -0.093905673 0.3172529       3              3
 -3  0.18333731 0.09640004 -0.005603303 0.3722779       3              3
 -2  0.19350686 0.14057533 -0.082015727 0.4690294       3              3
 -1  0.00000000         NA           NA        NA       3              3
  0  0.05229438 0.05348477 -0.052533848 0.1571226       2              2
  1 -0.03110383 0.07509527 -0.178287846 0.1160802       2              2
  2  0.06857022 0.08919418 -0.106247151 0.2433876       1              1
  3  0.06303407 0.07819824 -0.090231659 0.2162998       1              1
  4          NA         NA           NA        NA       0              0
  5          NA         NA           NA        NA       0              0
  6          NA         NA           NA        NA       0              0
  7          NA         NA           NA        NA       0              0
  8          NA         NA           NA        NA       0              0
 treated_units
            10
            10
            10
            10
            10
             9
             8
             2
             7
             0
             0
             0
             0
             0
overall post-reform average:
        att         se       ci_lo     ci_hi cohorts treated_states
 0.03819871 0.06691184 -0.09294609 0.1693435       3              3
 treated_units
            10

== twfe_static.c_hispanic_white.primary: ok
[1] NA NA NA NA NA NA NA NA
overall post-reform average:
         att         se      ci_lo         ci_hi cohorts treated_states
 -0.07182011 0.03648971 -0.1433386 -0.0003015922       3              3
 treated_units
            10

Wrote outputs/06_secondary/event_time_estimates.csv, outputs/06_secondary/overall_estimates.csv, outputs/06_secondary/group_time_estimates.csv, outputs/06_secondary/model_status.csv, outputs/06_secondary/panel_counts.csv, outputs/06_secondary/synthdid_pooled.csv, outputs/06_secondary/secondary_models.rds
18 achievement models (6 estimators, 3 gaps, 1 event set(s)); models that stopped with an error: 0. Status per model: outputs/06_secondary/model_status.csv
Log: outputs/logs/06_secondary_20260912T215122Z.log
