Step 6 secondary estimators (achievement), run 20260913T133735Z; stage 2; blinding PERMUTED; fixest 0.14.2, didimputation 0.5.1, synthdid 0.0.9
Console: panel sizes only. Cohort counts, estimates and model status: outputs/06_secondary (unbalanced), outputs/06_secondary/appendix (balanced, appendix) and outputs/logs/06_secondary_20260913T133735Z.log
Covariates for the 3255 districts in the gap (b)/(c) file; district-year flags: 205570 district-years (test_replaced, cep); gap (a): state-year test_replaced and CEP share

== Panels (the step 5 unbalanced panels), primary suppression sample, achievement
a_poverty           primary unbalanced    38 states    in 38 states
b_black_white       primary unbalanced  1577 districts in 40 states
c_hispanic_white    primary unbalanced  1901 districts in 39 states

== unbalanced panel: units, states, cohorts and observations in each model (outputs/06_secondary/panel_counts.csv)
   estimator              gap event_set      panel     unit units_in_model
 sun_abraham        a_poverty   primary unbalanced    state             38
  imputation        a_poverty   primary unbalanced    state             38
    synthdid        a_poverty   primary unbalanced    state             20
     stacked        a_poverty   primary unbalanced    state             38
        twfe        a_poverty   primary unbalanced    state             38
 twfe_static        a_poverty   primary unbalanced    state             38
 sun_abraham    b_black_white   primary unbalanced district           1577
  imputation    b_black_white   primary unbalanced district           1577
    synthdid    b_black_white   primary unbalanced    state             15
     stacked    b_black_white   primary unbalanced district           1577
        twfe    b_black_white   primary unbalanced district           1577
 twfe_static    b_black_white   primary unbalanced district           1577
 sun_abraham c_hispanic_white   primary unbalanced district           1901
  imputation c_hispanic_white   primary unbalanced district           1901
    synthdid c_hispanic_white   primary unbalanced    state             18
     stacked c_hispanic_white   primary unbalanced district           1899
        twfe c_hispanic_white   primary unbalanced district           1901
 twfe_static c_hispanic_white   primary unbalanced district           1901
 states_in_model cohorts_in_model treated_units control_units   obs
              38                6             6            32   388
              38                6             6            32   388
              20                4             4            16   220
              38                6             6            36  1413
              38                6             6            32   388
              38                6             6            32   388
              40                6           259          1318  9969
              40                6           259          1318 10119
              15                3             3            12   165
              40                6           246          1525 34939
              40                6           259          1318 10119
              40                6           259          1318 10119
              39                6           376          1525 10353
              39                6           376          1525 10658
              18                4             4            14   198
              39                6           373          1776 35494
              39                6           376          1525 10658
              39                6           376          1525 10658

== sun_abraham.a_poverty.primary (unbalanced): ok
  e          att          se         ci_lo       ci_hi cohorts treated_states
 -5  0.044858786 0.043163205 -0.0397395410  0.12945711       4              4
 -4  0.045044044 0.026636546 -0.0071626265  0.09725071       4              4
 -3 -0.001247581 0.019135614 -0.0387526960  0.03625753       4              4
 -2 -0.024844405 0.008646223 -0.0417906904 -0.00789812       5              5
 -1  0.000000000          NA            NA          NA       6              6
  0 -0.005846583 0.008482928 -0.0224728163  0.01077965       5              5
  1 -0.012993211 0.016813440 -0.0459469473  0.01996052       4              4
  2  0.041433508 0.020997058  0.0002800303  0.08258698       4              4
  3 -0.018907601 0.027876292 -0.0735441298  0.03572893       3              3
  4  0.013508182 0.038623962 -0.0621933915  0.08920976       2              2
  5  0.165978367 0.040970237  0.0856781781  0.24627856       2              2
  6  0.049979307 0.043336660 -0.0349589852  0.13491760       2              2
  7  0.190707172 0.039272113  0.1137352455  0.26767910       1              1
  8  0.038956040 0.036793343 -0.0331575882  0.11106967       1              1
 treated_units
             4
             4
             4
             5
             6
             5
             4
             4
             3
             2
             2
             2
             1
             1
overall post-reform average:
        att         se      ci_lo      ci_hi cohorts treated_states
 0.05142391 0.02055566 0.01113556 0.09171226       6              6
 treated_units
             6

== imputation.a_poverty.primary (unbalanced): ok
  e          att         se       ci_lo       ci_hi cohorts treated_states
 -5  0.059064555 0.05334630 -0.04549228 0.163621386       4              4
 -4  0.061086399 0.04480654 -0.02673281 0.148905610       4              4
 -3  0.014952291 0.04884601 -0.08078412 0.110688704       4              4
 -2 -0.013932852 0.05250013 -0.11683122 0.088965513       5              5
 -1  0.000000000         NA          NA          NA       6              6
  0  0.014072533 0.01536602 -0.01604432 0.044189385       5              5
  1 -0.024118527 0.01636575 -0.05619480 0.007957748       4              4
  2  0.049993131 0.01706084  0.01655450 0.083431764       4              4
  3 -0.010316353 0.02355673 -0.05648669 0.035853980       3              3
  4  0.001094087 0.03135120 -0.06035313 0.062541308       2              2
  5  0.155102672 0.03330091  0.08983409 0.220371256       2              2
  6  0.043522755 0.03598315 -0.02700293 0.114048442       2              2
  7  0.188570879 0.03134658  0.12713271 0.250009044       1              1
  8  0.031141142 0.03057610 -0.02878691 0.091069197       1              1
 treated_units
             4
             4
             4
             5
             6
             5
             4
             4
             3
             2
             2
             2
             1
             1
overall post-reform average:
        att         se       ci_lo      ci_hi cohorts treated_states
 0.04989581 0.02118677 0.008370515 0.09142111       6              6
 treated_units
             6

== synthdid.a_poverty.primary (unbalanced): ok
notes: 18 of 38 state(s) without a state-year mean in every window year left out
  e         att         se         ci_lo      ci_hi cohorts treated_states
 -5          NA         NA            NA         NA       0              0
 -4          NA         NA            NA         NA       0              0
 -3          NA         NA            NA         NA       0              0
 -2          NA         NA            NA         NA       0              0
 -1          NA         NA            NA         NA       0              0
  0 -0.02011665 0.05392142 -0.1258006883 0.08556739       3              3
  1  0.03170365 0.08290045 -0.1307782479 0.19418554       3              3
  2  0.05616053 0.12655039 -0.1918736834 0.30419475       2              2
  3  0.05247081 0.15829321 -0.2577781767 0.36271980       2              2
  4  0.15371662 0.23443499 -0.3057675170 0.61320076       1              1
  5  0.41041466 0.20948099 -0.0001605424 0.82098986       1              1
  6 -0.11262708 0.23202585 -0.5673893834 0.34213523       1              1
  7  0.20530776 0.19390232 -0.1747337991 0.58534931       1              1
  8          NA         NA            NA         NA       0              0
 treated_units
             0
             0
             0
             0
             0
             3
             3
             2
             2
             1
             1
             1
             1
             0
overall post-reform average:
        att        se      ci_lo     ci_hi cohorts treated_states treated_units
 0.09712879 0.1327197 -0.1629971 0.3572547       4              4             4
synthdid pooled ATT:
        att        se     ci_lo     ci_hi cohorts treated_states
 0.04183565 0.1034104 -0.160845 0.2445163       4              4

== stacked.a_poverty.primary (unbalanced): ok
  e          att         se       ci_lo      ci_hi cohorts treated_states
 -5  0.010415089 0.07196630 -0.13063627 0.15146645       4              4
 -4  0.020328017 0.06082357 -0.09888398 0.13954001       4              4
 -3 -0.024944680 0.04822623 -0.11946636 0.06957700       4              4
 -2 -0.063985366 0.04494614 -0.15207819 0.02410745       5              5
 -1  0.000000000         NA          NA         NA       6              6
  0  0.021678441 0.04005354 -0.05682506 0.10018194       5              5
  1 -0.022224782 0.03733746 -0.09540486 0.05095529       4              4
  2  0.072415525 0.08188902 -0.08808400 0.23291505       4              4
  3  0.008884762 0.07839014 -0.14475709 0.16252661       3              3
  4  0.045296883 0.08225603 -0.11592198 0.20651575       2              2
  5  0.200210327 0.19437611 -0.18075985 0.58118051       2              2
  6           NA         NA          NA         NA       0              0
  7           NA         NA          NA         NA       0              0
  8           NA         NA          NA         NA       0              0
 treated_units
             4
             4
             4
             5
             6
             5
             4
             4
             3
             2
             2
             0
             0
             0
overall post-reform average:
        att         se       ci_lo     ci_hi cohorts treated_states
 0.05437686 0.07373872 -0.09014838 0.1989021       6              6
 treated_units
             6

== twfe.a_poverty.primary (unbalanced): ok
  e          att         se       ci_lo      ci_hi cohorts treated_states
 -5  0.026832739 0.07323925 -0.11671355 0.17037902       4              4
 -4  0.027564372 0.06036875 -0.09075621 0.14588496       4              4
 -3 -0.025624412 0.04914330 -0.12194352 0.07069469       4              4
 -2 -0.055284219 0.04957606 -0.15245151 0.04188307       5              5
 -1  0.000000000         NA          NA         NA       6              6
  0  0.020369689 0.04545419 -0.06871889 0.10945827       5              5
  1 -0.008931084 0.04115330 -0.08959007 0.07172791       4              4
  2  0.070794219 0.08329270 -0.09245647 0.23404491       4              4
  3  0.019060655 0.08037023 -0.13846210 0.17658341       3              3
  4  0.054129639 0.08963972 -0.12156099 0.22982026       2              2
  5  0.199996338 0.19163464 -0.17560065 0.57559333       2              2
  6  0.089743158 0.13040719 -0.16585024 0.34533656       2              2
  7  0.137397580 0.05122677  0.03699495 0.23780021       1              1
  8  0.182793924 0.05578922  0.07344906 0.29213879       1              1
 treated_units
             4
             4
             4
             5
             6
             5
             4
             4
             3
             2
             2
             2
             1
             1
overall post-reform average:
        att         se       ci_lo     ci_hi cohorts treated_states
 0.08503935 0.05233504 -0.01753544 0.1876141       6              6
 treated_units
             6

== twfe_static.a_poverty.primary (unbalanced): ok
[1] NA NA NA NA NA NA NA NA
overall post-reform average:
        att       se       ci_lo     ci_hi cohorts treated_states treated_units
 0.05103331 0.037622 -0.02270445 0.1247711       6              6             6

== sun_abraham.b_black_white.primary (unbalanced): ok
notes: NOTE: 150/0 fixed-effect singletons were removed (150 observations).
  e          att          se       ci_lo       ci_hi cohorts treated_states
 -5  0.032844961 0.031499352 -0.02889263  0.09458256       4              4
 -4  0.013763993 0.018672445 -0.02283333  0.05036131       4              4
 -3  0.013751100 0.018414793 -0.02234123  0.04984343       4              4
 -2  0.063003518 0.009469800  0.04444305  0.08156398       5              5
 -1  0.000000000          NA          NA          NA       6              6
  0 -0.029117231 0.009801441 -0.04832770 -0.00990676       5              5
  1 -0.003588197 0.018093548 -0.03905090  0.03187451       4              4
  2 -0.007939919 0.018440384 -0.04408241  0.02820257       4              4
  3 -0.003997615 0.019271550 -0.04176916  0.03377393       2              2
  4 -0.047573623 0.033838835 -0.11389652  0.01874927       1              1
  5 -0.144315106 0.035055519 -0.21302266 -0.07560755       2              2
  6 -0.157866927 0.028326135 -0.21338513 -0.10234872       2              2
  7 -0.120929075 0.026697143 -0.17325451 -0.06860364       1              1
  8 -0.116498562 0.045176092 -0.20504208 -0.02795505       1              1
 treated_units
           137
           118
            98
           143
           188
           159
           101
            71
            33
            22
            22
            21
             5
            18
overall post-reform average:
         att         se      ci_lo       ci_hi cohorts treated_states
 -0.07020292 0.01575405 -0.1010803 -0.03932555       6              6
 treated_units
           177

== imputation.b_black_white.primary (unbalanced): ok
notes: 4 treated unit(s) without an untreated observation left out of the imputed estimands
  e         att          se       ci_lo        ci_hi cohorts treated_states
 -5  0.05358047 0.038388971 -0.02166054  0.128821467       4              4
 -4  0.02674606 0.038040012 -0.04781099  0.101303118       4              4
 -3  0.03753440 0.067858487 -0.09546579  0.170534588       4              4
 -2  0.07350840 0.086770509 -0.09655868  0.243575468       5              5
 -1  0.00000000          NA          NA           NA       6              6
  0 -0.04225058 0.011234412 -0.06426963 -0.020231539       5              5
  1 -0.03712680 0.009731227 -0.05619966 -0.018053948       4              4
  2 -0.01387727 0.013934385 -0.04118816  0.013433625       4              4
  3 -0.02135465 0.015903425 -0.05252479  0.009815491       2              2
  4 -0.04339831 0.024823290 -0.09205106  0.005254449       1              1
  5 -0.14538921 0.033613657 -0.21127077 -0.079507655       2              2
  6 -0.14258653 0.025147738 -0.19187519 -0.093297870       2              2
  7 -0.17494034 0.021741305 -0.21755251 -0.132328162       1              1
  8 -0.10818624 0.044928610 -0.19624470 -0.020127780       1              1
 treated_units
           137
           118
            98
           143
           188
           159
           101
            71
            33
            22
            22
            21
             5
            18
overall post-reform average:
         att         se      ci_lo      ci_hi cohorts treated_states
 -0.08101221 0.01571922 -0.1118213 -0.0502031       6              6
 treated_units
           177

== synthdid.b_black_white.primary (unbalanced): ok
notes: 25 of 40 state(s) without a state-year mean in every window year left out
  e          att         se      ci_lo     ci_hi cohorts treated_states
 -5           NA         NA         NA        NA       0              0
 -4           NA         NA         NA        NA       0              0
 -3           NA         NA         NA        NA       0              0
 -2           NA         NA         NA        NA       0              0
 -1           NA         NA         NA        NA       0              0
  0 -0.006409818 0.07988593 -0.1629834 0.1501637       2              2
  1 -0.030291685 0.10313252 -0.2324277 0.1718443       2              2
  2  0.013965125 0.15969687 -0.2990350 0.3269652       1              1
  3  0.180772530 0.14821025 -0.1097142 0.4712593       1              1
  4           NA         NA         NA        NA       0              0
  5           NA         NA         NA        NA       0              0
  6           NA         NA         NA        NA       0              0
  7           NA         NA         NA        NA       0              0
  8           NA         NA         NA        NA       0              0
 treated_units
             0
             0
             0
             0
             0
             2
             2
             1
             1
             0
             0
             0
             0
             0
overall post-reform average:
        att         se      ci_lo    ci_hi cohorts treated_states treated_units
 0.03950904 0.08036522 -0.1180039 0.197022       3              3             3
synthdid pooled ATT:
        att         se      ci_lo    ci_hi cohorts treated_states
 0.02022244 0.07502615 -0.1268261 0.167271       3              3

== stacked.b_black_white.primary (unbalanced): ok
notes: NOTE: 1,021/0 fixed-effect singletons were removed (1,021 observations).
  e          att         se       ci_lo        ci_hi cohorts treated_states
 -5  0.023321137 0.05117186 -0.07697386  0.123616131       4              4
 -4  0.009786461 0.04107609 -0.07072119  0.090294114       4              4
 -3  0.040180257 0.07411959 -0.10509148  0.185451990       4              4
 -2  0.058135954 0.09190256 -0.12198976  0.238261670       5              5
 -1  0.000000000         NA          NA           NA       6              6
  0 -0.034394682 0.01983561 -0.07327176  0.004482392       5              5
  1 -0.030016620 0.02163653 -0.07242343  0.012390192       4              4
  2  0.005326733 0.02937034 -0.05223808  0.062891545       4              4
  3 -0.012645167 0.04130818 -0.09360771  0.068317374       2              2
  4 -0.003619617 0.03075899 -0.06390613  0.056666895       1              1
  5 -0.107719936 0.03885929 -0.18388274 -0.031557131       2              2
  6           NA         NA          NA           NA       0              0
  7           NA         NA          NA           NA       0              0
  8           NA         NA          NA           NA       0              0
 treated_units
           137
           118
            98
           143
           188
           159
           101
            71
            33
            22
            22
             0
             0
             0
overall post-reform average:
         att         se       ci_lo      ci_hi cohorts treated_states
 -0.03051155 0.02272201 -0.07504586 0.01402277       6              6
 treated_units
           177

== twfe.b_black_white.primary (unbalanced): ok
notes: NOTE: 150/0 fixed-effect singletons were removed (150 observations).
  e          att         se       ci_lo        ci_hi cohorts treated_states
 -5  0.022873858 0.04702708 -0.06929752  0.115045235       4              4
 -4  0.000131397 0.03584024 -0.07011418  0.070376970       4              4
 -3  0.017801311 0.06816940 -0.11580826  0.151410878       4              4
 -2  0.061211233 0.08819377 -0.11164538  0.234067850       5              5
 -1  0.000000000         NA          NA           NA       6              6
  0 -0.031691347 0.01677333 -0.06456647  0.001183775       5              5
  1 -0.023876425 0.02549736 -0.07385034  0.026097486       4              4
  2  0.006523312 0.02595910 -0.04435559  0.057402216       4              4
  3 -0.016656098 0.03501190 -0.08527816  0.051965965       2              2
  4 -0.020560690 0.03526594 -0.08968066  0.048559280       1              1
  5 -0.113228568 0.04451698 -0.20048025 -0.025976885       2              2
  6 -0.111051721 0.07801256 -0.26395352  0.041850077       2              2
  7 -0.092329010 0.03444045 -0.15983105 -0.024826968       1              1
  8 -0.084472687 0.05010494 -0.18267657  0.013731195       1              1
 treated_units
           137
           118
            98
           143
           188
           159
           101
            71
            33
            22
            22
            21
             5
            18
overall post-reform average:
         att         se      ci_lo       ci_hi cohorts treated_states
 -0.05414925 0.02666214 -0.1064061 -0.00189242       6              6
 treated_units
           177

== twfe_static.b_black_white.primary (unbalanced): ok
notes: NOTE: 150/0 fixed-effect singletons were removed (150 observations).
[1] NA NA NA NA NA NA NA NA
overall post-reform average:
         att         se       ci_lo      ci_hi cohorts treated_states
 -0.02767859 0.02172355 -0.07025597 0.01489878       6              6
 treated_units
           177

== sun_abraham.c_hispanic_white.primary (unbalanced): ok
notes: NOTE: 305/0 fixed-effect singletons were removed (305 observations).
  e          att          se        ci_lo        ci_hi cohorts treated_states
 -5  0.029644245 0.019295478 -0.008174198  0.067462688       4              4
 -4  0.012565503 0.017939590 -0.022595447  0.047726454       4              4
 -3  0.076316222 0.012652701  0.051517384  0.101115059       4              4
 -2  0.086852640 0.006082707  0.074930753  0.098774528       5              5
 -1  0.000000000          NA           NA           NA       6              6
  0 -0.012607553 0.008106044 -0.028495106  0.003280001       5              5
  1  0.009222247 0.010044976 -0.010465544  0.028910039       4              4
  2 -0.018342167 0.007096244 -0.032250549 -0.004433784       4              4
  3  0.044000474 0.016898274  0.010880466  0.077120482       3              3
  4  0.006817738 0.018610446 -0.029658066  0.043293542       2              2
  5 -0.172319689 0.021934242 -0.215310014 -0.129329365       2              2
  6 -0.087122875 0.013195165 -0.112984923 -0.061260827       2              2
  7 -0.115276185 0.015713182 -0.146073456 -0.084478914       1              1
  8 -0.238920097 0.038320634 -0.314027159 -0.163813035       1              1
 treated_units
           158
           154
           134
           220
           300
           258
           188
           140
            60
            24
            25
            38
            20
            12
overall post-reform average:
         att         se       ci_lo       ci_hi cohorts treated_states
 -0.06494979 0.01126073 -0.08702041 -0.04287917       6              6
 treated_units
           299

== imputation.c_hispanic_white.primary (unbalanced): ok
notes: 35 treated unit(s) without an untreated observation left out of the imputed estimands
  e          att          se        ci_lo       ci_hi cohorts treated_states
 -5 -0.003094226 0.024517245 -0.051147143  0.04495869       4              4
 -4 -0.016932948 0.016697240 -0.049658938  0.01579304       4              4
 -3  0.053346648 0.028132245 -0.001791539  0.10848484       4              4
 -2  0.068192143 0.061790311 -0.052914641  0.18929893       5              5
 -1  0.000000000          NA           NA          NA       6              6
  0 -0.035541984 0.010176634 -0.055487820 -0.01559615       5              5
  1 -0.031942082 0.008611236 -0.048819794 -0.01506437       4              4
  2 -0.038018378 0.006408731 -0.050579260 -0.02545750       4              4
  3 -0.002298001 0.015093006 -0.031879748  0.02728375       3              3
  4 -0.044144622 0.016752261 -0.076978450 -0.01131079       2              2
  5 -0.215312576 0.016104126 -0.246876083 -0.18374907       2              2
  6 -0.117623150 0.010551679 -0.138304062 -0.09694224       2              2
  7 -0.148515992 0.013856485 -0.175674204 -0.12135778       1              1
  8 -0.268124939 0.039378869 -0.345306104 -0.19094377       1              1
 treated_units
           158
           154
           134
           220
           300
           258
           188
           140
            60
            24
            25
            38
            20
            12
overall post-reform average:
        att          se      ci_lo       ci_hi cohorts treated_states
 -0.1001691 0.009546724 -0.1188803 -0.08145784       6              6
 treated_units
           299

== synthdid.c_hispanic_white.primary (unbalanced): ok
notes: 21 of 39 state(s) without a state-year mean in every window year left out
  e         att         se      ci_lo      ci_hi cohorts treated_states
 -5          NA         NA         NA         NA       0              0
 -4          NA         NA         NA         NA       0              0
 -3          NA         NA         NA         NA       0              0
 -2          NA         NA         NA         NA       0              0
 -1          NA         NA         NA         NA       0              0
  0 -0.04330452 0.05361927 -0.1483964 0.06178733       3              3
  1 -0.10400470 0.08827595 -0.2770224 0.06901298       3              3
  2 -0.04267500 0.12696217 -0.2915163 0.20616629       2              2
  3 -0.06686934 0.09070760 -0.2446530 0.11091428       2              2
  4 -0.06993820 0.10543810 -0.2765931 0.13671668       1              1
  5 -0.22844986 0.11918811 -0.4620543 0.00515454       1              1
  6 -0.06459048 0.11479627 -0.2895870 0.16040608       1              1
  7 -0.04852492 0.11039059 -0.2648865 0.16783667       1              1
  8          NA         NA         NA         NA       0              0
 treated_units
             0
             0
             0
             0
             0
             3
             3
             2
             2
             1
             1
             1
             1
             0
overall post-reform average:
         att         se      ci_lo      ci_hi cohorts treated_states
 -0.08354463 0.05966858 -0.2004929 0.03340363       4              4
 treated_units
             4
synthdid pooled ATT:
         att         se      ci_lo      ci_hi cohorts treated_states
 -0.09013871 0.05625197 -0.2003905 0.02011312       4              4

== stacked.c_hispanic_white.primary (unbalanced): ok
notes: NOTE: 1,763/0 fixed-effect singletons were removed (1,763 observations).
  e           att         se       ci_lo       ci_hi cohorts treated_states
 -5  0.0222398955 0.03365548 -0.04372363  0.08820342       4              4
 -4 -0.0001743085 0.02015922 -0.03968566  0.03933704       4              4
 -3  0.0739343774 0.02914539  0.01681047  0.13105829       4              4
 -2  0.1006867014 0.05804079 -0.01307116  0.21444456       5              5
 -1  0.0000000000         NA          NA          NA       6              6
  0 -0.0109930149 0.01899669 -0.04822583  0.02623980       5              5
  1  0.0020105449 0.01953703 -0.03628132  0.04030241       4              4
  2  0.0027135378 0.03756486 -0.07091223  0.07633930       4              4
  3 -0.0076990790 0.02289514 -0.05257273  0.03717458       3              3
  4 -0.0318647139 0.03128816 -0.09318838  0.02945895       2              2
  5 -0.1848589511 0.04349955 -0.27011651 -0.09960139       2              2
  6            NA         NA          NA          NA       0              0
  7            NA         NA          NA          NA       0              0
  8            NA         NA          NA          NA       0              0
 treated_units
           158
           154
           134
           220
           300
           258
           188
           140
            60
            24
            25
             0
             0
             0
overall post-reform average:
         att         se       ci_lo       ci_hi cohorts treated_states
 -0.03844861 0.01442738 -0.06672577 -0.01017146       6              6
 treated_units
           297

== twfe.c_hispanic_white.primary (unbalanced): ok
notes: NOTE: 305/0 fixed-effect singletons were removed (305 observations).
  e           att         se       ci_lo        ci_hi cohorts treated_states
 -5  0.0163544389 0.03601754 -0.05423865  0.086947526       4              4
 -4  0.0008757152 0.02052393 -0.03935044  0.041101874       4              4
 -3  0.0722943067 0.02474740  0.02379029  0.120798321       4              4
 -2  0.0920629545 0.05304481 -0.01190296  0.196028872       5              5
 -1  0.0000000000         NA          NA           NA       6              6
  0 -0.0068796721 0.01839046 -0.04292430  0.029164958       5              5
  1  0.0026247018 0.02176814 -0.04004006  0.045289463       4              4
  2  0.0018413017 0.03550000 -0.06773741  0.071420016       4              4
  3  0.0096401175 0.02359494 -0.03660512  0.055885355       3              3
  4 -0.0151125175 0.03268072 -0.07916556  0.048940524       2              2
  5 -0.1781287816 0.04702476 -0.27029562 -0.085961944       2              2
  6 -0.0711662830 0.03242086 -0.13471001 -0.007622556       2              2
  7 -0.0875107881 0.02246912 -0.13154945 -0.043472131       1              1
  8 -0.2545815059 0.03086390 -0.31507364 -0.194089371       1              1
 treated_units
           158
           154
           134
           220
           300
           258
           188
           140
            60
            24
            25
            38
            20
            12
overall post-reform average:
         att         se       ci_lo       ci_hi cohorts treated_states
 -0.06658594 0.01647356 -0.09887353 -0.03429834       6              6
 treated_units
           299

== twfe_static.c_hispanic_white.primary (unbalanced): ok
notes: NOTE: 305/0 fixed-effect singletons were removed (305 observations).
[1] NA NA NA NA NA NA NA NA
overall post-reform average:
         att        se       ci_lo       ci_hi cohorts treated_states
 -0.03446544 0.0198378 -0.07334682 0.004415936       6              6
 treated_units
           299

Wrote outputs/06_secondary/event_time_estimates.csv, outputs/06_secondary/overall_estimates.csv, outputs/06_secondary/group_time_estimates.csv, outputs/06_secondary/model_status.csv, outputs/06_secondary/panel_counts.csv, outputs/06_secondary/synthdid_pooled.csv, outputs/06_secondary/secondary_models.rds
18 achievement models on the unbalanced panel (6 estimators, 3 gaps, 1 event set(s)); models that stopped with an error: 0. Status per model: outputs/06_secondary/model_status.csv

== Panels (the step 5 balanced panels, appendix), primary suppression sample, achievement
a_poverty           primary balanced      20 states    in 20 states
b_black_white       primary balanced      69 districts in  9 states
c_hispanic_white    primary balanced      35 districts in 12 states

== balanced panel: units, states, cohorts and observations in each model (outputs/06_secondary/appendix/panel_counts.csv)
   estimator              gap event_set    panel     unit units_in_model
 sun_abraham        a_poverty   primary balanced    state             20
  imputation        a_poverty   primary balanced    state             20
    synthdid        a_poverty   primary balanced    state             20
     stacked        a_poverty   primary balanced    state             20
        twfe        a_poverty   primary balanced    state             20
 twfe_static        a_poverty   primary balanced    state             20
 sun_abraham    b_black_white   primary balanced district             69
  imputation    b_black_white   primary balanced district             69
    synthdid    b_black_white   primary balanced    state              9
     stacked    b_black_white   primary balanced district             69
        twfe    b_black_white   primary balanced district             69
 twfe_static    b_black_white   primary balanced district             69
 sun_abraham c_hispanic_white   primary balanced district             35
  imputation c_hispanic_white   primary balanced district             35
    synthdid c_hispanic_white   primary balanced    state             12
     stacked c_hispanic_white   primary balanced district             35
        twfe c_hispanic_white   primary balanced district             35
 twfe_static c_hispanic_white   primary balanced district             35
 states_in_model cohorts_in_model treated_units control_units obs
              20                4             4            16 220
              20                4             4            16 220
              20                4             4            16 220
              20                4             4            19 517
              20                4             4            16 220
              20                4             4            16 220
               9                2            20            49 759
               9                2            20            49 759
               9                2             2             7  99
               9                2            20            49 879
               9                2            20            49 759
               9                2            20            49 759
              12                3            10            25 385
              12                3            10            25 385
              12                3             3             9 132
              12                3            10            25 601
              12                3            10            25 385
              12                3            10            25 385

== sun_abraham.a_poverty.primary (balanced): ok
  e           att         se        ci_lo       ci_hi cohorts treated_states
 -5  0.1516004467 0.05790956  0.038099804  0.26510109       3              3
 -4  0.1081549448 0.02874645  0.051812946  0.16449694       3              3
 -3  0.0057593500 0.03442812 -0.061718521  0.07323722       3              3
 -2  0.0003982301 0.01189747 -0.022920375  0.02371684       4              4
 -1  0.0000000000         NA           NA          NA       4              4
  0  0.0127222620 0.01958332 -0.025660335  0.05110486       3              3
  1  0.0485742792 0.01940497  0.010541241  0.08660732       3              3
  2  0.0606468846 0.02687264  0.007977477  0.11331629       2              2
  3  0.0557572041 0.03161560 -0.006208242  0.11772265       2              2
  4  0.1539366346 0.06171677  0.032973989  0.27489928       1              1
  5  0.3786113994 0.07111921  0.239220303  0.51800250       1              1
  6 -0.1424904079 0.06464049 -0.269183436 -0.01579738       1              1
  7  0.1710044220 0.05897770  0.055410263  0.28659858       1              1
  8            NA         NA           NA          NA       0              0
 treated_units
             3
             3
             3
             4
             4
             3
             3
             2
             2
             1
             1
             1
             1
             0
overall post-reform average:
        att         se      ci_lo     ci_hi cohorts treated_states
 0.09234533 0.03323877 0.02719855 0.1574921       4              4
 treated_units
             4

== imputation.a_poverty.primary (balanced): ok
  e          att         se        ci_lo       ci_hi cohorts treated_states
 -5  0.104676839 0.04540296  0.015688674  0.19366500       3              3
 -4  0.073928657 0.05401156 -0.031932063  0.17978938       3              3
 -3 -0.021472079 0.06215182 -0.143287400  0.10034324       3              3
 -2 -0.025702086 0.07184704 -0.166519688  0.11511552       4              4
 -1  0.000000000         NA           NA          NA       4              4
  0 -0.005963967 0.02347389 -0.051971944  0.04004401       3              3
  1  0.011454399 0.02079287 -0.029298879  0.05220768       3              3
  2  0.041693769 0.02470223 -0.006721712  0.09010925       2              2
  3  0.038102279 0.03457667 -0.029666744  0.10587130       2              2
  4  0.137412109 0.04612494  0.047008893  0.22781533       1              1
  5  0.393879454 0.04498154  0.305717263  0.48204164       1              1
  6 -0.137980851 0.04671603 -0.229542595 -0.04641911       1              1
  7  0.176080086 0.04142062  0.094897157  0.25726302       1              1
  8           NA         NA           NA          NA       0              0
 treated_units
             3
             3
             3
             4
             4
             3
             3
             2
             2
             1
             1
             1
             1
             0
overall post-reform average:
        att         se     ci_lo    ci_hi cohorts treated_states treated_units
 0.08183466 0.02988389 0.0232633 0.140406       4              4             4

== synthdid.a_poverty.primary (balanced): ok
  e         att         se       ci_lo      ci_hi cohorts treated_states
 -5          NA         NA          NA         NA       0              0
 -4          NA         NA          NA         NA       0              0
 -3          NA         NA          NA         NA       0              0
 -2          NA         NA          NA         NA       0              0
 -1          NA         NA          NA         NA       0              0
  0 -0.02011665 0.04856951 -0.11531114 0.07507784       3              3
  1  0.03170365 0.08206379 -0.12913842 0.19254572       3              3
  2  0.05616053 0.11927216 -0.17760862 0.28992968       2              2
  3  0.05247081 0.13750874 -0.21704136 0.32198299       2              2
  4  0.15371662 0.21536917 -0.26839919 0.57583244       1              1
  5  0.41041466 0.19568100  0.02688695 0.79394238       1              1
  6 -0.11262708 0.22205908 -0.54785488 0.32260072       1              1
  7  0.20530776 0.18248718 -0.15236055 0.56297606       1              1
  8          NA         NA          NA         NA       0              0
 treated_units
             0
             0
             0
             0
             0
             3
             3
             2
             2
             1
             1
             1
             1
             0
overall post-reform average:
        att        se     ci_lo     ci_hi cohorts treated_states treated_units
 0.09712879 0.1191847 -0.136469 0.3307265       4              4             4
synthdid pooled ATT:
        att         se      ci_lo     ci_hi cohorts treated_states
 0.04183565 0.09228558 -0.1390408 0.2227121       4              4

== stacked.a_poverty.primary (balanced): ok
  e          att         se       ci_lo      ci_hi cohorts treated_states
 -5  0.126540094 0.05860935  0.01166788 0.24141231       3              3
 -4  0.107382200 0.06112173 -0.01241419 0.22717859       3              3
 -3  0.019425232 0.04901101 -0.07663458 0.11548504       3              3
 -2 -0.007171803 0.04656785 -0.09844311 0.08409950       4              4
 -1  0.000000000         NA          NA         NA       4              4
  0  0.018682235 0.03934559 -0.05843371 0.09579818       3              3
  1  0.017696422 0.03175205 -0.04453645 0.07992930       3              3
  2  0.074836675 0.02745441  0.02102701 0.12864634       2              2
  3  0.044724566 0.08330845 -0.11855700 0.20800613       2              2
  4  0.120143273 0.04164358  0.03852335 0.20176320       1              1
  5  0.387173969 0.04151353  0.30580895 0.46853899       1              1
  6           NA         NA          NA         NA       0              0
  7           NA         NA          NA         NA       0              0
  8           NA         NA          NA         NA       0              0
 treated_units
             3
             3
             3
             4
             4
             3
             3
             2
             2
             1
             1
             0
             0
             0
overall post-reform average:
       att         se      ci_lo     ci_hi cohorts treated_states treated_units
 0.1105429 0.02567431 0.06022214 0.1608636       4              4             4

== twfe.a_poverty.primary (balanced): ok
  e          att         se        ci_lo       ci_hi cohorts treated_states
 -5  0.156675884 0.05716651  0.044631578  0.26872019       3              3
 -4  0.108174657 0.05996131 -0.009347345  0.22569666       3              3
 -3  0.002761949 0.04950882 -0.094273550  0.09979745       3              3
 -2 -0.003445864 0.05341996 -0.108147066  0.10125534       4              4
 -1  0.000000000         NA           NA          NA       4              4
  0  0.019640844 0.04810771 -0.074648543  0.11393023       3              3
  1  0.040451373 0.03520214 -0.028543562  0.10944631       3              3
  2  0.073985761 0.02566980  0.023673877  0.12429764       2              2
  3  0.051270090 0.08006110 -0.105646776  0.20818696       2              2
  4  0.128674453 0.04802825  0.034540819  0.22280809       1              1
  5  0.363570635 0.05288486  0.259918209  0.46722306       1              1
  6 -0.162597739 0.05519680 -0.270781475 -0.05441400       1              1
  7  0.157105156 0.04594410  0.067056368  0.24715394       1              1
  8           NA         NA           NA          NA       0              0
 treated_units
             3
             3
             3
             4
             4
             3
             3
             2
             2
             1
             1
             1
             1
             0
overall post-reform average:
        att         se      ci_lo     ci_hi cohorts treated_states
 0.08401257 0.03207962 0.02113767 0.1468875       4              4
 treated_units
             4

== twfe_static.a_poverty.primary (balanced): ok
[1] NA NA NA NA NA NA NA NA
overall post-reform average:
        att         se       ci_lo      ci_hi cohorts treated_states
 0.01839381 0.03657377 -0.05328946 0.09007708       4              4
 treated_units
             4

== sun_abraham.b_black_white.primary (balanced): ok
  e         att         se         ci_lo       ci_hi cohorts treated_states
 -5  0.02863703 0.03164593 -0.0333878614 0.090661914       2              2
 -4  0.03952054 0.01860544  0.0030545377 0.075986539       2              2
 -3  0.05139898 0.02618870  0.0000700854 0.102727884       2              2
 -2 -0.02504085 0.02179355 -0.0677554247 0.017673718       2              2
 -1  0.00000000         NA            NA          NA       2              2
  0  0.08798945 0.03337676  0.0225722098 0.153406691       2              2
  1 -0.11179525 0.05841803 -0.2262924802 0.002701976       1              1
  2  0.10146761 0.05217663 -0.0007966979 0.203731927       1              1
  3  0.08452655 0.04873187 -0.0109861592 0.180039249       1              1
  4          NA         NA            NA          NA       0              0
  5          NA         NA            NA          NA       0              0
  6          NA         NA            NA          NA       0              0
  7          NA         NA            NA          NA       0              0
  8          NA         NA            NA          NA       0              0
 treated_units
            20
            20
            20
            20
            20
            20
             4
            16
             4
             0
             0
             0
             0
             0
overall post-reform average:
        att         se      ci_lo    ci_hi cohorts treated_states treated_units
 0.04054709 0.03614704 -0.0302998 0.111394       2              2            20

== imputation.b_black_white.primary (balanced): ok
  e          att         se       ci_lo       ci_hi cohorts treated_states
 -5  0.043527735 0.03641236 -0.02783917  0.11489464       2              2
 -4  0.024544978 0.04286808 -0.05947492  0.10856487       2              2
 -3  0.044491939 0.06560497 -0.08409145  0.17307532       2              2
 -2 -0.004653628 0.08088886 -0.16319287  0.15388562       2              2
 -1  0.000000000         NA          NA          NA       2              2
  0  0.072511492 0.02682678  0.01993197  0.12509102       2              2
  1 -0.206204631 0.06906968 -0.34157871 -0.07083055       1              1
  2  0.114365332 0.02506030  0.06524805  0.16348262       1              1
  3 -0.035503263 0.04403922 -0.12181854  0.05081201       1              1
  4           NA         NA          NA          NA       0              0
  5           NA         NA          NA          NA       0              0
  6           NA         NA          NA          NA       0              0
  7           NA         NA          NA          NA       0              0
  8           NA         NA          NA          NA       0              0
 treated_units
            20
            20
            20
            20
            20
            20
             4
            16
             4
             0
             0
             0
             0
             0
overall post-reform average:
         att         se       ci_lo      ci_hi cohorts treated_states
 -0.01370777 0.03304025 -0.07846548 0.05104994       2              2
 treated_units
            20

== synthdid.b_black_white.primary (balanced): ok
  e         att        se      ci_lo     ci_hi cohorts treated_states
 -5          NA        NA         NA        NA       0              0
 -4          NA        NA         NA        NA       0              0
 -3          NA        NA         NA        NA       0              0
 -2          NA        NA         NA        NA       0              0
 -1          NA        NA         NA        NA       0              0
  0  0.04673960 0.1295893 -0.2072508 0.3007300       2              2
  1 -0.15727529 0.1969663 -0.5433222 0.2287716       1              1
  2  0.03879209 0.1444902 -0.2444036 0.3219878       1              1
  3 -0.02170222 0.1145216 -0.2461605 0.2027561       1              1
  4          NA        NA         NA        NA       0              0
  5          NA        NA         NA        NA       0              0
  6          NA        NA         NA        NA       0              0
  7          NA        NA         NA        NA       0              0
  8          NA        NA         NA        NA       0              0
 treated_units
             0
             0
             0
             0
             0
             2
             1
             1
             1
             0
             0
             0
             0
             0
overall post-reform average:
         att        se      ci_lo     ci_hi cohorts treated_states
 -0.02336146 0.1065483 -0.2321923 0.1854694       2              2
 treated_units
             2
synthdid pooled ATT:
          att        se     ci_lo     ci_hi cohorts treated_states
 -0.009341246 0.1061105 -0.217314 0.1986315       2              2

== stacked.b_black_white.primary (balanced): ok
  e         att         se        ci_lo       ci_hi cohorts treated_states
 -5  0.02932898 0.04743921 -0.063650168  0.12230813       2              2
 -4  0.09068459 0.03172245  0.028509737  0.15285944       2              2
 -3  0.07350965 0.03963453 -0.004172611  0.15119191       2              2
 -2 -0.04814308 0.05511145 -0.156159544  0.05987339       2              2
 -1  0.00000000         NA           NA          NA       2              2
  0  0.07420771 0.03951152 -0.003233436  0.15164886       2              2
  1 -0.32762192 0.09486088 -0.513545825 -0.14169801       1              1
  2  0.12364928 0.05369274  0.018413455  0.22888511       1              1
  3 -0.05495276 0.06186222 -0.176200481  0.06629495       1              1
  4          NA         NA           NA          NA       0              0
  5          NA         NA           NA          NA       0              0
  6          NA         NA           NA          NA       0              0
  7          NA         NA           NA          NA       0              0
  8          NA         NA           NA          NA       0              0
 treated_units
            20
            20
            20
            20
            20
            20
             4
            16
             4
             0
             0
             0
             0
             0
overall post-reform average:
         att         se      ci_lo      ci_hi cohorts treated_states
 -0.04617942 0.04987884 -0.1439402 0.05158132       2              2
 treated_units
            20

== twfe.b_black_white.primary (balanced): ok
  e         att         se       ci_lo       ci_hi cohorts treated_states
 -5  0.02654515 0.02957508 -0.03142095  0.08451125       2              2
 -4  0.01351122 0.02368122 -0.03290311  0.05992555       2              2
 -3  0.03476704 0.07097350 -0.10433847  0.17387254       2              2
 -2 -0.01369372 0.08080024 -0.17205927  0.14467184       2              2
 -1  0.00000000         NA          NA          NA       2              2
  0  0.08200628 0.03446874  0.01444880  0.14956376       2              2
  1 -0.21995360 0.07398578 -0.36496306 -0.07494414       1              1
  2  0.12312988 0.04750564  0.03002054  0.21623923       1              1
  3 -0.02177672 0.05046772 -0.12069164  0.07713819       1              1
  4          NA         NA          NA          NA       0              0
  5          NA         NA          NA          NA       0              0
  6          NA         NA          NA          NA       0              0
  7          NA         NA          NA          NA       0              0
  8          NA         NA          NA          NA       0              0
 treated_units
            20
            20
            20
            20
            20
            20
             4
            16
             4
             0
             0
             0
             0
             0
overall post-reform average:
          att         se      ci_lo      ci_hi cohorts treated_states
 -0.009148539 0.04351205 -0.0944306 0.07613352       2              2
 treated_units
            20

== twfe_static.b_black_white.primary (balanced): ok
[1] NA NA NA NA NA NA NA NA
overall post-reform average:
        att         se       ci_lo     ci_hi cohorts treated_states
 0.07462882 0.05098894 -0.02530767 0.1745653       2              2
 treated_units
            20

== sun_abraham.c_hispanic_white.primary (balanced): ok
  e         att         se       ci_lo     ci_hi cohorts treated_states
 -5  0.09341514 0.10196852 -0.10643950 0.2932698       3              3
 -4  0.16704193 0.09706531 -0.02320258 0.3572864       3              3
 -3  0.27224825 0.04947582  0.17527741 0.3692191       3              3
 -2  0.28039535 0.08427988  0.11520982 0.4455809       3              3
 -1  0.00000000         NA          NA        NA       3              3
  0  0.06945914 0.05763990 -0.04351299 0.1824313       2              2
  1 -0.01741124 0.08194804 -0.17802645 0.1432040       2              2
  2  0.19617442 0.05160555  0.09502941 0.2973194       1              1
  3  0.10908846 0.08429156 -0.05611996 0.2742969       1              1
  4          NA         NA          NA        NA       0              0
  5          NA         NA          NA        NA       0              0
  6          NA         NA          NA        NA       0              0
  7          NA         NA          NA        NA       0              0
  8          NA         NA          NA        NA       0              0
 treated_units
            10
            10
            10
            10
            10
             9
             8
             2
             7
             0
             0
             0
             0
             0
overall post-reform average:
        att         se       ci_lo     ci_hi cohorts treated_states
 0.08932769 0.06129264 -0.03080367 0.2094591       3              3
 treated_units
            10

== imputation.c_hispanic_white.primary (balanced): ok
  e         att         se       ci_lo        ci_hi cohorts treated_states
 -5 -0.04462044 0.11182697 -0.26379728  0.174556404       3              3
 -4  0.02116471 0.08043163 -0.13647838  0.178807807       3              3
 -3  0.10644239 0.09078442 -0.07149180  0.284376573       3              3
 -2  0.10486406 0.18334808 -0.25449158  0.464219699       3              3
 -1  0.00000000         NA          NA           NA       3              3
  0 -0.04444784 0.03624175 -0.11548036  0.026584684       2              2
  1 -0.14944023 0.06087178 -0.26874673 -0.030133729       2              2
  2 -0.03085545 0.02003426 -0.07012189  0.008410986       1              1
  3 -0.02060117 0.01990228 -0.05960891  0.018406574       1              1
  4          NA         NA          NA           NA       0              0
  5          NA         NA          NA           NA       0              0
  6          NA         NA          NA           NA       0              0
  7          NA         NA          NA           NA       0              0
  8          NA         NA          NA           NA       0              0
 treated_units
            10
            10
            10
            10
            10
             9
             8
             2
             7
             0
             0
             0
             0
             0
overall post-reform average:
         att         se      ci_lo       ci_hi cohorts treated_states
 -0.06133617 0.02426407 -0.1088929 -0.01377947       3              3
 treated_units
            10

== synthdid.c_hispanic_white.primary (balanced): ok
  e         att        se      ci_lo     ci_hi cohorts treated_states
 -5          NA        NA         NA        NA       0              0
 -4          NA        NA         NA        NA       0              0
 -3          NA        NA         NA        NA       0              0
 -2          NA        NA         NA        NA       0              0
 -1          NA        NA         NA        NA       0              0
  0  0.05192970 0.1400180 -0.2225006 0.3263600       2              2
  1 -0.05174578 0.1465604 -0.3389989 0.2355074       2              2
  2  0.08781127 0.1369697 -0.1806443 0.3562669       1              1
  3  0.01586601 0.1742299 -0.3256183 0.3573503       1              1
  4          NA        NA         NA        NA       0              0
  5          NA        NA         NA        NA       0              0
  6          NA        NA         NA        NA       0              0
  7          NA        NA         NA        NA       0              0
  8          NA        NA         NA        NA       0              0
 treated_units
             0
             0
             0
             0
             0
             2
             2
             1
             1
             0
             0
             0
             0
             0
overall post-reform average:
       att        se      ci_lo     ci_hi cohorts treated_states treated_units
 0.0259653 0.1078253 -0.1853683 0.2372989       3              3             3
synthdid pooled ATT:
        att        se      ci_lo     ci_hi cohorts treated_states
 0.01734085 0.1104271 -0.1990924 0.2337741       3              3

== stacked.c_hispanic_white.primary (balanced): ok
  e          att         se        ci_lo     ci_hi cohorts treated_states
 -5  0.095511716 0.09087231 -0.082594744 0.2736182       3              3
 -4  0.191187017 0.09079102  0.013239894 0.3691341       3              3
 -3  0.278593778 0.06608869  0.149062329 0.4081252       3              3
 -2  0.293367157 0.14785410  0.003578454 0.5831559       3              3
 -1  0.000000000         NA           NA        NA       3              3
  0  0.086878691 0.06010477 -0.030924486 0.2046819       2              2
  1 -0.003516317 0.06920947 -0.139164391 0.1321318       2              2
  2  0.243448072 0.06580154  0.114479423 0.3724167       1              1
  3  0.123839982 0.05491849  0.016201729 0.2314782       1              1
  4           NA         NA           NA        NA       0              0
  5           NA         NA           NA        NA       0              0
  6           NA         NA           NA        NA       0              0
  7           NA         NA           NA        NA       0              0
  8           NA         NA           NA        NA       0              0
 treated_units
            10
            10
            10
            10
            10
             9
             8
             2
             7
             0
             0
             0
             0
             0
overall post-reform average:
       att         se      ci_lo     ci_hi cohorts treated_states treated_units
 0.1126626 0.04870169 0.01720905 0.2081162       3              3            10

== twfe.c_hispanic_white.primary (balanced): ok
  e         att         se        ci_lo     ci_hi cohorts treated_states
 -5  0.06206307 0.10987609 -0.153290105 0.2774162       3              3
 -4  0.11167362 0.10488932 -0.093905673 0.3172529       3              3
 -3  0.18333731 0.09640004 -0.005603303 0.3722779       3              3
 -2  0.19350686 0.14057533 -0.082015727 0.4690294       3              3
 -1  0.00000000         NA           NA        NA       3              3
  0  0.05229438 0.05348477 -0.052533848 0.1571226       2              2
  1 -0.03110383 0.07509527 -0.178287846 0.1160802       2              2
  2  0.06857022 0.08919418 -0.106247151 0.2433876       1              1
  3  0.06303407 0.07819824 -0.090231659 0.2162998       1              1
  4          NA         NA           NA        NA       0              0
  5          NA         NA           NA        NA       0              0
  6          NA         NA           NA        NA       0              0
  7          NA         NA           NA        NA       0              0
  8          NA         NA           NA        NA       0              0
 treated_units
            10
            10
            10
            10
            10
             9
             8
             2
             7
             0
             0
             0
             0
             0
overall post-reform average:
        att         se       ci_lo     ci_hi cohorts treated_states
 0.03819871 0.06691184 -0.09294609 0.1693435       3              3
 treated_units
            10

== twfe_static.c_hispanic_white.primary (balanced): ok
[1] NA NA NA NA NA NA NA NA
overall post-reform average:
         att         se      ci_lo         ci_hi cohorts treated_states
 -0.07182011 0.03648971 -0.1433386 -0.0003015922       3              3
 treated_units
            10

Wrote outputs/06_secondary/appendix/event_time_estimates.csv, outputs/06_secondary/appendix/overall_estimates.csv, outputs/06_secondary/appendix/group_time_estimates.csv, outputs/06_secondary/appendix/model_status.csv, outputs/06_secondary/appendix/panel_counts.csv, outputs/06_secondary/appendix/synthdid_pooled.csv, outputs/06_secondary/appendix/secondary_models.rds
18 achievement models on the balanced panel (6 estimators, 3 gaps, 1 event set(s)); models that stopped with an error: 0. Status per model: outputs/06_secondary/appendix/model_status.csv
Log: outputs/logs/06_secondary_20260913T133735Z.log
