Step 6 secondary estimators (graduation), run 20260912T214329Z; stage 2; blinding PERMUTED; fixest 0.14.2, didimputation 0.5.1, synthdid 0.0.9
Console: panel sizes only. Cohort counts, estimates and model status: outputs/06_secondary/graduation and outputs/logs/06_secondary_graduation_20260912T214329Z.log
Covariates for the 2909 districts in the graduation gap file; district-year flags: 206995 district-years (cep)

== Panels (the step 5 balanced panels), primary suppression sample, graduation
grad_black_white    primary   649 districts in 26 states
grad_hispanic_white primary   456 districts in 27 states
grad_black_white    r1        629 districts in 26 states
grad_hispanic_white r1        431 districts in 27 states
grad_black_white    r2        747 districts in 31 states
grad_hispanic_white r2        543 districts in 31 states

== Units, states, cohorts and observations in each model (panel_counts.csv)
   estimator                 gap event_set    panel     unit units_in_model
 sun_abraham    grad_black_white   primary balanced district            649
  imputation    grad_black_white   primary balanced district            649
    synthdid    grad_black_white   primary balanced    state             25
     stacked    grad_black_white   primary balanced district            649
        twfe    grad_black_white   primary balanced district            649
 twfe_static    grad_black_white   primary balanced district            649
 sun_abraham grad_hispanic_white   primary balanced district            456
  imputation grad_hispanic_white   primary balanced district            456
    synthdid grad_hispanic_white   primary balanced    state             26
     stacked grad_hispanic_white   primary balanced district            456
        twfe grad_hispanic_white   primary balanced district            456
 twfe_static grad_hispanic_white   primary balanced district            456
 sun_abraham    grad_black_white        r2 balanced district            747
  imputation    grad_black_white        r2 balanced district            747
    synthdid    grad_black_white        r2 balanced    state             31
     stacked    grad_black_white        r2 balanced district            747
        twfe    grad_black_white        r2 balanced district            747
 twfe_static    grad_black_white        r2 balanced district            747
 sun_abraham grad_hispanic_white        r2 balanced district            543
  imputation grad_hispanic_white        r2 balanced district            543
    synthdid grad_hispanic_white        r2 balanced    state             31
     stacked grad_hispanic_white        r2 balanced district            543
        twfe grad_hispanic_white        r2 balanced district            543
 twfe_static grad_hispanic_white        r2 balanced district            543
 states_in_model cohorts_in_model treated_units control_units   obs
              26                4            80           569  7139
              26                4            80           569  7139
              25                3             3            22   275
              26                4            80           641 19321
              26                4            80           569  7139
              26                4            80           569  7139
              27                4            96           360  5016
              27                4            96           360  5016
              26                3             3            23   286
              27                4            96           402 12569
              27                4            96           360  5016
              27                4            96           360  5016
              31                1             2           745  8217
              31                1             2           745  8217
              31                1             1            30   341
              31                1             2           745  5976
              31                1             2           745  8217
              31                1             2           745  8217
              31                1            24           519  5973
              31                1            24           519  5973
              31                1             1            30   341
              31                1            24           519  4344
              31                1            24           519  5973
              31                1            24           519  5973

== sun_abraham.grad_black_white.primary: ok
  e         att         se        ci_lo         ci_hi cohorts treated_states
 -5 -0.01117724 0.02424104 -0.058688805  0.0363343292       3              3
 -4 -0.03442299 0.01729423 -0.068319052 -0.0005269217       3              3
 -3  0.05293464 0.01621317  0.021157408  0.0847118776       3              3
 -2 -0.01090072 0.01216572 -0.034745095  0.0129436590       3              3
 -1  0.00000000         NA           NA            NA       4              4
  0 -0.01787121 0.00974997 -0.036980798  0.0012383828       4              4
  1  0.02075289 0.01375180 -0.006200137  0.0477059156       4              4
  2  0.08769181 0.01269220  0.062815552  0.1125680593       3              3
  3  0.12011699 0.02455219  0.071995578  0.1682384088       2              2
  4  0.03737015 0.02365098 -0.008984928  0.0837252190       2              2
  5  0.04856091 0.03970319 -0.029255917  0.1263777431       1              1
  6  0.16465934 0.04367285  0.079062123  0.2502565578       1              1
  7  0.04757800 0.02978053 -0.010790756  0.1059467600       1              1
  8  0.15922957 0.03268800  0.095162270  0.2232968633       1              1
 treated_units
            74
            74
            74
            74
            80
            80
            80
            51
             8
             8
             6
             6
             6
             6
overall post-reform average:
        att         se      ci_lo     ci_hi cohorts treated_states
 0.07423205 0.01476368 0.04529577 0.1031683       4              4
 treated_units
            80

== imputation.grad_black_white.primary: ok
  e          att          se         ci_lo      ci_hi cohorts treated_states
 -5  0.017763695 0.024489333 -0.0302345158 0.06576191       3              3
 -4 -0.004646274 0.019281923 -0.0424381492 0.03314560       3              3
 -3  0.080381490 0.018025385  0.0450523847 0.11571060       3              3
 -2  0.017267278 0.022495884 -0.0268238450 0.06135840       3              3
 -1  0.000000000          NA            NA         NA       4              4
  0 -0.003842586 0.009474809 -0.0224128697 0.01472770       4              4
  1  0.039022399 0.012162888  0.0151835765 0.06286122       4              4
  2  0.079542699 0.018597925  0.0430914357 0.11599396       3              3
  3  0.127136904 0.023092285  0.0818768568 0.17239695       2              2
  4  0.039861692 0.028434854 -0.0158695969 0.09559298       2              2
  5  0.053411220 0.036939165 -0.0189882121 0.12581065       1              1
  6  0.175981912 0.040575148  0.0964560830 0.25550774       1              1
  7  0.054860325 0.027868971  0.0002381457 0.10948250       1              1
  8  0.165940640 0.033267191  0.1007381432 0.23114314       1              1
 treated_units
            74
            74
            74
            74
            80
            80
            80
            51
             8
             8
             6
             6
             6
             6
overall post-reform average:
        att         se      ci_lo     ci_hi cohorts treated_states
 0.08132391 0.01598005 0.05000359 0.1126442       4              4
 treated_units
            80

== synthdid.grad_black_white.primary: ok
notes: 1 of 4 cohort(s) left out: fewer than 2 pre-reform years (synthdid's noise level needs them)
  e         att         se        ci_lo      ci_hi cohorts treated_states
 -5          NA         NA           NA         NA       0              0
 -4          NA         NA           NA         NA       0              0
 -3          NA         NA           NA         NA       0              0
 -2          NA         NA           NA         NA       0              0
 -1          NA         NA           NA         NA       0              0
  0 -0.06741143 0.06739466 -0.199502540 0.06467967       3              3
  1  0.03991744 0.07550909 -0.108077651 0.18791253       3              3
  2  0.16038427 0.07917534  0.005203445 0.31556509       2              2
  3  0.04329982 0.15160873 -0.253847832 0.34044748       1              1
  4  0.01470313 0.09353814 -0.168628247 0.19803451       1              1
  5          NA         NA           NA         NA       0              0
  6          NA         NA           NA         NA       0              0
  7          NA         NA           NA         NA       0              0
  8          NA         NA           NA         NA       0              0
 treated_units
             0
             0
             0
             0
             0
             3
             3
             2
             1
             1
             0
             0
             0
             0
overall post-reform average:
        att         se       ci_lo     ci_hi cohorts treated_states
 0.03817865 0.05361406 -0.06690297 0.1432603       3              3
 treated_units
             3
synthdid pooled ATT:
        att         se       ci_lo     ci_hi cohorts treated_states
 0.02962895 0.04497869 -0.05852766 0.1177856       3              3

== stacked.grad_black_white.primary: ok
  e          att         se        ci_lo       ci_hi cohorts treated_states
 -5 -0.006925017 0.04628656 -0.097645004 0.083794969       3              3
 -4 -0.032529876 0.02056831 -0.072843013 0.007783262       3              3
 -3  0.053802857 0.02581264  0.003211015 0.104394699       3              3
 -2 -0.007067673 0.03577020 -0.077175980 0.063040634       3              3
 -1  0.000000000         NA           NA          NA       4              4
  0 -0.017147597 0.01290466 -0.042440270 0.008145077       4              4
  1  0.024067724 0.01497382 -0.005280428 0.053415876       4              4
  2  0.067817768 0.01876549  0.031038090 0.104597446       3              3
  3  0.082558629 0.02529727  0.032976894 0.132140365       2              2
  4 -0.010863270 0.02776902 -0.065289543 0.043563003       2              2
  5 -0.013172862 0.03992796 -0.091430220 0.065084496       1              1
  6           NA         NA           NA          NA       0              0
  7           NA         NA           NA          NA       0              0
  8           NA         NA           NA          NA       0              0
 treated_units
            74
            74
            74
            74
            80
            80
            80
            51
             8
             8
             6
             0
             0
             0
overall post-reform average:
        att        se        ci_lo      ci_hi cohorts treated_states
 0.02221007 0.0158952 -0.008943961 0.05336409       4              4
 treated_units
            80

== twfe.grad_black_white.primary: ok
  e          att         se        ci_lo       ci_hi cohorts treated_states
 -5 -0.007105187 0.04463187 -0.094582050 0.080371675       3              3
 -4 -0.029362162 0.01871905 -0.066050827 0.007326503       3              3
 -3  0.055779865 0.02465572  0.007455534 0.104104196       3              3
 -2 -0.007014549 0.03438605 -0.074409968 0.060380871       3              3
 -1  0.000000000         NA           NA          NA       4              4
  0 -0.018383476 0.01320514 -0.044265084 0.007498132       4              4
  1  0.020075798 0.01581583 -0.010922669 0.051074264       4              4
  2  0.060820925 0.02413334  0.013520451 0.108121400       3              3
  3  0.079514186 0.02772997  0.025164450 0.133863922       2              2
  4 -0.008400790 0.02961131 -0.066437883 0.049636302       2              2
  5 -0.001279653 0.03667402 -0.073159410 0.070600104       1              1
  6  0.112730984 0.03804610  0.038161993 0.187299975       1              1
  7 -0.015382548 0.02851162 -0.071264300 0.040499203       1              1
  8  0.104222671 0.03726165  0.031191173 0.177254169       1              1
 treated_units
            74
            74
            74
            74
            80
            80
            80
            51
             8
             8
             6
             6
             6
             6
overall post-reform average:
        att        se        ci_lo      ci_hi cohorts treated_states
 0.03710201 0.0186574 0.0005341695 0.07366985       4              4
 treated_units
            80

== twfe_static.grad_black_white.primary: ok
[1] NA NA NA NA NA NA NA NA
overall post-reform average:
        att         se        ci_lo      ci_hi cohorts treated_states
 0.02740668 0.01610099 -0.004150672 0.05896404       4              4
 treated_units
            80

== sun_abraham.grad_hispanic_white.primary: ok
  e         att         se        ci_lo       ci_hi cohorts treated_states
 -5 -0.07220541 0.02179456 -0.114921959 -0.02948886       3              3
 -4 -0.05758049 0.01559534 -0.088146791 -0.02701419       3              3
 -3 -0.04562563 0.01659182 -0.078144988 -0.01310627       3              3
 -2 -0.06769880 0.01240880 -0.092019588 -0.04337800       3              3
 -1  0.00000000         NA           NA          NA       4              4
  0 -0.03594092 0.01319171 -0.061796188 -0.01008565       4              4
  1 -0.04430273 0.01117440 -0.066204160 -0.02240130       4              4
  2 -0.07302910 0.01429868 -0.101053996 -0.04500421       3              3
  3 -0.04938787 0.01809869 -0.084860645 -0.01391509       2              2
  4  0.01186922 0.01394462 -0.015461732  0.03920017       2              2
  5  0.08996271 0.03473662  0.021880177  0.15804524       1              1
  6 -0.03923127 0.02828291 -0.094664748  0.01620221       1              1
  7  0.02696188 0.02825247 -0.028411950  0.08233572       1              1
  8  0.03316407 0.02163137 -0.009232639  0.07556078       1              1
 treated_units
            66
            66
            66
            66
            96
            96
            96
            65
            54
            54
            30
            30
            30
            30
overall post-reform average:
          att         se       ci_lo      ci_hi cohorts treated_states
 -0.008881556 0.01350649 -0.03535378 0.01759067       4              4
 treated_units
            96

== imputation.grad_hispanic_white.primary: ok
  e          att         se       ci_lo        ci_hi cohorts treated_states
 -5 -0.033960329 0.04660260 -0.12529974  0.057379084       3              3
 -4 -0.009171475 0.02586268 -0.05986140  0.041518446       3              3
 -3  0.002487535 0.01428109 -0.02550289  0.030477958       3              3
 -2 -0.026269394 0.04541303 -0.11527729  0.062738505       3              3
 -1  0.000000000         NA          NA           NA       4              4
  0 -0.003645714 0.01212648 -0.02741317  0.020121744       4              4
  1 -0.005990263 0.01119852 -0.02793897  0.015958442       4              4
  2 -0.063622190 0.01311642 -0.08932991 -0.037914474       3              3
  3 -0.072723632 0.01444940 -0.10104394 -0.044403326       2              2
  4 -0.008453402 0.01611391 -0.04003609  0.023129285       2              2
  5  0.084766212 0.03388980  0.01834342  0.151189007       1              1
  6 -0.044715349 0.02763690 -0.09888268  0.009451983       1              1
  7  0.019025506 0.02776492 -0.03539274  0.073443750       1              1
  8  0.023874872 0.02136296 -0.01799577  0.065745511       1              1
 treated_units
            66
            66
            66
            66
            96
            96
            96
            65
            54
            54
            30
            30
            30
            30
overall post-reform average:
          att         se       ci_lo      ci_hi cohorts treated_states
 -0.007942662 0.01524085 -0.03781419 0.02192886       4              4
 treated_units
            96

== synthdid.grad_hispanic_white.primary: ok
notes: 1 of 4 cohort(s) left out: fewer than 2 pre-reform years (synthdid's noise level needs them)
  e         att         se       ci_lo     ci_hi cohorts treated_states
 -5          NA         NA          NA        NA       0              0
 -4          NA         NA          NA        NA       0              0
 -3          NA         NA          NA        NA       0              0
 -2          NA         NA          NA        NA       0              0
 -1          NA         NA          NA        NA       0              0
  0  0.02097369 0.09449074 -0.16422477 0.2061721       3              3
  1  0.01597157 0.07294416 -0.12699636 0.1589395       3              3
  2  0.02535769 0.09971650 -0.17008306 0.2207984       2              2
  3 -0.00734148 0.11581907 -0.23434269 0.2196597       1              1
  4  0.15400700 0.12447039 -0.08995048 0.3979645       1              1
  5          NA         NA          NA        NA       0              0
  6          NA         NA          NA        NA       0              0
  7          NA         NA          NA        NA       0              0
  8          NA         NA          NA        NA       0              0
 treated_units
             0
             0
             0
             0
             0
             3
             3
             2
             1
             1
             0
             0
             0
             0
overall post-reform average:
        att         se       ci_lo    ci_hi cohorts treated_states
 0.04179369 0.06815142 -0.09178064 0.175368       3              3
 treated_units
             3
synthdid pooled ATT:
        att         se       ci_lo     ci_hi cohorts treated_states
 0.03082167 0.06370652 -0.09404082 0.1556842       3              3

== stacked.grad_hispanic_white.primary: ok
  e         att         se       ci_lo         ci_hi cohorts treated_states
 -5 -0.08796908 0.06773169 -0.22072076  0.0447825931       3              3
 -4 -0.06357347 0.03492629 -0.13202773  0.0048807898       3              3
 -3 -0.05219541 0.02638067 -0.10390058 -0.0004902341       3              3
 -2 -0.07703274 0.05118092 -0.17734550  0.0232800155       3              3
 -1  0.00000000         NA          NA            NA       4              4
  0 -0.03522421 0.01851908 -0.07152094  0.0010725121       4              4
  1 -0.04571136 0.03952156 -0.12317219  0.0317494782       4              4
  2 -0.09691166 0.02086975 -0.13781562 -0.0560076946       3              3
  3 -0.07397388 0.02418069 -0.12136716 -0.0265805959       2              2
  4 -0.02596299 0.04905631 -0.12211159  0.0701856122       2              2
  5  0.09478507 0.03902482  0.01829784  0.1712723127       1              1
  6          NA         NA          NA            NA       0              0
  7          NA         NA          NA            NA       0              0
  8          NA         NA          NA            NA       0              0
 treated_units
            66
            66
            66
            66
            96
            96
            96
            65
            54
            54
            30
             0
             0
             0
overall post-reform average:
         att         se       ci_lo     ci_hi cohorts treated_states
 -0.03049984 0.02492797 -0.07935777 0.0183581       4              4
 treated_units
            96

== twfe.grad_hispanic_white.primary: ok
  e         att         se       ci_lo        ci_hi cohorts treated_states
 -5 -0.08603305 0.06569563 -0.21479412  0.042728023       3              3
 -4 -0.06577285 0.03036429 -0.12528576 -0.006259933       3              3
 -3 -0.05107500 0.02336312 -0.09686587 -0.005284130       3              3
 -2 -0.08262222 0.04818846 -0.17706986  0.011825420       3              3
 -1  0.00000000         NA          NA           NA       4              4
  0 -0.04377837 0.01702608 -0.07714887 -0.010407866       4              4
  1 -0.04932332 0.03470282 -0.11733960  0.018692960       4              4
  2 -0.09488179 0.01767747 -0.12952899 -0.060234596       3              3
  3 -0.09062925 0.01909679 -0.12805827 -0.053200227       2              2
  4 -0.02109125 0.04621468 -0.11167036  0.069487851       2              2
  5  0.10192921 0.03786631  0.02771260  0.176145813       1              1
  6 -0.03327736 0.03159189 -0.09519633  0.028641615       1              1
  7  0.03135268 0.03047144 -0.02837025  0.091075613       1              1
  8  0.04291977 0.03058140 -0.01701867  0.102858208       1              1
 treated_units
            66
            66
            66
            66
            96
            96
            96
            65
            54
            54
            30
            30
            30
            30
overall post-reform average:
         att         se       ci_lo      ci_hi cohorts treated_states
 -0.01741997 0.02304403 -0.06258544 0.02774551       4              4
 treated_units
            96

== twfe_static.grad_hispanic_white.primary: ok
[1] NA NA NA NA NA NA NA NA
overall post-reform average:
          att         se       ci_lo      ci_hi cohorts treated_states
 -0.003930228 0.02444539 -0.05184232 0.04398186       4              4
 treated_units
            96

== sun_abraham.grad_black_white.r1: no estimable cohort
  e att se ci_lo ci_hi cohorts treated_states treated_units
 -5  NA NA    NA    NA       0              0             0
 -4  NA NA    NA    NA       0              0             0
 -3  NA NA    NA    NA       0              0             0
 -2  NA NA    NA    NA       0              0             0
 -1  NA NA    NA    NA       0              0             0
  0  NA NA    NA    NA       0              0             0
  1  NA NA    NA    NA       0              0             0
  2  NA NA    NA    NA       0              0             0
  3  NA NA    NA    NA       0              0             0
  4  NA NA    NA    NA       0              0             0
  5  NA NA    NA    NA       0              0             0
  6  NA NA    NA    NA       0              0             0
  7  NA NA    NA    NA       0              0             0
  8  NA NA    NA    NA       0              0             0
overall post-reform average:
 att se ci_lo ci_hi cohorts treated_states treated_units
  NA NA    NA    NA       0              0             0

== imputation.grad_black_white.r1: no estimable cohort
  e att se ci_lo ci_hi cohorts treated_states treated_units
 -5  NA NA    NA    NA       0              0             0
 -4  NA NA    NA    NA       0              0             0
 -3  NA NA    NA    NA       0              0             0
 -2  NA NA    NA    NA       0              0             0
 -1  NA NA    NA    NA       0              0             0
  0  NA NA    NA    NA       0              0             0
  1  NA NA    NA    NA       0              0             0
  2  NA NA    NA    NA       0              0             0
  3  NA NA    NA    NA       0              0             0
  4  NA NA    NA    NA       0              0             0
  5  NA NA    NA    NA       0              0             0
  6  NA NA    NA    NA       0              0             0
  7  NA NA    NA    NA       0              0             0
  8  NA NA    NA    NA       0              0             0
overall post-reform average:
 att se ci_lo ci_hi cohorts treated_states treated_units
  NA NA    NA    NA       0              0             0

== synthdid.grad_black_white.r1: no estimable cohort
  e att se ci_lo ci_hi cohorts treated_states treated_units
 -5  NA NA    NA    NA       0              0             0
 -4  NA NA    NA    NA       0              0             0
 -3  NA NA    NA    NA       0              0             0
 -2  NA NA    NA    NA       0              0             0
 -1  NA NA    NA    NA       0              0             0
  0  NA NA    NA    NA       0              0             0
  1  NA NA    NA    NA       0              0             0
  2  NA NA    NA    NA       0              0             0
  3  NA NA    NA    NA       0              0             0
  4  NA NA    NA    NA       0              0             0
  5  NA NA    NA    NA       0              0             0
  6  NA NA    NA    NA       0              0             0
  7  NA NA    NA    NA       0              0             0
  8  NA NA    NA    NA       0              0             0
overall post-reform average:
 att se ci_lo ci_hi cohorts treated_states treated_units
  NA NA    NA    NA       0              0             0

== stacked.grad_black_white.r1: no estimable cohort
  e att se ci_lo ci_hi cohorts treated_states treated_units
 -5  NA NA    NA    NA       0              0             0
 -4  NA NA    NA    NA       0              0             0
 -3  NA NA    NA    NA       0              0             0
 -2  NA NA    NA    NA       0              0             0
 -1  NA NA    NA    NA       0              0             0
  0  NA NA    NA    NA       0              0             0
  1  NA NA    NA    NA       0              0             0
  2  NA NA    NA    NA       0              0             0
  3  NA NA    NA    NA       0              0             0
  4  NA NA    NA    NA       0              0             0
  5  NA NA    NA    NA       0              0             0
  6  NA NA    NA    NA       0              0             0
  7  NA NA    NA    NA       0              0             0
  8  NA NA    NA    NA       0              0             0
overall post-reform average:
 att se ci_lo ci_hi cohorts treated_states treated_units
  NA NA    NA    NA       0              0             0

== twfe.grad_black_white.r1: no estimable cohort
  e att se ci_lo ci_hi cohorts treated_states treated_units
 -5  NA NA    NA    NA       0              0             0
 -4  NA NA    NA    NA       0              0             0
 -3  NA NA    NA    NA       0              0             0
 -2  NA NA    NA    NA       0              0             0
 -1  NA NA    NA    NA       0              0             0
  0  NA NA    NA    NA       0              0             0
  1  NA NA    NA    NA       0              0             0
  2  NA NA    NA    NA       0              0             0
  3  NA NA    NA    NA       0              0             0
  4  NA NA    NA    NA       0              0             0
  5  NA NA    NA    NA       0              0             0
  6  NA NA    NA    NA       0              0             0
  7  NA NA    NA    NA       0              0             0
  8  NA NA    NA    NA       0              0             0
overall post-reform average:
 att se ci_lo ci_hi cohorts treated_states treated_units
  NA NA    NA    NA       0              0             0

== twfe_static.grad_black_white.r1: no estimable cohort
[1] NA NA NA NA NA NA NA NA
overall post-reform average:
 att se ci_lo ci_hi cohorts treated_states treated_units
  NA NA    NA    NA       0              0             0

== sun_abraham.grad_hispanic_white.r1: no estimable cohort
  e att se ci_lo ci_hi cohorts treated_states treated_units
 -5  NA NA    NA    NA       0              0             0
 -4  NA NA    NA    NA       0              0             0
 -3  NA NA    NA    NA       0              0             0
 -2  NA NA    NA    NA       0              0             0
 -1  NA NA    NA    NA       0              0             0
  0  NA NA    NA    NA       0              0             0
  1  NA NA    NA    NA       0              0             0
  2  NA NA    NA    NA       0              0             0
  3  NA NA    NA    NA       0              0             0
  4  NA NA    NA    NA       0              0             0
  5  NA NA    NA    NA       0              0             0
  6  NA NA    NA    NA       0              0             0
  7  NA NA    NA    NA       0              0             0
  8  NA NA    NA    NA       0              0             0
overall post-reform average:
 att se ci_lo ci_hi cohorts treated_states treated_units
  NA NA    NA    NA       0              0             0

== imputation.grad_hispanic_white.r1: no estimable cohort
  e att se ci_lo ci_hi cohorts treated_states treated_units
 -5  NA NA    NA    NA       0              0             0
 -4  NA NA    NA    NA       0              0             0
 -3  NA NA    NA    NA       0              0             0
 -2  NA NA    NA    NA       0              0             0
 -1  NA NA    NA    NA       0              0             0
  0  NA NA    NA    NA       0              0             0
  1  NA NA    NA    NA       0              0             0
  2  NA NA    NA    NA       0              0             0
  3  NA NA    NA    NA       0              0             0
  4  NA NA    NA    NA       0              0             0
  5  NA NA    NA    NA       0              0             0
  6  NA NA    NA    NA       0              0             0
  7  NA NA    NA    NA       0              0             0
  8  NA NA    NA    NA       0              0             0
overall post-reform average:
 att se ci_lo ci_hi cohorts treated_states treated_units
  NA NA    NA    NA       0              0             0

== synthdid.grad_hispanic_white.r1: no estimable cohort
  e att se ci_lo ci_hi cohorts treated_states treated_units
 -5  NA NA    NA    NA       0              0             0
 -4  NA NA    NA    NA       0              0             0
 -3  NA NA    NA    NA       0              0             0
 -2  NA NA    NA    NA       0              0             0
 -1  NA NA    NA    NA       0              0             0
  0  NA NA    NA    NA       0              0             0
  1  NA NA    NA    NA       0              0             0
  2  NA NA    NA    NA       0              0             0
  3  NA NA    NA    NA       0              0             0
  4  NA NA    NA    NA       0              0             0
  5  NA NA    NA    NA       0              0             0
  6  NA NA    NA    NA       0              0             0
  7  NA NA    NA    NA       0              0             0
  8  NA NA    NA    NA       0              0             0
overall post-reform average:
 att se ci_lo ci_hi cohorts treated_states treated_units
  NA NA    NA    NA       0              0             0

== stacked.grad_hispanic_white.r1: no estimable cohort
  e att se ci_lo ci_hi cohorts treated_states treated_units
 -5  NA NA    NA    NA       0              0             0
 -4  NA NA    NA    NA       0              0             0
 -3  NA NA    NA    NA       0              0             0
 -2  NA NA    NA    NA       0              0             0
 -1  NA NA    NA    NA       0              0             0
  0  NA NA    NA    NA       0              0             0
  1  NA NA    NA    NA       0              0             0
  2  NA NA    NA    NA       0              0             0
  3  NA NA    NA    NA       0              0             0
  4  NA NA    NA    NA       0              0             0
  5  NA NA    NA    NA       0              0             0
  6  NA NA    NA    NA       0              0             0
  7  NA NA    NA    NA       0              0             0
  8  NA NA    NA    NA       0              0             0
overall post-reform average:
 att se ci_lo ci_hi cohorts treated_states treated_units
  NA NA    NA    NA       0              0             0

== twfe.grad_hispanic_white.r1: no estimable cohort
  e att se ci_lo ci_hi cohorts treated_states treated_units
 -5  NA NA    NA    NA       0              0             0
 -4  NA NA    NA    NA       0              0             0
 -3  NA NA    NA    NA       0              0             0
 -2  NA NA    NA    NA       0              0             0
 -1  NA NA    NA    NA       0              0             0
  0  NA NA    NA    NA       0              0             0
  1  NA NA    NA    NA       0              0             0
  2  NA NA    NA    NA       0              0             0
  3  NA NA    NA    NA       0              0             0
  4  NA NA    NA    NA       0              0             0
  5  NA NA    NA    NA       0              0             0
  6  NA NA    NA    NA       0              0             0
  7  NA NA    NA    NA       0              0             0
  8  NA NA    NA    NA       0              0             0
overall post-reform average:
 att se ci_lo ci_hi cohorts treated_states treated_units
  NA NA    NA    NA       0              0             0

== twfe_static.grad_hispanic_white.r1: no estimable cohort
[1] NA NA NA NA NA NA NA NA
overall post-reform average:
 att se ci_lo ci_hi cohorts treated_states treated_units
  NA NA    NA    NA       0              0             0

== sun_abraham.grad_black_white.r2: ok
  e         att         se       ci_lo       ci_hi cohorts treated_states
 -5 -0.12686680 0.09310387 -0.30934704  0.05561344       1              1
 -4 -0.12213987 0.05313988 -0.22629212 -0.01798762       1              1
 -3 -0.11032306 0.08448572 -0.27591203  0.05526591       1              1
 -2 -0.23840813 0.08210235 -0.39932579 -0.07749047       1              1
 -1  0.00000000         NA          NA          NA       1              1
  0  0.15427686 0.06283976  0.03111319  0.27744053       1              1
  1 -0.12210028 0.14115275 -0.39875458  0.15455403       1              1
  2 -0.02950135 0.10137321 -0.22818918  0.16918649       1              1
  3          NA         NA          NA          NA       0              0
  4          NA         NA          NA          NA       0              0
  5          NA         NA          NA          NA       0              0
  6          NA         NA          NA          NA       0              0
  7          NA         NA          NA          NA       0              0
  8          NA         NA          NA          NA       0              0
 treated_units
             2
             2
             2
             2
             2
             2
             2
             2
             0
             0
             0
             0
             0
             0
overall post-reform average:
          att         se      ci_lo     ci_hi cohorts treated_states
 0.0008917452 0.08741925 -0.1704468 0.1722303       1              1
 treated_units
             2

== imputation.grad_black_white.r2: ok
  e         att         se       ci_lo        ci_hi cohorts treated_states
 -5 -0.08857565 0.05220771 -0.19090089  0.013749585       1              1
 -4 -0.08381777 0.04221043 -0.16654868 -0.001086854       1              1
 -3 -0.07202215 0.05754360 -0.18480554  0.040761238       1              1
 -2 -0.20011947 0.05814189 -0.31407548 -0.086163471       1              1
 -1  0.00000000         NA          NA           NA       1              1
  0  0.24769452 0.03011799  0.18866436  0.306724690       1              1
  1 -0.02718178 0.09214015 -0.20777316  0.153409607       1              1
  2  0.06505651 0.07840336 -0.08861126  0.218724277       1              1
  3          NA         NA          NA           NA       0              0
  4          NA         NA          NA           NA       0              0
  5          NA         NA          NA           NA       0              0
  6          NA         NA          NA           NA       0              0
  7          NA         NA          NA           NA       0              0
  8          NA         NA          NA           NA       0              0
 treated_units
             2
             2
             2
             2
             2
             2
             2
             2
             0
             0
             0
             0
             0
             0
overall post-reform average:
        att         se      ci_lo     ci_hi cohorts treated_states
 0.09518975 0.03991904 0.01694987 0.1734296       1              1
 treated_units
             2

== synthdid.grad_black_white.r2: ok
  e        att        se      ci_lo     ci_hi cohorts treated_states
 -5         NA        NA         NA        NA       0              0
 -4         NA        NA         NA        NA       0              0
 -3         NA        NA         NA        NA       0              0
 -2         NA        NA         NA        NA       0              0
 -1         NA        NA         NA        NA       0              0
  0 0.28383472 0.1296590  0.0297077 0.5379617       1              1
  1 0.02694477 0.1326712 -0.2330860 0.2869755       1              1
  2 0.02949280 0.1419424 -0.2487091 0.3076947       1              1
  3         NA        NA         NA        NA       0              0
  4         NA        NA         NA        NA       0              0
  5         NA        NA         NA        NA       0              0
  6         NA        NA         NA        NA       0              0
  7         NA        NA         NA        NA       0              0
  8         NA        NA         NA        NA       0              0
 treated_units
             0
             0
             0
             0
             0
             1
             1
             1
             0
             0
             0
             0
             0
             0
overall post-reform average:
       att         se       ci_lo     ci_hi cohorts treated_states
 0.1134241 0.09014913 -0.06326495 0.2901131       1              1
 treated_units
             1
synthdid pooled ATT:
       att         se       ci_lo     ci_hi cohorts treated_states
 0.1134241 0.09014913 -0.06326495 0.2901131       1              1

== stacked.grad_black_white.r2: ok
  e         att         se       ci_lo       ci_hi cohorts treated_states
 -5 -0.12545021 0.09292074 -0.30757151  0.05667109       1              1
 -4 -0.12428667 0.05376871 -0.22967141 -0.01890194       1              1
 -3 -0.11002969 0.08455356 -0.27575162  0.05569224       1              1
 -2 -0.23670465 0.08135776 -0.39616293 -0.07724636       1              1
 -1  0.00000000         NA          NA          NA       1              1
  0  0.15609612 0.06226528  0.03405842  0.27813382       1              1
  1 -0.12012731 0.14158924 -0.39763713  0.15738251       1              1
  2 -0.03225533 0.10159968 -0.23138704  0.16687639       1              1
  3          NA         NA          NA          NA       0              0
  4          NA         NA          NA          NA       0              0
  5          NA         NA          NA          NA       0              0
  6          NA         NA          NA          NA       0              0
  7          NA         NA          NA          NA       0              0
  8          NA         NA          NA          NA       0              0
 treated_units
             2
             2
             2
             2
             2
             2
             2
             2
             0
             0
             0
             0
             0
             0
overall post-reform average:
         att         se      ci_lo     ci_hi cohorts treated_states
 0.001237829 0.08726006 -0.1697888 0.1722644       1              1
 treated_units
             2

== twfe.grad_black_white.r2: ok
  e         att         se       ci_lo       ci_hi cohorts treated_states
 -5 -0.12686680 0.09310387 -0.30934704  0.05561344       1              1
 -4 -0.12213987 0.05313988 -0.22629212 -0.01798762       1              1
 -3 -0.11032306 0.08448572 -0.27591203  0.05526591       1              1
 -2 -0.23840813 0.08210235 -0.39932579 -0.07749047       1              1
 -1  0.00000000         NA          NA          NA       1              1
  0  0.15427686 0.06283976  0.03111319  0.27744053       1              1
  1 -0.12210028 0.14115275 -0.39875458  0.15455403       1              1
  2 -0.02950135 0.10137321 -0.22818918  0.16918649       1              1
  3          NA         NA          NA          NA       0              0
  4          NA         NA          NA          NA       0              0
  5          NA         NA          NA          NA       0              0
  6          NA         NA          NA          NA       0              0
  7          NA         NA          NA          NA       0              0
  8          NA         NA          NA          NA       0              0
 treated_units
             2
             2
             2
             2
             2
             2
             2
             2
             0
             0
             0
             0
             0
             0
overall post-reform average:
          att         se      ci_lo     ci_hi cohorts treated_states
 0.0008917452 0.08741925 -0.1704468 0.1722303       1              1
 treated_units
             2

== twfe_static.grad_black_white.r2: ok
[1] NA NA NA NA NA NA NA NA
overall post-reform average:
        att         se      ci_lo    ci_hi cohorts treated_states treated_units
 0.09475763 0.04073411 0.01492025 0.174595       1              1             2

== sun_abraham.grad_hispanic_white.r2: ok
  e          att         se       ci_lo        ci_hi cohorts treated_states
 -5  0.024815357 0.03405156 -0.04192448  0.091555194       1              1
 -4  0.054695082 0.02578645  0.00415457  0.105235594       1              1
 -3 -0.005802197 0.02508583 -0.05496952  0.043365131       1              1
 -2 -0.043205806 0.03350220 -0.10886890  0.022457291       1              1
 -1  0.000000000         NA          NA           NA       1              1
  0 -0.042288635 0.02212440 -0.08565167  0.001074396       1              1
  1 -0.072703613 0.03327695 -0.13792523 -0.007481992       1              1
  2  0.089611949 0.02907558  0.03262487  0.146599030       1              1
  3           NA         NA          NA           NA       0              0
  4           NA         NA          NA           NA       0              0
  5           NA         NA          NA           NA       0              0
  6           NA         NA          NA           NA       0              0
  7           NA         NA          NA           NA       0              0
  8           NA         NA          NA           NA       0              0
 treated_units
            24
            24
            24
            24
            24
            24
            24
            24
             0
             0
             0
             0
             0
             0
overall post-reform average:
        att         se       ci_lo      ci_hi cohorts treated_states
 -0.0084601 0.02389029 -0.05528421 0.03836401       1              1
 treated_units
            24

== imputation.grad_hispanic_white.r2: ok
  e          att         se         ci_lo         ci_hi cohorts treated_states
 -5  0.008822461 0.02381276 -0.0378496894  0.0554946124       1              1
 -4  0.039098545 0.01970938  0.0004688614  0.0777282295       1              1
 -3 -0.021529717 0.01860634 -0.0579974733  0.0149380393       1              1
 -2 -0.058930493 0.03561348 -0.1287316340  0.0108706471       1              1
 -1  0.000000000         NA            NA            NA       1              1
  0 -0.049084361 0.02517492 -0.0984263014  0.0002575801       1              1
  1 -0.100365631 0.02477353 -0.1489208542 -0.0518104074       1              1
  2  0.076446803 0.02593941  0.0256064962  0.1272871089       1              1
  3           NA         NA            NA            NA       0              0
  4           NA         NA            NA            NA       0              0
  5           NA         NA            NA            NA       0              0
  6           NA         NA            NA            NA       0              0
  7           NA         NA            NA            NA       0              0
  8           NA         NA            NA            NA       0              0
 treated_units
            24
            24
            24
            24
            24
            24
            24
            24
             0
             0
             0
             0
             0
             0
overall post-reform average:
        att         se       ci_lo      ci_hi cohorts treated_states
 -0.0243344 0.02135141 -0.06618238 0.01751359       1              1
 treated_units
            24

== synthdid.grad_hispanic_white.r2: ok
  e          att        se      ci_lo     ci_hi cohorts treated_states
 -5           NA        NA         NA        NA       0              0
 -4           NA        NA         NA        NA       0              0
 -3           NA        NA         NA        NA       0              0
 -2           NA        NA         NA        NA       0              0
 -1           NA        NA         NA        NA       0              0
  0  0.030885454 0.1402778 -0.2440540 0.3058249       1              1
  1 -0.005904136 0.1752994 -0.3494846 0.3376763       1              1
  2  0.162039250 0.1547007 -0.1411685 0.4652470       1              1
  3           NA        NA         NA        NA       0              0
  4           NA        NA         NA        NA       0              0
  5           NA        NA         NA        NA       0              0
  6           NA        NA         NA        NA       0              0
  7           NA        NA         NA        NA       0              0
  8           NA        NA         NA        NA       0              0
 treated_units
             0
             0
             0
             0
             0
             1
             1
             1
             0
             0
             0
             0
             0
             0
overall post-reform average:
        att       se      ci_lo     ci_hi cohorts treated_states treated_units
 0.06234019 0.139566 -0.2112042 0.3358846       1              1             1
synthdid pooled ATT:
        att       se      ci_lo     ci_hi cohorts treated_states
 0.06234019 0.139566 -0.2112042 0.3358846       1              1

== stacked.grad_hispanic_white.r2: ok
  e          att         se        ci_lo         ci_hi cohorts treated_states
 -5  0.019399874 0.03438366 -0.047990857  0.0867906048       1              1
 -4  0.054320390 0.02582823  0.003697985  0.1049427945       1              1
 -3 -0.007842703 0.02539417 -0.057614360  0.0419289526       1              1
 -2 -0.045210291 0.03338096 -0.110635769  0.0202151864       1              1
 -1  0.000000000         NA           NA            NA       1              1
  0 -0.043933638 0.02197802 -0.087009765 -0.0008575116       1              1
  1 -0.073946657 0.03363607 -0.139872135 -0.0080211801       1              1
  2  0.091706474 0.02898904  0.034889007  0.1485239419       1              1
  3           NA         NA           NA            NA       0              0
  4           NA         NA           NA            NA       0              0
  5           NA         NA           NA            NA       0              0
  6           NA         NA           NA            NA       0              0
  7           NA         NA           NA            NA       0              0
  8           NA         NA           NA            NA       0              0
 treated_units
            24
            24
            24
            24
            24
            24
            24
            24
             0
             0
             0
             0
             0
             0
overall post-reform average:
          att         se       ci_lo      ci_hi cohorts treated_states
 -0.008724607 0.02400518 -0.05577389 0.03832467       1              1
 treated_units
            24

== twfe.grad_hispanic_white.r2: ok
  e          att         se       ci_lo        ci_hi cohorts treated_states
 -5  0.024815357 0.03405156 -0.04192448  0.091555194       1              1
 -4  0.054695082 0.02578645  0.00415457  0.105235594       1              1
 -3 -0.005802197 0.02508583 -0.05496952  0.043365131       1              1
 -2 -0.043205806 0.03350220 -0.10886890  0.022457291       1              1
 -1  0.000000000         NA          NA           NA       1              1
  0 -0.042288635 0.02212440 -0.08565167  0.001074396       1              1
  1 -0.072703613 0.03327695 -0.13792523 -0.007481992       1              1
  2  0.089611949 0.02907558  0.03262487  0.146599030       1              1
  3           NA         NA          NA           NA       0              0
  4           NA         NA          NA           NA       0              0
  5           NA         NA          NA           NA       0              0
  6           NA         NA          NA           NA       0              0
  7           NA         NA          NA           NA       0              0
  8           NA         NA          NA           NA       0              0
 treated_units
            24
            24
            24
            24
            24
            24
            24
            24
             0
             0
             0
             0
             0
             0
overall post-reform average:
        att         se       ci_lo      ci_hi cohorts treated_states
 -0.0084601 0.02389029 -0.05528421 0.03836401       1              1
 treated_units
            24

== twfe_static.grad_hispanic_white.r2: ok
[1] NA NA NA NA NA NA NA NA
overall post-reform average:
         att         se       ci_lo      ci_hi cohorts treated_states
 -0.02035735 0.02179633 -0.06307737 0.02236266       1              1
 treated_units
            24

Wrote outputs/06_secondary/graduation/event_time_estimates.csv, outputs/06_secondary/graduation/overall_estimates.csv, outputs/06_secondary/graduation/group_time_estimates.csv, outputs/06_secondary/graduation/model_status.csv, outputs/06_secondary/graduation/panel_counts.csv, outputs/06_secondary/graduation/synthdid_pooled.csv, outputs/06_secondary/graduation/secondary_models.rds
36 graduation models (6 estimators, 2 gaps, 3 event set(s)); models that stopped with an error: 0. Status per model: outputs/06_secondary/graduation/model_status.csv
Log: outputs/logs/06_secondary_graduation_20260912T214329Z.log
