Step 8 power, run 20260912T011433Z; stage 1; blinding PERMUTED; did 2.5.1
Placebo runs per gap and scenario: 2000  (the registered count)
Minimum detectable effect at 80% power, 5% two-sided test; Section 10 calls the study underpowered if every gap exceeds 0.1 SD
  scenario observed     observed cohort count and observed cohort years -> mde.csv   (sensitivity)
  scenario six_state    6 placebo-treated states, cohort years drawn uniformly from 2011-2013 -> mde_6states.csv   (the registered power calculation)
  scenario ten_state    10 placebo-treated states, cohort years drawn uniformly from 2011-2013 -> mde_10states.csv   (sensitivity)
  scenario twelve_state 12 placebo-treated states, cohort years drawn uniformly from 2011-2013 -> mde_12states.csv   (sensitivity)

== Step 5 panels the placebo runs are built on
a_poverty           38 states    in 38 states, unbalanced panel; 2 treated per observed draw, 6, 10, 12 in the drawn-year scenarios
b_black_white     1509 districts in 40 states, unbalanced panel; 2 treated per observed draw, 6, 10, 12 in the drawn-year scenarios
c_hispanic_white  1589 districts in 38 states, unbalanced panel; 2 treated per observed draw, 6, 10, 12 in the drawn-year scenarios
Panels and estimates agree with outputs/05_primary/panel_counts.csv and overall_estimates.csv

== Registered design, for the projection (end year 2021, 2020 left out)
Treated states with post-reform data by 2021: 6; the registered scenario simulates 6  (they agree)
Mean post-reform end years per treated state: 4.8333; design post-reform state-years: 29

== Placebo runs: 2000 per gap and scenario on 12 workers
  observed     a_poverty        2000/2000 runs estimated,   18.4 s
  observed     b_black_white    1893/2000 runs estimated,  108.4 s
  observed     c_hispanic_white 1941/2000 runs estimated,  120.3 s
  six_state    a_poverty        2000/2000 runs estimated,   19.2 s
  six_state    b_black_white    2000/2000 runs estimated,  124.3 s
  six_state    c_hispanic_white 2000/2000 runs estimated,  127.7 s
  ten_state    a_poverty        2000/2000 runs estimated,   19.2 s
  ten_state    b_black_white    2000/2000 runs estimated,  124.3 s
  ten_state    c_hispanic_white 2000/2000 runs estimated,  128.5 s
  twelve_state a_poverty        2000/2000 runs estimated,   19.7 s
  twelve_state b_black_white    2000/2000 runs estimated,  123.7 s
  twelve_state c_hispanic_white 2000/2000 runs estimated,  127.4 s

== settings
                  setting                             value
                      run                  20260912T011433Z
                    stage                                 1
                 blinding                          PERMUTED
                quick_run                             false
             placebo_reps                              2000
                event_set                           primary
                weighting                        unweighted
                    panel                        unbalanced
               test_level                              0.95
             power_target                               0.8
              mde_ceiling                               0.1
      registered_scenario                         six_state
       seed_step_observed                             power
      seed_step_six_state                           power_6
      seed_step_ten_state                          power_10
   seed_step_twelve_state                          power_12
          six_state_count                                 6
          ten_state_count                                10
       twelve_state_count                                12
     placebo_cohort_years                         2011-2013
      projection_end_year                              2021
 projection_dropped_years                              2020
              master_seed                               130
                  workers                                12
                r_version R version 4.6.1 (2026-06-24 ucrt)
                      did                             2.5.1
                   future                            1.75.0
                    furrr                             0.4.0

== scenario observed: observed cohort count and observed cohort years
 scenario              gap event_set  weighting      panel reps draws_ok
 observed        a_poverty   primary unweighted unbalanced 2000     2000
 observed    b_black_white   primary unweighted unbalanced 2000     1893
 observed c_hispanic_white   primary unweighted unbalanced 2000     1941
 treated_states eligible_states placebo_mean placebo_sd placebo_q05 placebo_q95
              2              38 -0.012826441  0.0754611  -0.1446595   0.1100701
              2              40  0.007269596  0.1072740  -0.1452290   0.2004154
              2              38  0.002346363  0.1242870  -0.1261320   0.1516439
 level power_target crit_value       mde power_at_mde mde_normal   model_se
  0.95          0.8  0.1546079 0.2245819    0.8000000  0.2114107 0.03843195
  0.95          0.8  0.2364313 0.3003160    0.8008452  0.3005374 0.01701899
  0.95          0.8  0.1816984 0.2446754    0.8001030  0.3482007 0.03884202
 mde_over_model_se ceiling underpowered   seconds placebo_post_state_years
          5.843625     0.1            1  18.36954                       NA
         17.645939     0.1            1 108.37785                       NA
          6.299244     0.1            1 120.25229                       NA
 design_treated_states design_mean_post_years design_post_state_years
                    NA                     NA                      NA
                    NA                     NA                      NA
                    NA                     NA                      NA
 projection_scale mde_projection
               NA             NA
               NA             NA
               NA             NA

== scenario six_state: 6 placebo-treated states, cohort years drawn uniformly from 2011-2013
  scenario              gap event_set  weighting      panel reps draws_ok
 six_state        a_poverty   primary unweighted unbalanced 2000     2000
 six_state    b_black_white   primary unweighted unbalanced 2000     2000
 six_state c_hispanic_white   primary unweighted unbalanced 2000     2000
 treated_states eligible_states placebo_mean placebo_sd placebo_q05 placebo_q95
              6              38 -0.001970079 0.06645785 -0.09926651  0.10817727
              6              40 -0.005312347 0.07224747 -0.09154583  0.08650695
              6              38 -0.006882334 0.05421210 -0.08829426  0.08022157
 level power_target crit_value       mde power_at_mde mde_normal   model_se
  0.95          0.8  0.1307868 0.1824230          0.8  0.1861873 0.03843195
  0.95          0.8  0.1158003 0.1678601          0.8  0.2024075 0.01701899
  0.95          0.8  0.1073918 0.1537474          0.8  0.1518798 0.03884202
 mde_over_model_se ceiling underpowered   seconds placebo_post_state_years
          4.746651     0.1            1  19.17571                  11.9970
          9.863106     0.1            1 124.33503                  12.0535
          3.958274     0.1            1 127.74697                  12.0020
 design_treated_states design_mean_post_years design_post_state_years
                     6               4.833333                      29
                     6               4.833333                      29
                     6               4.833333                      29
 projection_scale mde_projection
        0.6431871     0.11733214
        0.6446999     0.10821936
        0.6433211     0.09890894

== scenario ten_state: 10 placebo-treated states, cohort years drawn uniformly from 2011-2013
  scenario              gap event_set  weighting      panel reps draws_ok
 ten_state        a_poverty   primary unweighted unbalanced 2000     2000
 ten_state    b_black_white   primary unweighted unbalanced 2000     2000
 ten_state c_hispanic_white   primary unweighted unbalanced 2000     2000
 treated_states eligible_states placebo_mean placebo_sd placebo_q05 placebo_q95
             10              38  0.002279641 0.05736176 -0.08091691  0.10266058
             10              40 -0.006348157 0.13952878 -0.08427155  0.06675622
             10              38 -0.008039264 0.04725013 -0.07734700  0.06993602
 level power_target crit_value       mde power_at_mde mde_normal   model_se
  0.95          0.8 0.11491154 0.1557495          0.8  0.1607038 0.03843195
  0.95          0.8 0.09431406 0.1426406          0.8  0.3909018 0.01701899
  0.95          0.8 0.09276409 0.1364526          0.8  0.1323753 0.03884202
 mde_over_model_se ceiling underpowered   seconds placebo_post_state_years
          4.052605     0.1            1  19.18666                   20.053
          8.381260     0.1            1 124.25796                   19.973
          3.513015     0.1            1 128.52526                   19.893
 design_treated_states design_mean_post_years design_post_state_years
                     6               4.833333                      29
                     6               4.833333                      29
                     6               4.833333                      29
 projection_scale mde_projection
        0.8315544      0.1295142
        0.8298941      0.1183766
        0.8282304      0.1130142

== scenario twelve_state: 12 placebo-treated states, cohort years drawn uniformly from 2011-2013
     scenario              gap event_set  weighting      panel reps draws_ok
 twelve_state        a_poverty   primary unweighted unbalanced 2000     2000
 twelve_state    b_black_white   primary unweighted unbalanced 2000     2000
 twelve_state c_hispanic_white   primary unweighted unbalanced 2000     2000
 treated_states eligible_states  placebo_mean placebo_sd placebo_q05
             12              38 -0.0004181673 0.05308699 -0.07749008
             12              40 -0.0086119252 0.04658717 -0.07668035
             12              38 -0.0085393337 0.04146297 -0.07121986
 placebo_q95 level power_target crit_value       mde power_at_mde mde_normal
  0.09886553  0.95          0.8 0.10974354 0.1519401          0.8  0.1487277
  0.06272844  0.95          0.8 0.08403281 0.1281463          0.8  0.1305179
  0.05759839  0.95          0.8 0.08166425 0.1219630          0.8  0.1161620
   model_se mde_over_model_se ceiling underpowered   seconds
 0.03843195          3.953485     0.1            1  19.67741
 0.01701899          7.529608     0.1            1 123.65109
 0.03884202          3.139974     0.1            1 127.40688
 placebo_post_state_years design_treated_states design_mean_post_years
                  23.9470                     6               4.833333
                  23.9525                     6               4.833333
                  23.9975                     6               4.833333
 design_post_state_years projection_scale mde_projection
                      29        0.9087126      0.1380699
                      29        0.9088170      0.1164615
                      29        0.9096703      0.1109461

== placebo distribution, deciles
observed a_poverty: -0.296 -0.109 -0.070 -0.047 -0.025 -0.008 0.008 0.026 0.048 0.080 0.172
observed b_black_white: -0.332 -0.090 -0.064 -0.047 -0.023 0.001 0.018 0.037 0.058 0.093 0.516
observed c_hispanic_white: -0.298 -0.099 -0.063 -0.047 -0.027 -0.014 0.012 0.030 0.063 0.099 1.296
six_state a_poverty: -0.179 -0.078 -0.052 -0.033 -0.018 -0.005 0.008 0.022 0.041 0.069 0.452
six_state b_black_white: -0.787 -0.072 -0.052 -0.036 -0.023 -0.009 0.004 0.019 0.034 0.065 0.510
six_state c_hispanic_white: -0.363 -0.069 -0.047 -0.033 -0.022 -0.009 0.003 0.017 0.034 0.059 0.408
ten_state a_poverty: -0.155 -0.065 -0.041 -0.026 -0.014 -0.001 0.010 0.022 0.039 0.070 0.369
ten_state b_black_white: -0.585 -0.068 -0.048 -0.036 -0.024 -0.012 -0.002 0.012 0.028 0.049 4.500
ten_state c_hispanic_white: -0.297 -0.062 -0.044 -0.031 -0.020 -0.010 -0.000 0.012 0.028 0.049 0.366
twelve_state a_poverty: -0.161 -0.060 -0.042 -0.028 -0.017 -0.005 0.006 0.018 0.035 0.066 0.283
twelve_state b_black_white: -0.326 -0.063 -0.044 -0.033 -0.021 -0.010 0.001 0.011 0.026 0.045 0.284
twelve_state c_hispanic_white: -0.434 -0.057 -0.040 -0.028 -0.019 -0.010 -0.001 0.011 0.024 0.043 0.192

== power against effect size
     scenario              gap event_set  weighting      panel      effect
     observed        a_poverty   primary unweighted unbalanced 0.000000000
     observed        a_poverty   primary unweighted unbalanced 0.005614547
     observed        a_poverty   primary unweighted unbalanced 0.011229093
     observed        a_poverty   primary unweighted unbalanced 0.016843640
     observed        a_poverty   primary unweighted unbalanced 0.022458187
     observed        a_poverty   primary unweighted unbalanced 0.028072734
     observed        a_poverty   primary unweighted unbalanced 0.033687280
     observed        a_poverty   primary unweighted unbalanced 0.039301827
     observed        a_poverty   primary unweighted unbalanced 0.044916374
     observed        a_poverty   primary unweighted unbalanced 0.050530921
     observed        a_poverty   primary unweighted unbalanced 0.056145467
     observed        a_poverty   primary unweighted unbalanced 0.061760014
     observed        a_poverty   primary unweighted unbalanced 0.067374561
     observed        a_poverty   primary unweighted unbalanced 0.072989108
     observed        a_poverty   primary unweighted unbalanced 0.078603654
     observed        a_poverty   primary unweighted unbalanced 0.084218201
     observed        a_poverty   primary unweighted unbalanced 0.089832748
     observed        a_poverty   primary unweighted unbalanced 0.095447295
     observed        a_poverty   primary unweighted unbalanced 0.101061841
     observed        a_poverty   primary unweighted unbalanced 0.106676388
     observed        a_poverty   primary unweighted unbalanced 0.112290935
     observed        a_poverty   primary unweighted unbalanced 0.117905482
     observed        a_poverty   primary unweighted unbalanced 0.123520028
     observed        a_poverty   primary unweighted unbalanced 0.129134575
     observed        a_poverty   primary unweighted unbalanced 0.134749122
     observed        a_poverty   primary unweighted unbalanced 0.140363668
     observed        a_poverty   primary unweighted unbalanced 0.145978215
     observed        a_poverty   primary unweighted unbalanced 0.151592762
     observed        a_poverty   primary unweighted unbalanced 0.157207309
     observed        a_poverty   primary unweighted unbalanced 0.162821855
     observed        a_poverty   primary unweighted unbalanced 0.168436402
     observed        a_poverty   primary unweighted unbalanced 0.174050949
     observed        a_poverty   primary unweighted unbalanced 0.179665496
     observed        a_poverty   primary unweighted unbalanced 0.185280042
     observed        a_poverty   primary unweighted unbalanced 0.190894589
     observed        a_poverty   primary unweighted unbalanced 0.196509136
     observed        a_poverty   primary unweighted unbalanced 0.202123683
     observed        a_poverty   primary unweighted unbalanced 0.207738229
     observed        a_poverty   primary unweighted unbalanced 0.213352776
     observed        a_poverty   primary unweighted unbalanced 0.218967323
     observed        a_poverty   primary unweighted unbalanced 0.224581870
     observed        a_poverty   primary unweighted unbalanced 0.230196416
     observed        a_poverty   primary unweighted unbalanced 0.235810963
     observed        a_poverty   primary unweighted unbalanced 0.241425510
     observed        a_poverty   primary unweighted unbalanced 0.247040057
     observed        a_poverty   primary unweighted unbalanced 0.252654603
     observed        a_poverty   primary unweighted unbalanced 0.258269150
     observed        a_poverty   primary unweighted unbalanced 0.263883697
     observed        a_poverty   primary unweighted unbalanced 0.269498243
     observed        a_poverty   primary unweighted unbalanced 0.275112790
     observed        a_poverty   primary unweighted unbalanced 0.280727337
     observed        a_poverty   primary unweighted unbalanced 0.286341884
     observed        a_poverty   primary unweighted unbalanced 0.291956430
     observed        a_poverty   primary unweighted unbalanced 0.297570977
     observed        a_poverty   primary unweighted unbalanced 0.303185524
     observed        a_poverty   primary unweighted unbalanced 0.308800071
     observed        a_poverty   primary unweighted unbalanced 0.314414617
     observed        a_poverty   primary unweighted unbalanced 0.320029164
     observed        a_poverty   primary unweighted unbalanced 0.325643711
     observed        a_poverty   primary unweighted unbalanced 0.331258258
     observed        a_poverty   primary unweighted unbalanced 0.336872804
     observed    b_black_white   primary unweighted unbalanced 0.000000000
     observed    b_black_white   primary unweighted unbalanced 0.007507900
     observed    b_black_white   primary unweighted unbalanced 0.015015801
     observed    b_black_white   primary unweighted unbalanced 0.022523701
     observed    b_black_white   primary unweighted unbalanced 0.030031601
     observed    b_black_white   primary unweighted unbalanced 0.037539502
     observed    b_black_white   primary unweighted unbalanced 0.045047402
     observed    b_black_white   primary unweighted unbalanced 0.052555302
     observed    b_black_white   primary unweighted unbalanced 0.060063203
     observed    b_black_white   primary unweighted unbalanced 0.067571103
     observed    b_black_white   primary unweighted unbalanced 0.075079003
     observed    b_black_white   primary unweighted unbalanced 0.082586904
     observed    b_black_white   primary unweighted unbalanced 0.090094804
     observed    b_black_white   primary unweighted unbalanced 0.097602704
     observed    b_black_white   primary unweighted unbalanced 0.105110605
     observed    b_black_white   primary unweighted unbalanced 0.112618505
     observed    b_black_white   primary unweighted unbalanced 0.120126405
     observed    b_black_white   primary unweighted unbalanced 0.127634306
     observed    b_black_white   primary unweighted unbalanced 0.135142206
     observed    b_black_white   primary unweighted unbalanced 0.142650106
     observed    b_black_white   primary unweighted unbalanced 0.150158006
     observed    b_black_white   primary unweighted unbalanced 0.157665907
     observed    b_black_white   primary unweighted unbalanced 0.165173807
     observed    b_black_white   primary unweighted unbalanced 0.172681707
     observed    b_black_white   primary unweighted unbalanced 0.180189608
     observed    b_black_white   primary unweighted unbalanced 0.187697508
     observed    b_black_white   primary unweighted unbalanced 0.195205408
     observed    b_black_white   primary unweighted unbalanced 0.202713309
     observed    b_black_white   primary unweighted unbalanced 0.210221209
     observed    b_black_white   primary unweighted unbalanced 0.217729109
     observed    b_black_white   primary unweighted unbalanced 0.225237010
     observed    b_black_white   primary unweighted unbalanced 0.232744910
     observed    b_black_white   primary unweighted unbalanced 0.240252810
     observed    b_black_white   primary unweighted unbalanced 0.247760711
     observed    b_black_white   primary unweighted unbalanced 0.255268611
     observed    b_black_white   primary unweighted unbalanced 0.262776511
     observed    b_black_white   primary unweighted unbalanced 0.270284412
     observed    b_black_white   primary unweighted unbalanced 0.277792312
     observed    b_black_white   primary unweighted unbalanced 0.285300212
     observed    b_black_white   primary unweighted unbalanced 0.292808113
     observed    b_black_white   primary unweighted unbalanced 0.300316013
     observed    b_black_white   primary unweighted unbalanced 0.307823913
     observed    b_black_white   primary unweighted unbalanced 0.315331814
     observed    b_black_white   primary unweighted unbalanced 0.322839714
     observed    b_black_white   primary unweighted unbalanced 0.330347614
     observed    b_black_white   primary unweighted unbalanced 0.337855515
     observed    b_black_white   primary unweighted unbalanced 0.345363415
     observed    b_black_white   primary unweighted unbalanced 0.352871315
     observed    b_black_white   primary unweighted unbalanced 0.360379216
     observed    b_black_white   primary unweighted unbalanced 0.367887116
     observed    b_black_white   primary unweighted unbalanced 0.375395016
     observed    b_black_white   primary unweighted unbalanced 0.382902917
     observed    b_black_white   primary unweighted unbalanced 0.390410817
     observed    b_black_white   primary unweighted unbalanced 0.397918717
     observed    b_black_white   primary unweighted unbalanced 0.405426618
     observed    b_black_white   primary unweighted unbalanced 0.412934518
     observed    b_black_white   primary unweighted unbalanced 0.420442418
     observed    b_black_white   primary unweighted unbalanced 0.427950319
     observed    b_black_white   primary unweighted unbalanced 0.435458219
     observed    b_black_white   primary unweighted unbalanced 0.442966119
     observed    b_black_white   primary unweighted unbalanced 0.450474019
     observed c_hispanic_white   primary unweighted unbalanced 0.000000000
     observed c_hispanic_white   primary unweighted unbalanced 0.006116885
     observed c_hispanic_white   primary unweighted unbalanced 0.012233769
     observed c_hispanic_white   primary unweighted unbalanced 0.018350654
     observed c_hispanic_white   primary unweighted unbalanced 0.024467539
     observed c_hispanic_white   primary unweighted unbalanced 0.030584423
     observed c_hispanic_white   primary unweighted unbalanced 0.036701308
     observed c_hispanic_white   primary unweighted unbalanced 0.042818193
     observed c_hispanic_white   primary unweighted unbalanced 0.048935077
     observed c_hispanic_white   primary unweighted unbalanced 0.055051962
     observed c_hispanic_white   primary unweighted unbalanced 0.061168847
     observed c_hispanic_white   primary unweighted unbalanced 0.067285732
     observed c_hispanic_white   primary unweighted unbalanced 0.073402616
     observed c_hispanic_white   primary unweighted unbalanced 0.079519501
     observed c_hispanic_white   primary unweighted unbalanced 0.085636386
     observed c_hispanic_white   primary unweighted unbalanced 0.091753270
     observed c_hispanic_white   primary unweighted unbalanced 0.097870155
     observed c_hispanic_white   primary unweighted unbalanced 0.103987040
     observed c_hispanic_white   primary unweighted unbalanced 0.110103924
     observed c_hispanic_white   primary unweighted unbalanced 0.116220809
     observed c_hispanic_white   primary unweighted unbalanced 0.122337694
     observed c_hispanic_white   primary unweighted unbalanced 0.128454578
     observed c_hispanic_white   primary unweighted unbalanced 0.134571463
     observed c_hispanic_white   primary unweighted unbalanced 0.140688348
     observed c_hispanic_white   primary unweighted unbalanced 0.146805232
     observed c_hispanic_white   primary unweighted unbalanced 0.152922117
     observed c_hispanic_white   primary unweighted unbalanced 0.159039002
     observed c_hispanic_white   primary unweighted unbalanced 0.165155887
     observed c_hispanic_white   primary unweighted unbalanced 0.171272771
     observed c_hispanic_white   primary unweighted unbalanced 0.177389656
     observed c_hispanic_white   primary unweighted unbalanced 0.183506541
     observed c_hispanic_white   primary unweighted unbalanced 0.189623425
     observed c_hispanic_white   primary unweighted unbalanced 0.195740310
     observed c_hispanic_white   primary unweighted unbalanced 0.201857195
     observed c_hispanic_white   primary unweighted unbalanced 0.207974079
     observed c_hispanic_white   primary unweighted unbalanced 0.214090964
     observed c_hispanic_white   primary unweighted unbalanced 0.220207849
     observed c_hispanic_white   primary unweighted unbalanced 0.226324733
     observed c_hispanic_white   primary unweighted unbalanced 0.232441618
     observed c_hispanic_white   primary unweighted unbalanced 0.238558503
     observed c_hispanic_white   primary unweighted unbalanced 0.244675387
     observed c_hispanic_white   primary unweighted unbalanced 0.250792272
     observed c_hispanic_white   primary unweighted unbalanced 0.256909157
     observed c_hispanic_white   primary unweighted unbalanced 0.263026041
     observed c_hispanic_white   primary unweighted unbalanced 0.269142926
     observed c_hispanic_white   primary unweighted unbalanced 0.275259811
     observed c_hispanic_white   primary unweighted unbalanced 0.281376696
     observed c_hispanic_white   primary unweighted unbalanced 0.287493580
     observed c_hispanic_white   primary unweighted unbalanced 0.293610465
     observed c_hispanic_white   primary unweighted unbalanced 0.299727350
     observed c_hispanic_white   primary unweighted unbalanced 0.305844234
     observed c_hispanic_white   primary unweighted unbalanced 0.311961119
     observed c_hispanic_white   primary unweighted unbalanced 0.318078004
     observed c_hispanic_white   primary unweighted unbalanced 0.324194888
     observed c_hispanic_white   primary unweighted unbalanced 0.330311773
     observed c_hispanic_white   primary unweighted unbalanced 0.336428658
     observed c_hispanic_white   primary unweighted unbalanced 0.342545542
     observed c_hispanic_white   primary unweighted unbalanced 0.348662427
     observed c_hispanic_white   primary unweighted unbalanced 0.354779312
     observed c_hispanic_white   primary unweighted unbalanced 0.360896196
     observed c_hispanic_white   primary unweighted unbalanced 0.367013081
    six_state        a_poverty   primary unweighted unbalanced 0.000000000
    six_state        a_poverty   primary unweighted unbalanced 0.004560576
    six_state        a_poverty   primary unweighted unbalanced 0.009121152
    six_state        a_poverty   primary unweighted unbalanced 0.013681727
    six_state        a_poverty   primary unweighted unbalanced 0.018242303
    six_state        a_poverty   primary unweighted unbalanced 0.022802879
    six_state        a_poverty   primary unweighted unbalanced 0.027363455
    six_state        a_poverty   primary unweighted unbalanced 0.031924030
    six_state        a_poverty   primary unweighted unbalanced 0.036484606
    six_state        a_poverty   primary unweighted unbalanced 0.041045182
    six_state        a_poverty   primary unweighted unbalanced 0.045605758
    six_state        a_poverty   primary unweighted unbalanced 0.050166333
    six_state        a_poverty   primary unweighted unbalanced 0.054726909
    six_state        a_poverty   primary unweighted unbalanced 0.059287485
    six_state        a_poverty   primary unweighted unbalanced 0.063848061
    six_state        a_poverty   primary unweighted unbalanced 0.068408636
    six_state        a_poverty   primary unweighted unbalanced 0.072969212
    six_state        a_poverty   primary unweighted unbalanced 0.077529788
    six_state        a_poverty   primary unweighted unbalanced 0.082090364
    six_state        a_poverty   primary unweighted unbalanced 0.086650939
    six_state        a_poverty   primary unweighted unbalanced 0.091211515
    six_state        a_poverty   primary unweighted unbalanced 0.095772091
    six_state        a_poverty   primary unweighted unbalanced 0.100332667
    six_state        a_poverty   primary unweighted unbalanced 0.104893242
    six_state        a_poverty   primary unweighted unbalanced 0.109453818
    six_state        a_poverty   primary unweighted unbalanced 0.114014394
    six_state        a_poverty   primary unweighted unbalanced 0.118574970
    six_state        a_poverty   primary unweighted unbalanced 0.123135545
    six_state        a_poverty   primary unweighted unbalanced 0.127696121
    six_state        a_poverty   primary unweighted unbalanced 0.132256697
    six_state        a_poverty   primary unweighted unbalanced 0.136817273
    six_state        a_poverty   primary unweighted unbalanced 0.141377849
    six_state        a_poverty   primary unweighted unbalanced 0.145938424
    six_state        a_poverty   primary unweighted unbalanced 0.150499000
    six_state        a_poverty   primary unweighted unbalanced 0.155059576
    six_state        a_poverty   primary unweighted unbalanced 0.159620152
    six_state        a_poverty   primary unweighted unbalanced 0.164180727
    six_state        a_poverty   primary unweighted unbalanced 0.168741303
    six_state        a_poverty   primary unweighted unbalanced 0.173301879
    six_state        a_poverty   primary unweighted unbalanced 0.177862455
    six_state        a_poverty   primary unweighted unbalanced 0.182423030
    six_state        a_poverty   primary unweighted unbalanced 0.186983606
    six_state        a_poverty   primary unweighted unbalanced 0.191544182
    six_state        a_poverty   primary unweighted unbalanced 0.196104758
    six_state        a_poverty   primary unweighted unbalanced 0.200665333
    six_state        a_poverty   primary unweighted unbalanced 0.205225909
    six_state        a_poverty   primary unweighted unbalanced 0.209786485
    six_state        a_poverty   primary unweighted unbalanced 0.214347061
    six_state        a_poverty   primary unweighted unbalanced 0.218907636
    six_state        a_poverty   primary unweighted unbalanced 0.223468212
    six_state        a_poverty   primary unweighted unbalanced 0.228028788
    six_state        a_poverty   primary unweighted unbalanced 0.232589364
    six_state        a_poverty   primary unweighted unbalanced 0.237149939
    six_state        a_poverty   primary unweighted unbalanced 0.241710515
    six_state        a_poverty   primary unweighted unbalanced 0.246271091
    six_state        a_poverty   primary unweighted unbalanced 0.250831667
    six_state        a_poverty   primary unweighted unbalanced 0.255392242
    six_state        a_poverty   primary unweighted unbalanced 0.259952818
    six_state        a_poverty   primary unweighted unbalanced 0.264513394
    six_state        a_poverty   primary unweighted unbalanced 0.269073970
    six_state        a_poverty   primary unweighted unbalanced 0.273634545
    six_state    b_black_white   primary unweighted unbalanced 0.000000000
    six_state    b_black_white   primary unweighted unbalanced 0.004196502
    six_state    b_black_white   primary unweighted unbalanced 0.008393003
    six_state    b_black_white   primary unweighted unbalanced 0.012589505
    six_state    b_black_white   primary unweighted unbalanced 0.016786007
    six_state    b_black_white   primary unweighted unbalanced 0.020982508
    six_state    b_black_white   primary unweighted unbalanced 0.025179010
    six_state    b_black_white   primary unweighted unbalanced 0.029375511
    six_state    b_black_white   primary unweighted unbalanced 0.033572013
    six_state    b_black_white   primary unweighted unbalanced 0.037768515
    six_state    b_black_white   primary unweighted unbalanced 0.041965016
    six_state    b_black_white   primary unweighted unbalanced 0.046161518
    six_state    b_black_white   primary unweighted unbalanced 0.050358020
    six_state    b_black_white   primary unweighted unbalanced 0.054554521
    six_state    b_black_white   primary unweighted unbalanced 0.058751023
    six_state    b_black_white   primary unweighted unbalanced 0.062947524
    six_state    b_black_white   primary unweighted unbalanced 0.067144026
    six_state    b_black_white   primary unweighted unbalanced 0.071340528
    six_state    b_black_white   primary unweighted unbalanced 0.075537029
    six_state    b_black_white   primary unweighted unbalanced 0.079733531
    six_state    b_black_white   primary unweighted unbalanced 0.083930033
    six_state    b_black_white   primary unweighted unbalanced 0.088126534
    six_state    b_black_white   primary unweighted unbalanced 0.092323036
    six_state    b_black_white   primary unweighted unbalanced 0.096519537
    six_state    b_black_white   primary unweighted unbalanced 0.100716039
    six_state    b_black_white   primary unweighted unbalanced 0.104912541
    six_state    b_black_white   primary unweighted unbalanced 0.109109042
    six_state    b_black_white   primary unweighted unbalanced 0.113305544
    six_state    b_black_white   primary unweighted unbalanced 0.117502046
    six_state    b_black_white   primary unweighted unbalanced 0.121698547
    six_state    b_black_white   primary unweighted unbalanced 0.125895049
    six_state    b_black_white   primary unweighted unbalanced 0.130091550
    six_state    b_black_white   primary unweighted unbalanced 0.134288052
    six_state    b_black_white   primary unweighted unbalanced 0.138484554
    six_state    b_black_white   primary unweighted unbalanced 0.142681055
    six_state    b_black_white   primary unweighted unbalanced 0.146877557
    six_state    b_black_white   primary unweighted unbalanced 0.151074059
    six_state    b_black_white   primary unweighted unbalanced 0.155270560
    six_state    b_black_white   primary unweighted unbalanced 0.159467062
    six_state    b_black_white   primary unweighted unbalanced 0.163663563
    six_state    b_black_white   primary unweighted unbalanced 0.167860065
    six_state    b_black_white   primary unweighted unbalanced 0.172056567
    six_state    b_black_white   primary unweighted unbalanced 0.176253068
    six_state    b_black_white   primary unweighted unbalanced 0.180449570
    six_state    b_black_white   primary unweighted unbalanced 0.184646072
    six_state    b_black_white   primary unweighted unbalanced 0.188842573
    six_state    b_black_white   primary unweighted unbalanced 0.193039075
    six_state    b_black_white   primary unweighted unbalanced 0.197235576
    six_state    b_black_white   primary unweighted unbalanced 0.201432078
    six_state    b_black_white   primary unweighted unbalanced 0.205628580
    six_state    b_black_white   primary unweighted unbalanced 0.209825081
    six_state    b_black_white   primary unweighted unbalanced 0.214021583
    six_state    b_black_white   primary unweighted unbalanced 0.218218085
    six_state    b_black_white   primary unweighted unbalanced 0.222414586
    six_state    b_black_white   primary unweighted unbalanced 0.226611088
    six_state    b_black_white   primary unweighted unbalanced 0.230807589
    six_state    b_black_white   primary unweighted unbalanced 0.235004091
    six_state    b_black_white   primary unweighted unbalanced 0.239200593
    six_state    b_black_white   primary unweighted unbalanced 0.243397094
    six_state    b_black_white   primary unweighted unbalanced 0.247593596
    six_state    b_black_white   primary unweighted unbalanced 0.251790098
    six_state c_hispanic_white   primary unweighted unbalanced 0.000000000
    six_state c_hispanic_white   primary unweighted unbalanced 0.003843685
    six_state c_hispanic_white   primary unweighted unbalanced 0.007687369
    six_state c_hispanic_white   primary unweighted unbalanced 0.011531054
    six_state c_hispanic_white   primary unweighted unbalanced 0.015374738
    six_state c_hispanic_white   primary unweighted unbalanced 0.019218423
    six_state c_hispanic_white   primary unweighted unbalanced 0.023062107
    six_state c_hispanic_white   primary unweighted unbalanced 0.026905792
    six_state c_hispanic_white   primary unweighted unbalanced 0.030749476
    six_state c_hispanic_white   primary unweighted unbalanced 0.034593161
    six_state c_hispanic_white   primary unweighted unbalanced 0.038436845
    six_state c_hispanic_white   primary unweighted unbalanced 0.042280530
    six_state c_hispanic_white   primary unweighted unbalanced 0.046124214
    six_state c_hispanic_white   primary unweighted unbalanced 0.049967899
    six_state c_hispanic_white   primary unweighted unbalanced 0.053811583
    six_state c_hispanic_white   primary unweighted unbalanced 0.057655268
    six_state c_hispanic_white   primary unweighted unbalanced 0.061498952
    six_state c_hispanic_white   primary unweighted unbalanced 0.065342637
    six_state c_hispanic_white   primary unweighted unbalanced 0.069186322
    six_state c_hispanic_white   primary unweighted unbalanced 0.073030006
    six_state c_hispanic_white   primary unweighted unbalanced 0.076873691
    six_state c_hispanic_white   primary unweighted unbalanced 0.080717375
    six_state c_hispanic_white   primary unweighted unbalanced 0.084561060
    six_state c_hispanic_white   primary unweighted unbalanced 0.088404744
    six_state c_hispanic_white   primary unweighted unbalanced 0.092248429
    six_state c_hispanic_white   primary unweighted unbalanced 0.096092113
    six_state c_hispanic_white   primary unweighted unbalanced 0.099935798
    six_state c_hispanic_white   primary unweighted unbalanced 0.103779482
    six_state c_hispanic_white   primary unweighted unbalanced 0.107623167
    six_state c_hispanic_white   primary unweighted unbalanced 0.111466851
    six_state c_hispanic_white   primary unweighted unbalanced 0.115310536
    six_state c_hispanic_white   primary unweighted unbalanced 0.119154220
    six_state c_hispanic_white   primary unweighted unbalanced 0.122997905
    six_state c_hispanic_white   primary unweighted unbalanced 0.126841589
    six_state c_hispanic_white   primary unweighted unbalanced 0.130685274
    six_state c_hispanic_white   primary unweighted unbalanced 0.134528959
    six_state c_hispanic_white   primary unweighted unbalanced 0.138372643
    six_state c_hispanic_white   primary unweighted unbalanced 0.142216328
    six_state c_hispanic_white   primary unweighted unbalanced 0.146060012
    six_state c_hispanic_white   primary unweighted unbalanced 0.149903697
    six_state c_hispanic_white   primary unweighted unbalanced 0.153747381
    six_state c_hispanic_white   primary unweighted unbalanced 0.157591066
    six_state c_hispanic_white   primary unweighted unbalanced 0.161434750
    six_state c_hispanic_white   primary unweighted unbalanced 0.165278435
    six_state c_hispanic_white   primary unweighted unbalanced 0.169122119
    six_state c_hispanic_white   primary unweighted unbalanced 0.172965804
    six_state c_hispanic_white   primary unweighted unbalanced 0.176809488
    six_state c_hispanic_white   primary unweighted unbalanced 0.180653173
    six_state c_hispanic_white   primary unweighted unbalanced 0.184496857
    six_state c_hispanic_white   primary unweighted unbalanced 0.188340542
    six_state c_hispanic_white   primary unweighted unbalanced 0.192184226
    six_state c_hispanic_white   primary unweighted unbalanced 0.196027911
    six_state c_hispanic_white   primary unweighted unbalanced 0.199871596
    six_state c_hispanic_white   primary unweighted unbalanced 0.203715280
    six_state c_hispanic_white   primary unweighted unbalanced 0.207558965
    six_state c_hispanic_white   primary unweighted unbalanced 0.211402649
    six_state c_hispanic_white   primary unweighted unbalanced 0.215246334
    six_state c_hispanic_white   primary unweighted unbalanced 0.219090018
    six_state c_hispanic_white   primary unweighted unbalanced 0.222933703
    six_state c_hispanic_white   primary unweighted unbalanced 0.226777387
    six_state c_hispanic_white   primary unweighted unbalanced 0.230621072
    ten_state        a_poverty   primary unweighted unbalanced 0.000000000
    ten_state        a_poverty   primary unweighted unbalanced 0.003893737
    ten_state        a_poverty   primary unweighted unbalanced 0.007787474
    ten_state        a_poverty   primary unweighted unbalanced 0.011681211
    ten_state        a_poverty   primary unweighted unbalanced 0.015574949
    ten_state        a_poverty   primary unweighted unbalanced 0.019468686
    ten_state        a_poverty   primary unweighted unbalanced 0.023362423
    ten_state        a_poverty   primary unweighted unbalanced 0.027256160
    ten_state        a_poverty   primary unweighted unbalanced 0.031149897
    ten_state        a_poverty   primary unweighted unbalanced 0.035043634
    ten_state        a_poverty   primary unweighted unbalanced 0.038937371
    ten_state        a_poverty   primary unweighted unbalanced 0.042831108
    ten_state        a_poverty   primary unweighted unbalanced 0.046724846
    ten_state        a_poverty   primary unweighted unbalanced 0.050618583
    ten_state        a_poverty   primary unweighted unbalanced 0.054512320
    ten_state        a_poverty   primary unweighted unbalanced 0.058406057
    ten_state        a_poverty   primary unweighted unbalanced 0.062299794
    ten_state        a_poverty   primary unweighted unbalanced 0.066193531
    ten_state        a_poverty   primary unweighted unbalanced 0.070087268
    ten_state        a_poverty   primary unweighted unbalanced 0.073981006
    ten_state        a_poverty   primary unweighted unbalanced 0.077874743
    ten_state        a_poverty   primary unweighted unbalanced 0.081768480
    ten_state        a_poverty   primary unweighted unbalanced 0.085662217
    ten_state        a_poverty   primary unweighted unbalanced 0.089555954
    ten_state        a_poverty   primary unweighted unbalanced 0.093449691
    ten_state        a_poverty   primary unweighted unbalanced 0.097343428
    ten_state        a_poverty   primary unweighted unbalanced 0.101237165
    ten_state        a_poverty   primary unweighted unbalanced 0.105130903
    ten_state        a_poverty   primary unweighted unbalanced 0.109024640
    ten_state        a_poverty   primary unweighted unbalanced 0.112918377
    ten_state        a_poverty   primary unweighted unbalanced 0.116812114
    ten_state        a_poverty   primary unweighted unbalanced 0.120705851
    ten_state        a_poverty   primary unweighted unbalanced 0.124599588
    ten_state        a_poverty   primary unweighted unbalanced 0.128493325
    ten_state        a_poverty   primary unweighted unbalanced 0.132387063
    ten_state        a_poverty   primary unweighted unbalanced 0.136280800
    ten_state        a_poverty   primary unweighted unbalanced 0.140174537
    ten_state        a_poverty   primary unweighted unbalanced 0.144068274
    ten_state        a_poverty   primary unweighted unbalanced 0.147962011
    ten_state        a_poverty   primary unweighted unbalanced 0.151855748
    ten_state        a_poverty   primary unweighted unbalanced 0.155749485
    ten_state        a_poverty   primary unweighted unbalanced 0.159643222
    ten_state        a_poverty   primary unweighted unbalanced 0.163536960
    ten_state        a_poverty   primary unweighted unbalanced 0.167430697
    ten_state        a_poverty   primary unweighted unbalanced 0.171324434
    ten_state        a_poverty   primary unweighted unbalanced 0.175218171
    ten_state        a_poverty   primary unweighted unbalanced 0.179111908
    ten_state        a_poverty   primary unweighted unbalanced 0.183005645
    ten_state        a_poverty   primary unweighted unbalanced 0.186899382
    ten_state        a_poverty   primary unweighted unbalanced 0.190793120
    ten_state        a_poverty   primary unweighted unbalanced 0.194686857
    ten_state        a_poverty   primary unweighted unbalanced 0.198580594
    ten_state        a_poverty   primary unweighted unbalanced 0.202474331
    ten_state        a_poverty   primary unweighted unbalanced 0.206368068
    ten_state        a_poverty   primary unweighted unbalanced 0.210261805
    ten_state        a_poverty   primary unweighted unbalanced 0.214155542
    ten_state        a_poverty   primary unweighted unbalanced 0.218049279
    ten_state        a_poverty   primary unweighted unbalanced 0.221943017
    ten_state        a_poverty   primary unweighted unbalanced 0.225836754
    ten_state        a_poverty   primary unweighted unbalanced 0.229730491
    ten_state        a_poverty   primary unweighted unbalanced 0.233624228
    ten_state    b_black_white   primary unweighted unbalanced 0.000000000
    ten_state    b_black_white   primary unweighted unbalanced 0.003566014
    ten_state    b_black_white   primary unweighted unbalanced 0.007132028
    ten_state    b_black_white   primary unweighted unbalanced 0.010698042
    ten_state    b_black_white   primary unweighted unbalanced 0.014264056
    ten_state    b_black_white   primary unweighted unbalanced 0.017830070
    ten_state    b_black_white   primary unweighted unbalanced 0.021396084
    ten_state    b_black_white   primary unweighted unbalanced 0.024962098
    ten_state    b_black_white   primary unweighted unbalanced 0.028528112
    ten_state    b_black_white   primary unweighted unbalanced 0.032094126
    ten_state    b_black_white   primary unweighted unbalanced 0.035660140
    ten_state    b_black_white   primary unweighted unbalanced 0.039226154
    ten_state    b_black_white   primary unweighted unbalanced 0.042792168
    ten_state    b_black_white   primary unweighted unbalanced 0.046358182
    ten_state    b_black_white   primary unweighted unbalanced 0.049924196
    ten_state    b_black_white   primary unweighted unbalanced 0.053490210
    ten_state    b_black_white   primary unweighted unbalanced 0.057056224
    ten_state    b_black_white   primary unweighted unbalanced 0.060622238
    ten_state    b_black_white   primary unweighted unbalanced 0.064188252
    ten_state    b_black_white   primary unweighted unbalanced 0.067754266
    ten_state    b_black_white   primary unweighted unbalanced 0.071320280
    ten_state    b_black_white   primary unweighted unbalanced 0.074886294
    ten_state    b_black_white   primary unweighted unbalanced 0.078452308
    ten_state    b_black_white   primary unweighted unbalanced 0.082018322
    ten_state    b_black_white   primary unweighted unbalanced 0.085584336
    ten_state    b_black_white   primary unweighted unbalanced 0.089150350
    ten_state    b_black_white   primary unweighted unbalanced 0.092716364
    ten_state    b_black_white   primary unweighted unbalanced 0.096282378
    ten_state    b_black_white   primary unweighted unbalanced 0.099848392
    ten_state    b_black_white   primary unweighted unbalanced 0.103414406
    ten_state    b_black_white   primary unweighted unbalanced 0.106980420
    ten_state    b_black_white   primary unweighted unbalanced 0.110546434
    ten_state    b_black_white   primary unweighted unbalanced 0.114112448
    ten_state    b_black_white   primary unweighted unbalanced 0.117678462
    ten_state    b_black_white   primary unweighted unbalanced 0.121244476
    ten_state    b_black_white   primary unweighted unbalanced 0.124810490
    ten_state    b_black_white   primary unweighted unbalanced 0.128376504
    ten_state    b_black_white   primary unweighted unbalanced 0.131942518
    ten_state    b_black_white   primary unweighted unbalanced 0.135508532
    ten_state    b_black_white   primary unweighted unbalanced 0.139074546
    ten_state    b_black_white   primary unweighted unbalanced 0.142640560
    ten_state    b_black_white   primary unweighted unbalanced 0.146206574
    ten_state    b_black_white   primary unweighted unbalanced 0.149772588
    ten_state    b_black_white   primary unweighted unbalanced 0.153338601
    ten_state    b_black_white   primary unweighted unbalanced 0.156904615
    ten_state    b_black_white   primary unweighted unbalanced 0.160470629
    ten_state    b_black_white   primary unweighted unbalanced 0.164036643
    ten_state    b_black_white   primary unweighted unbalanced 0.167602657
    ten_state    b_black_white   primary unweighted unbalanced 0.171168671
    ten_state    b_black_white   primary unweighted unbalanced 0.174734685
    ten_state    b_black_white   primary unweighted unbalanced 0.178300699
    ten_state    b_black_white   primary unweighted unbalanced 0.181866713
    ten_state    b_black_white   primary unweighted unbalanced 0.185432727
    ten_state    b_black_white   primary unweighted unbalanced 0.188998741
    ten_state    b_black_white   primary unweighted unbalanced 0.192564755
    ten_state    b_black_white   primary unweighted unbalanced 0.196130769
    ten_state    b_black_white   primary unweighted unbalanced 0.199696783
    ten_state    b_black_white   primary unweighted unbalanced 0.203262797
    ten_state    b_black_white   primary unweighted unbalanced 0.206828811
    ten_state    b_black_white   primary unweighted unbalanced 0.210394825
    ten_state    b_black_white   primary unweighted unbalanced 0.213960839
    ten_state c_hispanic_white   primary unweighted unbalanced 0.000000000
    ten_state c_hispanic_white   primary unweighted unbalanced 0.003411315
    ten_state c_hispanic_white   primary unweighted unbalanced 0.006822631
    ten_state c_hispanic_white   primary unweighted unbalanced 0.010233946
    ten_state c_hispanic_white   primary unweighted unbalanced 0.013645261
    ten_state c_hispanic_white   primary unweighted unbalanced 0.017056577
    ten_state c_hispanic_white   primary unweighted unbalanced 0.020467892
    ten_state c_hispanic_white   primary unweighted unbalanced 0.023879207
    ten_state c_hispanic_white   primary unweighted unbalanced 0.027290523
    ten_state c_hispanic_white   primary unweighted unbalanced 0.030701838
    ten_state c_hispanic_white   primary unweighted unbalanced 0.034113153
    ten_state c_hispanic_white   primary unweighted unbalanced 0.037524469
    ten_state c_hispanic_white   primary unweighted unbalanced 0.040935784
    ten_state c_hispanic_white   primary unweighted unbalanced 0.044347099
    ten_state c_hispanic_white   primary unweighted unbalanced 0.047758415
    ten_state c_hispanic_white   primary unweighted unbalanced 0.051169730
    ten_state c_hispanic_white   primary unweighted unbalanced 0.054581045
    ten_state c_hispanic_white   primary unweighted unbalanced 0.057992361
    ten_state c_hispanic_white   primary unweighted unbalanced 0.061403676
    ten_state c_hispanic_white   primary unweighted unbalanced 0.064814991
    ten_state c_hispanic_white   primary unweighted unbalanced 0.068226307
    ten_state c_hispanic_white   primary unweighted unbalanced 0.071637622
    ten_state c_hispanic_white   primary unweighted unbalanced 0.075048937
    ten_state c_hispanic_white   primary unweighted unbalanced 0.078460253
    ten_state c_hispanic_white   primary unweighted unbalanced 0.081871568
    ten_state c_hispanic_white   primary unweighted unbalanced 0.085282883
    ten_state c_hispanic_white   primary unweighted unbalanced 0.088694199
    ten_state c_hispanic_white   primary unweighted unbalanced 0.092105514
    ten_state c_hispanic_white   primary unweighted unbalanced 0.095516829
    ten_state c_hispanic_white   primary unweighted unbalanced 0.098928145
    ten_state c_hispanic_white   primary unweighted unbalanced 0.102339460
    ten_state c_hispanic_white   primary unweighted unbalanced 0.105750775
    ten_state c_hispanic_white   primary unweighted unbalanced 0.109162091
    ten_state c_hispanic_white   primary unweighted unbalanced 0.112573406
    ten_state c_hispanic_white   primary unweighted unbalanced 0.115984721
    ten_state c_hispanic_white   primary unweighted unbalanced 0.119396037
    ten_state c_hispanic_white   primary unweighted unbalanced 0.122807352
    ten_state c_hispanic_white   primary unweighted unbalanced 0.126218667
    ten_state c_hispanic_white   primary unweighted unbalanced 0.129629983
    ten_state c_hispanic_white   primary unweighted unbalanced 0.133041298
    ten_state c_hispanic_white   primary unweighted unbalanced 0.136452613
    ten_state c_hispanic_white   primary unweighted unbalanced 0.139863929
    ten_state c_hispanic_white   primary unweighted unbalanced 0.143275244
    ten_state c_hispanic_white   primary unweighted unbalanced 0.146686559
    ten_state c_hispanic_white   primary unweighted unbalanced 0.150097875
    ten_state c_hispanic_white   primary unweighted unbalanced 0.153509190
    ten_state c_hispanic_white   primary unweighted unbalanced 0.156920505
    ten_state c_hispanic_white   primary unweighted unbalanced 0.160331821
    ten_state c_hispanic_white   primary unweighted unbalanced 0.163743136
    ten_state c_hispanic_white   primary unweighted unbalanced 0.167154451
    ten_state c_hispanic_white   primary unweighted unbalanced 0.170565767
    ten_state c_hispanic_white   primary unweighted unbalanced 0.173977082
    ten_state c_hispanic_white   primary unweighted unbalanced 0.177388397
    ten_state c_hispanic_white   primary unweighted unbalanced 0.180799712
    ten_state c_hispanic_white   primary unweighted unbalanced 0.184211028
    ten_state c_hispanic_white   primary unweighted unbalanced 0.187622343
    ten_state c_hispanic_white   primary unweighted unbalanced 0.191033658
    ten_state c_hispanic_white   primary unweighted unbalanced 0.194444974
    ten_state c_hispanic_white   primary unweighted unbalanced 0.197856289
    ten_state c_hispanic_white   primary unweighted unbalanced 0.201267604
    ten_state c_hispanic_white   primary unweighted unbalanced 0.204678920
 twelve_state        a_poverty   primary unweighted unbalanced 0.000000000
 twelve_state        a_poverty   primary unweighted unbalanced 0.003798503
 twelve_state        a_poverty   primary unweighted unbalanced 0.007597005
 twelve_state        a_poverty   primary unweighted unbalanced 0.011395508
 twelve_state        a_poverty   primary unweighted unbalanced 0.015194011
 twelve_state        a_poverty   primary unweighted unbalanced 0.018992513
 twelve_state        a_poverty   primary unweighted unbalanced 0.022791016
 twelve_state        a_poverty   primary unweighted unbalanced 0.026589519
 twelve_state        a_poverty   primary unweighted unbalanced 0.030388022
 twelve_state        a_poverty   primary unweighted unbalanced 0.034186524
 twelve_state        a_poverty   primary unweighted unbalanced 0.037985027
 twelve_state        a_poverty   primary unweighted unbalanced 0.041783530
 twelve_state        a_poverty   primary unweighted unbalanced 0.045582032
 twelve_state        a_poverty   primary unweighted unbalanced 0.049380535
 twelve_state        a_poverty   primary unweighted unbalanced 0.053179038
 twelve_state        a_poverty   primary unweighted unbalanced 0.056977540
 twelve_state        a_poverty   primary unweighted unbalanced 0.060776043
 twelve_state        a_poverty   primary unweighted unbalanced 0.064574546
 twelve_state        a_poverty   primary unweighted unbalanced 0.068373048
 twelve_state        a_poverty   primary unweighted unbalanced 0.072171551
 twelve_state        a_poverty   primary unweighted unbalanced 0.075970054
 twelve_state        a_poverty   primary unweighted unbalanced 0.079768556
 twelve_state        a_poverty   primary unweighted unbalanced 0.083567059
 twelve_state        a_poverty   primary unweighted unbalanced 0.087365562
 twelve_state        a_poverty   primary unweighted unbalanced 0.091164065
 twelve_state        a_poverty   primary unweighted unbalanced 0.094962567
 twelve_state        a_poverty   primary unweighted unbalanced 0.098761070
 twelve_state        a_poverty   primary unweighted unbalanced 0.102559573
 twelve_state        a_poverty   primary unweighted unbalanced 0.106358075
 twelve_state        a_poverty   primary unweighted unbalanced 0.110156578
 twelve_state        a_poverty   primary unweighted unbalanced 0.113955081
 twelve_state        a_poverty   primary unweighted unbalanced 0.117753583
 twelve_state        a_poverty   primary unweighted unbalanced 0.121552086
 twelve_state        a_poverty   primary unweighted unbalanced 0.125350589
 twelve_state        a_poverty   primary unweighted unbalanced 0.129149091
 twelve_state        a_poverty   primary unweighted unbalanced 0.132947594
 twelve_state        a_poverty   primary unweighted unbalanced 0.136746097
 twelve_state        a_poverty   primary unweighted unbalanced 0.140544600
 twelve_state        a_poverty   primary unweighted unbalanced 0.144343102
 twelve_state        a_poverty   primary unweighted unbalanced 0.148141605
 twelve_state        a_poverty   primary unweighted unbalanced 0.151940108
 twelve_state        a_poverty   primary unweighted unbalanced 0.155738610
 twelve_state        a_poverty   primary unweighted unbalanced 0.159537113
 twelve_state        a_poverty   primary unweighted unbalanced 0.163335616
 twelve_state        a_poverty   primary unweighted unbalanced 0.167134118
 twelve_state        a_poverty   primary unweighted unbalanced 0.170932621
 twelve_state        a_poverty   primary unweighted unbalanced 0.174731124
 twelve_state        a_poverty   primary unweighted unbalanced 0.178529626
 twelve_state        a_poverty   primary unweighted unbalanced 0.182328129
 twelve_state        a_poverty   primary unweighted unbalanced 0.186126632
 twelve_state        a_poverty   primary unweighted unbalanced 0.189925135
 twelve_state        a_poverty   primary unweighted unbalanced 0.193723637
 twelve_state        a_poverty   primary unweighted unbalanced 0.197522140
 twelve_state        a_poverty   primary unweighted unbalanced 0.201320643
 twelve_state        a_poverty   primary unweighted unbalanced 0.205119145
 twelve_state        a_poverty   primary unweighted unbalanced 0.208917648
 twelve_state        a_poverty   primary unweighted unbalanced 0.212716151
 twelve_state        a_poverty   primary unweighted unbalanced 0.216514653
 twelve_state        a_poverty   primary unweighted unbalanced 0.220313156
 twelve_state        a_poverty   primary unweighted unbalanced 0.224111659
 twelve_state        a_poverty   primary unweighted unbalanced 0.227910161
 twelve_state    b_black_white   primary unweighted unbalanced 0.000000000
 twelve_state    b_black_white   primary unweighted unbalanced 0.003203658
 twelve_state    b_black_white   primary unweighted unbalanced 0.006407315
 twelve_state    b_black_white   primary unweighted unbalanced 0.009610973
 twelve_state    b_black_white   primary unweighted unbalanced 0.012814630
 twelve_state    b_black_white   primary unweighted unbalanced 0.016018288
 twelve_state    b_black_white   primary unweighted unbalanced 0.019221946
 twelve_state    b_black_white   primary unweighted unbalanced 0.022425603
 twelve_state    b_black_white   primary unweighted unbalanced 0.025629261
 twelve_state    b_black_white   primary unweighted unbalanced 0.028832919
 twelve_state    b_black_white   primary unweighted unbalanced 0.032036576
 twelve_state    b_black_white   primary unweighted unbalanced 0.035240234
 twelve_state    b_black_white   primary unweighted unbalanced 0.038443891
 twelve_state    b_black_white   primary unweighted unbalanced 0.041647549
 twelve_state    b_black_white   primary unweighted unbalanced 0.044851207
 twelve_state    b_black_white   primary unweighted unbalanced 0.048054864
 twelve_state    b_black_white   primary unweighted unbalanced 0.051258522
 twelve_state    b_black_white   primary unweighted unbalanced 0.054462180
 twelve_state    b_black_white   primary unweighted unbalanced 0.057665837
 twelve_state    b_black_white   primary unweighted unbalanced 0.060869495
 twelve_state    b_black_white   primary unweighted unbalanced 0.064073152
 twelve_state    b_black_white   primary unweighted unbalanced 0.067276810
 twelve_state    b_black_white   primary unweighted unbalanced 0.070480468
 twelve_state    b_black_white   primary unweighted unbalanced 0.073684125
 twelve_state    b_black_white   primary unweighted unbalanced 0.076887783
 twelve_state    b_black_white   primary unweighted unbalanced 0.080091441
 twelve_state    b_black_white   primary unweighted unbalanced 0.083295098
 twelve_state    b_black_white   primary unweighted unbalanced 0.086498756
 twelve_state    b_black_white   primary unweighted unbalanced 0.089702413
 twelve_state    b_black_white   primary unweighted unbalanced 0.092906071
 twelve_state    b_black_white   primary unweighted unbalanced 0.096109729
 twelve_state    b_black_white   primary unweighted unbalanced 0.099313386
 twelve_state    b_black_white   primary unweighted unbalanced 0.102517044
 twelve_state    b_black_white   primary unweighted unbalanced 0.105720701
 twelve_state    b_black_white   primary unweighted unbalanced 0.108924359
 twelve_state    b_black_white   primary unweighted unbalanced 0.112128017
 twelve_state    b_black_white   primary unweighted unbalanced 0.115331674
 twelve_state    b_black_white   primary unweighted unbalanced 0.118535332
 twelve_state    b_black_white   primary unweighted unbalanced 0.121738990
 twelve_state    b_black_white   primary unweighted unbalanced 0.124942647
 twelve_state    b_black_white   primary unweighted unbalanced 0.128146305
 twelve_state    b_black_white   primary unweighted unbalanced 0.131349962
 twelve_state    b_black_white   primary unweighted unbalanced 0.134553620
 twelve_state    b_black_white   primary unweighted unbalanced 0.137757278
 twelve_state    b_black_white   primary unweighted unbalanced 0.140960935
 twelve_state    b_black_white   primary unweighted unbalanced 0.144164593
 twelve_state    b_black_white   primary unweighted unbalanced 0.147368251
 twelve_state    b_black_white   primary unweighted unbalanced 0.150571908
 twelve_state    b_black_white   primary unweighted unbalanced 0.153775566
 twelve_state    b_black_white   primary unweighted unbalanced 0.156979223
 twelve_state    b_black_white   primary unweighted unbalanced 0.160182881
 twelve_state    b_black_white   primary unweighted unbalanced 0.163386539
 twelve_state    b_black_white   primary unweighted unbalanced 0.166590196
 twelve_state    b_black_white   primary unweighted unbalanced 0.169793854
 twelve_state    b_black_white   primary unweighted unbalanced 0.172997512
 twelve_state    b_black_white   primary unweighted unbalanced 0.176201169
 twelve_state    b_black_white   primary unweighted unbalanced 0.179404827
 twelve_state    b_black_white   primary unweighted unbalanced 0.182608484
 twelve_state    b_black_white   primary unweighted unbalanced 0.185812142
 twelve_state    b_black_white   primary unweighted unbalanced 0.189015800
 twelve_state    b_black_white   primary unweighted unbalanced 0.192219457
 twelve_state c_hispanic_white   primary unweighted unbalanced 0.000000000
 twelve_state c_hispanic_white   primary unweighted unbalanced 0.003049074
 twelve_state c_hispanic_white   primary unweighted unbalanced 0.006098148
 twelve_state c_hispanic_white   primary unweighted unbalanced 0.009147222
 twelve_state c_hispanic_white   primary unweighted unbalanced 0.012196296
 twelve_state c_hispanic_white   primary unweighted unbalanced 0.015245369
 twelve_state c_hispanic_white   primary unweighted unbalanced 0.018294443
 twelve_state c_hispanic_white   primary unweighted unbalanced 0.021343517
 twelve_state c_hispanic_white   primary unweighted unbalanced 0.024392591
 twelve_state c_hispanic_white   primary unweighted unbalanced 0.027441665
 twelve_state c_hispanic_white   primary unweighted unbalanced 0.030490739
 twelve_state c_hispanic_white   primary unweighted unbalanced 0.033539813
 twelve_state c_hispanic_white   primary unweighted unbalanced 0.036588887
 twelve_state c_hispanic_white   primary unweighted unbalanced 0.039637961
 twelve_state c_hispanic_white   primary unweighted unbalanced 0.042687034
 twelve_state c_hispanic_white   primary unweighted unbalanced 0.045736108
 twelve_state c_hispanic_white   primary unweighted unbalanced 0.048785182
 twelve_state c_hispanic_white   primary unweighted unbalanced 0.051834256
 twelve_state c_hispanic_white   primary unweighted unbalanced 0.054883330
 twelve_state c_hispanic_white   primary unweighted unbalanced 0.057932404
 twelve_state c_hispanic_white   primary unweighted unbalanced 0.060981478
 twelve_state c_hispanic_white   primary unweighted unbalanced 0.064030552
 twelve_state c_hispanic_white   primary unweighted unbalanced 0.067079626
 twelve_state c_hispanic_white   primary unweighted unbalanced 0.070128699
 twelve_state c_hispanic_white   primary unweighted unbalanced 0.073177773
 twelve_state c_hispanic_white   primary unweighted unbalanced 0.076226847
 twelve_state c_hispanic_white   primary unweighted unbalanced 0.079275921
 twelve_state c_hispanic_white   primary unweighted unbalanced 0.082324995
 twelve_state c_hispanic_white   primary unweighted unbalanced 0.085374069
 twelve_state c_hispanic_white   primary unweighted unbalanced 0.088423143
 twelve_state c_hispanic_white   primary unweighted unbalanced 0.091472217
 twelve_state c_hispanic_white   primary unweighted unbalanced 0.094521291
 twelve_state c_hispanic_white   primary unweighted unbalanced 0.097570364
 twelve_state c_hispanic_white   primary unweighted unbalanced 0.100619438
 twelve_state c_hispanic_white   primary unweighted unbalanced 0.103668512
 twelve_state c_hispanic_white   primary unweighted unbalanced 0.106717586
 twelve_state c_hispanic_white   primary unweighted unbalanced 0.109766660
 twelve_state c_hispanic_white   primary unweighted unbalanced 0.112815734
 twelve_state c_hispanic_white   primary unweighted unbalanced 0.115864808
 twelve_state c_hispanic_white   primary unweighted unbalanced 0.118913882
 twelve_state c_hispanic_white   primary unweighted unbalanced 0.121962956
 twelve_state c_hispanic_white   primary unweighted unbalanced 0.125012029
 twelve_state c_hispanic_white   primary unweighted unbalanced 0.128061103
 twelve_state c_hispanic_white   primary unweighted unbalanced 0.131110177
 twelve_state c_hispanic_white   primary unweighted unbalanced 0.134159251
 twelve_state c_hispanic_white   primary unweighted unbalanced 0.137208325
 twelve_state c_hispanic_white   primary unweighted unbalanced 0.140257399
 twelve_state c_hispanic_white   primary unweighted unbalanced 0.143306473
 twelve_state c_hispanic_white   primary unweighted unbalanced 0.146355547
 twelve_state c_hispanic_white   primary unweighted unbalanced 0.149404621
 twelve_state c_hispanic_white   primary unweighted unbalanced 0.152453694
 twelve_state c_hispanic_white   primary unweighted unbalanced 0.155502768
 twelve_state c_hispanic_white   primary unweighted unbalanced 0.158551842
 twelve_state c_hispanic_white   primary unweighted unbalanced 0.161600916
 twelve_state c_hispanic_white   primary unweighted unbalanced 0.164649990
 twelve_state c_hispanic_white   primary unweighted unbalanced 0.167699064
 twelve_state c_hispanic_white   primary unweighted unbalanced 0.170748138
 twelve_state c_hispanic_white   primary unweighted unbalanced 0.173797212
 twelve_state c_hispanic_white   primary unweighted unbalanced 0.176846286
 twelve_state c_hispanic_white   primary unweighted unbalanced 0.179895359
 twelve_state c_hispanic_white   primary unweighted unbalanced 0.182944433
      power
 0.05000000
 0.04650000
 0.04350000
 0.04250000
 0.04300000
 0.04400000
 0.05250000
 0.06700000
 0.06700000
 0.07050000
 0.07550000
 0.08750000
 0.09550000
 0.10200000
 0.11900000
 0.13250000
 0.14800000
 0.17450000
 0.18250000
 0.20350000
 0.22800000
 0.25750000
 0.28350000
 0.30650000
 0.33300000
 0.36750000
 0.39650000
 0.42500000
 0.46800000
 0.50150000
 0.54400000
 0.57550000
 0.59950000
 0.61950000
 0.64350000
 0.67050000
 0.70150000
 0.71900000
 0.73700000
 0.76950000
 0.80000000
 0.81350000
 0.83100000
 0.84100000
 0.85800000
 0.87750000
 0.88850000
 0.90150000
 0.91300000
 0.92350000
 0.93050000
 0.93250000
 0.93650000
 0.94300000
 0.95550000
 0.95650000
 0.96150000
 0.96550000
 0.97050000
 0.97250000
 0.97450000
 0.05018489
 0.05388273
 0.05388273
 0.05388273
 0.05493925
 0.05493925
 0.05599577
 0.06286318
 0.06550449
 0.07448494
 0.07448494
 0.07448494
 0.07554147
 0.07501321
 0.08082409
 0.08082409
 0.08610671
 0.09191759
 0.09297412
 0.09984152
 0.11885895
 0.14632858
 0.15742208
 0.17274168
 0.21870048
 0.25673534
 0.28737454
 0.31325938
 0.36133122
 0.39672478
 0.43951400
 0.48388801
 0.52667723
 0.55890122
 0.57686212
 0.61331220
 0.63444268
 0.66666667
 0.70628632
 0.76228209
 0.80084522
 0.82673006
 0.85895404
 0.89381933
 0.91125198
 0.91706286
 0.92023244
 0.92762810
 0.92974115
 0.93502377
 0.94400423
 0.95034337
 0.96249340
 0.97094559
 0.97939778
 0.98098257
 0.98256735
 0.99101955
 0.99366086
 0.99524564
 0.99524564
 0.05151984
 0.05151984
 0.04842865
 0.05306543
 0.06079341
 0.06491499
 0.06852138
 0.07058217
 0.07367336
 0.07727975
 0.07624936
 0.07831015
 0.09428130
 0.10252447
 0.11695003
 0.13137558
 0.15043792
 0.15455951
 0.18238022
 0.19113859
 0.21586811
 0.22874807
 0.24729521
 0.26996394
 0.28902628
 0.30448223
 0.34363730
 0.37712519
 0.40340031
 0.41937146
 0.44307058
 0.48171046
 0.50592478
 0.54868624
 0.59969088
 0.63266358
 0.66460587
 0.69088099
 0.72952087
 0.76816074
 0.80010304
 0.82328697
 0.85110768
 0.86347244
 0.87429160
 0.88923235
 0.90056672
 0.91705307
 0.92478104
 0.93611540
 0.94744977
 0.95363215
 0.96239052
 0.96960330
 0.97063369
 0.97424008
 0.97578568
 0.97733127
 0.97836167
 0.97887687
 0.98145286
 0.05000000
 0.04850000
 0.05000000
 0.04900000
 0.05150000
 0.05600000
 0.05550000
 0.05900000
 0.06450000
 0.06850000
 0.07550000
 0.07950000
 0.08550000
 0.09550000
 0.10800000
 0.12100000
 0.13650000
 0.15350000
 0.16750000
 0.18400000
 0.20650000
 0.22250000
 0.24750000
 0.27800000
 0.30350000
 0.33800000
 0.36550000
 0.40150000
 0.44150000
 0.47850000
 0.51250000
 0.54350000
 0.57150000
 0.61100000
 0.63600000
 0.67150000
 0.70250000
 0.72600000
 0.74950000
 0.77500000
 0.80000000
 0.81800000
 0.83900000
 0.85650000
 0.87550000
 0.89050000
 0.90400000
 0.91600000
 0.92450000
 0.93200000
 0.94200000
 0.95450000
 0.96100000
 0.96650000
 0.96850000
 0.97200000
 0.97600000
 0.98100000
 0.98600000
 0.98800000
 0.99000000
 0.05000000
 0.04800000
 0.04650000
 0.04700000
 0.04900000
 0.05050000
 0.05450000
 0.05850000
 0.06300000
 0.07200000
 0.07950000
 0.08900000
 0.10050000
 0.11450000
 0.12600000
 0.13900000
 0.15000000
 0.16350000
 0.18050000
 0.19500000
 0.21750000
 0.24650000
 0.27250000
 0.30350000
 0.33500000
 0.36050000
 0.38700000
 0.41300000
 0.44400000
 0.47550000
 0.51450000
 0.54300000
 0.57050000
 0.60200000
 0.63550000
 0.66050000
 0.69000000
 0.72250000
 0.74500000
 0.77800000
 0.80000000
 0.82650000
 0.84800000
 0.87000000
 0.89200000
 0.90750000
 0.92550000
 0.93400000
 0.94350000
 0.94900000
 0.95550000
 0.96200000
 0.96650000
 0.97000000
 0.97350000
 0.97750000
 0.98150000
 0.98500000
 0.98650000
 0.98800000
 0.99100000
 0.05000000
 0.04700000
 0.04550000
 0.04900000
 0.04800000
 0.04950000
 0.05250000
 0.05850000
 0.06350000
 0.07400000
 0.08200000
 0.09200000
 0.10400000
 0.11200000
 0.12300000
 0.13900000
 0.15150000
 0.16450000
 0.18500000
 0.20350000
 0.22400000
 0.24100000
 0.26200000
 0.29450000
 0.32000000
 0.34400000
 0.37150000
 0.39750000
 0.42650000
 0.45900000
 0.48950000
 0.52100000
 0.54850000
 0.57800000
 0.61800000
 0.64850000
 0.68400000
 0.71500000
 0.74500000
 0.77150000
 0.80000000
 0.81850000
 0.83750000
 0.85750000
 0.87600000
 0.89150000
 0.90200000
 0.91350000
 0.92400000
 0.93150000
 0.94350000
 0.95150000
 0.95850000
 0.96250000
 0.96800000
 0.97350000
 0.97700000
 0.98100000
 0.98400000
 0.98500000
 0.98800000
 0.05000000
 0.04950000
 0.05050000
 0.05250000
 0.05650000
 0.06000000
 0.06400000
 0.06850000
 0.07450000
 0.08150000
 0.08700000
 0.09450000
 0.10450000
 0.10950000
 0.11750000
 0.12650000
 0.13450000
 0.14950000
 0.16850000
 0.18750000
 0.20750000
 0.23350000
 0.26250000
 0.28050000
 0.30550000
 0.33300000
 0.36550000
 0.40000000
 0.43000000
 0.47350000
 0.50600000
 0.53550000
 0.56200000
 0.59750000
 0.63150000
 0.66700000
 0.69500000
 0.72750000
 0.75800000
 0.78200000
 0.80000000
 0.81850000
 0.83350000
 0.85350000
 0.87000000
 0.88350000
 0.89800000
 0.91000000
 0.92200000
 0.93450000
 0.94800000
 0.95500000
 0.96300000
 0.97050000
 0.97500000
 0.97850000
 0.98250000
 0.98750000
 0.98900000
 0.99050000
 0.99400000
 0.05000000
 0.04800000
 0.04650000
 0.04700000
 0.04800000
 0.05050000
 0.05400000
 0.05900000
 0.06750000
 0.07450000
 0.08100000
 0.09150000
 0.10000000
 0.10800000
 0.12500000
 0.13950000
 0.14900000
 0.16950000
 0.18900000
 0.21050000
 0.23100000
 0.25600000
 0.27900000
 0.30050000
 0.32250000
 0.34600000
 0.37800000
 0.40250000
 0.43100000
 0.46700000
 0.50450000
 0.53300000
 0.56800000
 0.59550000
 0.62650000
 0.65450000
 0.68550000
 0.71800000
 0.74650000
 0.77400000
 0.80000000
 0.82400000
 0.83500000
 0.85800000
 0.87400000
 0.89300000
 0.90500000
 0.92300000
 0.93200000
 0.94050000
 0.95000000
 0.95750000
 0.96450000
 0.96850000
 0.97250000
 0.97600000
 0.97700000
 0.97950000
 0.98300000
 0.98400000
 0.98500000
 0.05000000
 0.04950000
 0.04800000
 0.04600000
 0.04850000
 0.05150000
 0.05650000
 0.06100000
 0.06600000
 0.07050000
 0.08150000
 0.09050000
 0.09800000
 0.10900000
 0.12100000
 0.13400000
 0.15050000
 0.16550000
 0.18300000
 0.20200000
 0.21800000
 0.24650000
 0.27000000
 0.29050000
 0.31000000
 0.33550000
 0.36400000
 0.39750000
 0.42650000
 0.45650000
 0.49750000
 0.53050000
 0.56150000
 0.59200000
 0.62950000
 0.66600000
 0.69200000
 0.72300000
 0.75400000
 0.77850000
 0.80000000
 0.82600000
 0.84850000
 0.86700000
 0.88050000
 0.89700000
 0.91250000
 0.92600000
 0.93200000
 0.94500000
 0.95150000
 0.95650000
 0.96400000
 0.96950000
 0.97400000
 0.97550000
 0.98000000
 0.98450000
 0.98750000
 0.98950000
 0.98900000
 0.05000000
 0.05250000
 0.05550000
 0.05600000
 0.06050000
 0.06400000
 0.06750000
 0.07500000
 0.08000000
 0.08450000
 0.08950000
 0.09550000
 0.10400000
 0.11500000
 0.13000000
 0.13650000
 0.14800000
 0.15950000
 0.17900000
 0.19200000
 0.20700000
 0.22900000
 0.24900000
 0.27100000
 0.29300000
 0.32500000
 0.35350000
 0.39050000
 0.42200000
 0.46050000
 0.49550000
 0.52950000
 0.56350000
 0.59250000
 0.62800000
 0.66350000
 0.69000000
 0.72000000
 0.74800000
 0.77400000
 0.80000000
 0.82500000
 0.84950000
 0.86800000
 0.88650000
 0.90200000
 0.91200000
 0.92550000
 0.93650000
 0.94700000
 0.95500000
 0.96150000
 0.96750000
 0.97450000
 0.97850000
 0.98150000
 0.98800000
 0.98950000
 0.99100000
 0.99250000
 0.99400000
 0.05000000
 0.05050000
 0.04700000
 0.04950000
 0.04900000
 0.05100000
 0.05550000
 0.06300000
 0.06800000
 0.07150000
 0.08100000
 0.09200000
 0.10400000
 0.11800000
 0.13450000
 0.14750000
 0.16050000
 0.18250000
 0.20400000
 0.22050000
 0.24000000
 0.25600000
 0.28400000
 0.31150000
 0.33950000
 0.36850000
 0.40250000
 0.43250000
 0.45950000
 0.49050000
 0.52050000
 0.54950000
 0.57700000
 0.61550000
 0.64450000
 0.66900000
 0.69000000
 0.72400000
 0.74850000
 0.77100000
 0.80000000
 0.82400000
 0.84200000
 0.86000000
 0.87450000
 0.88750000
 0.90000000
 0.91200000
 0.92350000
 0.93600000
 0.94700000
 0.95800000
 0.96550000
 0.96850000
 0.97400000
 0.97900000
 0.98300000
 0.98600000
 0.98750000
 0.98950000
 0.99050000
 0.05000000
 0.04550000
 0.04500000
 0.04350000
 0.04300000
 0.04800000
 0.05050000
 0.05450000
 0.05950000
 0.06700000
 0.07850000
 0.09050000
 0.09800000
 0.11000000
 0.12050000
 0.13200000
 0.14750000
 0.16400000
 0.18100000
 0.20600000
 0.22600000
 0.24400000
 0.26950000
 0.29600000
 0.32250000
 0.34550000
 0.37100000
 0.39700000
 0.42500000
 0.46250000
 0.49450000
 0.52700000
 0.56750000
 0.60000000
 0.62850000
 0.66700000
 0.70300000
 0.73100000
 0.75600000
 0.77800000
 0.80000000
 0.82000000
 0.84200000
 0.86350000
 0.88050000
 0.89600000
 0.90600000
 0.91550000
 0.92950000
 0.94100000
 0.95050000
 0.95550000
 0.96150000
 0.96700000
 0.97100000
 0.97700000
 0.98000000
 0.98350000
 0.98800000
 0.99050000
 0.99100000

== model status
     scenario              gap event_set  weighting      panel status
     observed        a_poverty   primary unweighted unbalanced     ok
     observed    b_black_white   primary unweighted unbalanced     ok
     observed c_hispanic_white   primary unweighted unbalanced     ok
    six_state        a_poverty   primary unweighted unbalanced     ok
    six_state    b_black_white   primary unweighted unbalanced     ok
    six_state c_hispanic_white   primary unweighted unbalanced     ok
    ten_state        a_poverty   primary unweighted unbalanced     ok
    ten_state    b_black_white   primary unweighted unbalanced     ok
    ten_state c_hispanic_white   primary unweighted unbalanced     ok
 twelve_state        a_poverty   primary unweighted unbalanced     ok
 twelve_state    b_black_white   primary unweighted unbalanced     ok
 twelve_state c_hispanic_white   primary unweighted unbalanced     ok
                                          notes
                                               
 107 of 2000 placebo runs had no estimable cell
  59 of 2000 placebo runs had no estimable cell
                                               
                                               
                                               
                                               
                                               
                                               
                                               
                                               
                                               

== Minimum detectable effect, 80% power, 5% two-sided test (V units, that is SD)
              gap mde_observed mde_six_state mde_ten_state mde_twelve_state
        a_poverty       0.2246        0.1824        0.1557           0.1519
    b_black_white       0.3003        0.1679        0.1426           0.1281
 c_hispanic_white       0.2447        0.1537        0.1365           0.1220
 ratio_reg_to_observed over_ceiling
                 0.812          yes
                 0.559          yes
                 0.628          yes
Section 10's 0.1 SD rule is applied to the six_state scenario (6 placebo-treated states, the registered power calculation): it is exceeded for 3 of 3 primary gaps -> UNDERPOWERED, the study proceeds as a bounds analysis
The observed, ten_state, twelve_state runs are sensitivity runs and the rule is not applied to them; the ten- and twelve-state runs were made while the end year was still assumed to be 2025.
The projection columns of mde_6states.csv, mde_10states.csv, mde_12states.csv are supplementary and are not printed here: they summarise the event table's cohort years.

Wrote outputs/08_power/mde.csv, outputs/08_power/placebo_draws.csv, outputs/08_power/mde_6states.csv, outputs/08_power/placebo_draws_6states.csv, outputs/08_power/mde_10states.csv, outputs/08_power/placebo_draws_10states.csv, outputs/08_power/mde_12states.csv, outputs/08_power/placebo_draws_12states.csv, outputs/08_power/power_curve.csv, outputs/08_power/model_status.csv, outputs/08_power/power_settings.csv
Log: outputs/logs/08_power_20260912T011433Z.log
