00:17:17  Step 14 run-all (Run 2), run 20260917T041717Z; stage_run2 2; blinding REAL
00:17:17  Console: parts, model and unit counts, timings. Estimates: outputs/run2/14_run_all and outputs/run2/13_report; model objects: data/derived/run2_14_fits
00:17:17  start 05_primary seda
00:17:26    seda fit a_poverty         primary unweighted      unbalanced     37 units 37 states  ok
00:17:28    seda fit a_poverty         primary unweighted      balanced       15 units 15 states  ok
00:17:31    seda fit b_black_white     primary unweighted      unbalanced   2160 units 38 states  ok
00:17:32    seda fit b_black_white     primary unweighted      balanced      540 units 12 states  ok
00:17:36    seda fit b_black_white     primary tested_weighted unbalanced   1802 units 35 states  ok
00:17:37    seda fit b_black_white     primary tested_weighted balanced      540 units 12 states  ok
00:17:41    seda fit c_hispanic_white  primary unweighted      unbalanced   3050 units 38 states  ok
00:17:42    seda fit c_hispanic_white  primary unweighted      balanced      752 units 12 states  ok
00:17:45    seda fit c_hispanic_white  primary tested_weighted unbalanced   1879 units 35 states  ok
00:17:47    seda fit c_hispanic_white  primary tested_weighted balanced      752 units 12 states  ok
00:17:48    seda fit a_poverty         r1      unweighted      unbalanced     37 units 37 states  ok
00:17:49    seda fit a_poverty         r1      unweighted      balanced       15 units 15 states  ok
00:17:52    seda fit b_black_white     r1      unweighted      unbalanced   2160 units 38 states  ok
00:17:53    seda fit b_black_white     r1      unweighted      balanced      540 units 12 states  ok
00:17:55    seda fit b_black_white     r1      tested_weighted unbalanced   1802 units 35 states  ok
00:17:57    seda fit b_black_white     r1      tested_weighted balanced      540 units 12 states  ok
00:17:59    seda fit c_hispanic_white  r1      unweighted      unbalanced   3050 units 38 states  ok
00:18:00    seda fit c_hispanic_white  r1      unweighted      balanced      752 units 12 states  ok
00:18:02    seda fit c_hispanic_white  r1      tested_weighted unbalanced   1879 units 35 states  ok
00:18:04    seda fit c_hispanic_white  r1      tested_weighted balanced      752 units 12 states  ok
00:18:05    seda fit a_poverty         r2      unweighted      unbalanced     42 units 42 states  ok
00:18:07    seda fit a_poverty         r2      unweighted      balanced       18 units 18 states  ok
00:18:09    seda fit b_black_white     r2      unweighted      unbalanced   2640 units 43 states  ok
00:18:10    seda fit b_black_white     r2      unweighted      balanced      621 units 14 states  ok
00:18:12    seda fit b_black_white     r2      tested_weighted unbalanced   2163 units 40 states  ok
00:18:14    seda fit b_black_white     r2      tested_weighted balanced      621 units 14 states  ok
00:18:17    seda fit c_hispanic_white  r2      unweighted      unbalanced   3944 units 43 states  ok
00:18:18    seda fit c_hispanic_white  r2      unweighted      balanced      843 units 14 states  ok
00:18:20    seda fit c_hispanic_white  r2      tested_weighted unbalanced   2498 units 40 states  ok
00:18:22    seda fit c_hispanic_white  r2      tested_weighted balanced      843 units 14 states  ok
00:18:22  done  05_primary seda  1.1 min
00:18:22  start 06_secondary seda
00:18:48    seda secondary a_poverty         primary unbalanced     37 units 37 states
00:19:05    seda secondary b_black_white     primary unbalanced   2160 units 38 states
00:19:22    seda secondary c_hispanic_white  primary unbalanced   3050 units 38 states
00:19:35    seda secondary a_poverty         r1      unbalanced     37 units 37 states
00:19:39    seda secondary b_black_white     r1      unbalanced   2160 units 38 states
00:19:42    seda secondary c_hispanic_white  r1      unbalanced   3050 units 38 states
00:19:46    seda secondary a_poverty         r2      unbalanced     42 units 42 states
00:19:54    seda secondary b_black_white     r2      unbalanced   2640 units 43 states
00:20:23    seda secondary c_hispanic_white  r2      unbalanced   3944 units 43 states
00:20:29    seda secondary a_poverty         primary balanced       15 units 15 states
00:20:44    seda secondary b_black_white     primary balanced      540 units 12 states
00:20:53    seda secondary c_hispanic_white  primary balanced      752 units 12 states
00:21:00    seda secondary a_poverty         r1      balanced       15 units 15 states
00:21:04    seda secondary b_black_white     r1      balanced      540 units 12 states
00:21:06    seda secondary c_hispanic_white  r1      balanced      752 units 12 states
00:21:09    seda secondary a_poverty         r2      balanced       18 units 18 states
00:21:16    seda secondary b_black_white     r2      balanced      621 units 14 states
00:21:32    seda secondary c_hispanic_white  r2      balanced      843 units 14 states
00:21:40  done  06_secondary seda  3.3 min
00:21:51  start 07_inference seda
00:25:06    seda step 7 primary bootstrap, Romano-Wolf draws and HonestDiD: 10 fitted models
00:26:36    seda step 7 r1      bootstrap, Romano-Wolf draws and HonestDiD: 10 fitted models
00:26:55    seda step 7 r2      bootstrap, Romano-Wolf draws and HonestDiD: 10 fitted models
00:32:39    seda randomization a_poverty.primary.unweighted.unbalanced       10000/10000 reassignments estimated
00:34:02    seda randomization a_poverty.primary.unweighted.balanced         10000/10000 reassignments estimated
01:19:37    seda randomization b_black_white.primary.unweighted.unbalanced   10000/10000 reassignments estimated
01:22:22    seda randomization b_black_white.primary.unweighted.balanced     10000/10000 reassignments estimated
02:04:11    seda randomization b_black_white.primary.tested_weighted.unbalanced 10000/10000 reassignments estimated
02:07:06    seda randomization b_black_white.primary.tested_weighted.balanced 10000/10000 reassignments estimated
03:07:44    seda randomization c_hispanic_white.primary.unweighted.unbalanced 10000/10000 reassignments estimated
03:10:59    seda randomization c_hispanic_white.primary.unweighted.balanced  10000/10000 reassignments estimated
03:57:05    seda randomization c_hispanic_white.primary.tested_weighted.unbalanced 10000/10000 reassignments estimated
04:00:30    seda randomization c_hispanic_white.primary.tested_weighted.balanced 10000/10000 reassignments estimated
04:02:28    seda randomization a_poverty.r1.unweighted.unbalanced             9984/10000 reassignments estimated
04:03:19    seda randomization a_poverty.r1.unweighted.balanced              10000/10000 reassignments estimated
04:20:40    seda randomization b_black_white.r1.unweighted.unbalanced         9700/10000 reassignments estimated
04:22:34    seda randomization b_black_white.r1.unweighted.balanced          10000/10000 reassignments estimated
04:38:57    seda randomization b_black_white.r1.tested_weighted.unbalanced    9833/10000 reassignments estimated
04:40:57    seda randomization b_black_white.r1.tested_weighted.balanced     10000/10000 reassignments estimated
05:03:42    seda randomization c_hispanic_white.r1.unweighted.unbalanced      9812/10000 reassignments estimated
05:05:56    seda randomization c_hispanic_white.r1.unweighted.balanced       10000/10000 reassignments estimated
05:23:25    seda randomization c_hispanic_white.r1.tested_weighted.unbalanced  9911/10000 reassignments estimated
05:25:45    seda randomization c_hispanic_white.r1.tested_weighted.balanced  10000/10000 reassignments estimated
05:28:10    seda randomization a_poverty.r2.unweighted.unbalanced             9991/10000 reassignments estimated
05:28:55    seda randomization a_poverty.r2.unweighted.balanced              10000/10000 reassignments estimated
05:53:37    seda randomization b_black_white.r2.unweighted.unbalanced         9832/10000 reassignments estimated
05:55:33    seda randomization b_black_white.r2.unweighted.balanced          10000/10000 reassignments estimated
06:18:20    seda randomization b_black_white.r2.tested_weighted.unbalanced    9866/10000 reassignments estimated
06:20:22    seda randomization b_black_white.r2.tested_weighted.balanced     10000/10000 reassignments estimated
06:56:30    seda randomization c_hispanic_white.r2.unweighted.unbalanced      9926/10000 reassignments estimated
06:58:42    seda randomization c_hispanic_white.r2.unweighted.balanced       10000/10000 reassignments estimated
07:26:10    seda randomization c_hispanic_white.r2.tested_weighted.unbalanced  9881/10000 reassignments estimated
07:28:29    seda randomization c_hispanic_white.r2.tested_weighted.balanced  10000/10000 reassignments estimated
07:28:29    seda randomization inference: 30 models, 421.6 min
07:28:30  done  07_inference seda  426.7 min
07:28:30  start variants seda
07:28:34  seda variants: 60 models (4 variants and splits x 3 event sets x gaps and weightings)
07:28:36    seda variant a_poverty         primary unweighted      drop_few_pre                 36 units 36 states  ok
07:28:39    seda variant b_black_white     primary unweighted      drop_few_pre               2116 units 37 states  ok
07:28:42    seda variant b_black_white     primary tested_weighted drop_few_pre               1763 units 34 states  ok
07:28:45    seda variant c_hispanic_white  primary unweighted      drop_few_pre               2909 units 37 states  ok
07:28:48    seda variant c_hispanic_white  primary tested_weighted drop_few_pre               1769 units 34 states  ok
07:28:49    seda variant a_poverty         r1      unweighted      drop_few_pre                 36 units 36 states  ok
07:28:51    seda variant b_black_white     r1      unweighted      drop_few_pre               2116 units 37 states  ok
07:28:53    seda variant b_black_white     r1      tested_weighted drop_few_pre               1763 units 34 states  ok
07:28:55    seda variant c_hispanic_white  r1      unweighted      drop_few_pre               2909 units 37 states  ok
07:28:57    seda variant c_hispanic_white  r1      tested_weighted drop_few_pre               1769 units 34 states  ok
07:28:58    seda variant a_poverty         r2      unweighted      drop_few_pre                 41 units 41 states  ok
07:29:01    seda variant b_black_white     r2      unweighted      drop_few_pre               2596 units 42 states  ok
07:29:02    seda variant b_black_white     r2      tested_weighted drop_few_pre               2124 units 39 states  ok
07:29:05    seda variant c_hispanic_white  r2      unweighted      drop_few_pre               3803 units 42 states  ok
07:29:07    seda variant c_hispanic_white  r2      tested_weighted drop_few_pre               2388 units 39 states  ok
07:29:08    seda variant a_poverty         primary unweighted      anticipation_1               37 units 37 states  ok
07:29:11    seda variant b_black_white     primary unweighted      anticipation_1             2160 units 38 states  ok
07:29:14    seda variant b_black_white     primary tested_weighted anticipation_1             1802 units 35 states  ok
07:29:18    seda variant c_hispanic_white  primary unweighted      anticipation_1             3050 units 38 states  ok
07:29:21    seda variant c_hispanic_white  primary tested_weighted anticipation_1             1879 units 35 states  ok
07:29:23    seda variant a_poverty         r1      unweighted      anticipation_1               37 units 37 states  ok
07:29:25    seda variant b_black_white     r1      unweighted      anticipation_1             2160 units 38 states  ok
07:29:27    seda variant b_black_white     r1      tested_weighted anticipation_1             1802 units 35 states  ok
07:29:29    seda variant c_hispanic_white  r1      unweighted      anticipation_1             3050 units 38 states  ok
07:29:31    seda variant c_hispanic_white  r1      tested_weighted anticipation_1             1879 units 35 states  ok
07:29:32    seda variant a_poverty         r2      unweighted      anticipation_1               42 units 42 states  ok
07:29:35    seda variant b_black_white     r2      unweighted      anticipation_1             2640 units 43 states  ok
07:29:37    seda variant b_black_white     r2      tested_weighted anticipation_1             2163 units 40 states  ok
07:29:40    seda variant c_hispanic_white  r2      unweighted      anticipation_1             3944 units 43 states  ok
07:29:42    seda variant c_hispanic_white  r2      tested_weighted anticipation_1             2498 units 40 states  ok
07:29:44    seda variant a_poverty         primary unweighted      seda_2009_2019               37 units 37 states  ok
07:29:46    seda variant b_black_white     primary unweighted      seda_2009_2019             2083 units 38 states  ok
07:29:48    seda variant b_black_white     primary tested_weighted seda_2009_2019             1802 units 35 states  ok
07:29:50    seda variant c_hispanic_white  primary unweighted      seda_2009_2019             2804 units 38 states  ok
07:29:53    seda variant c_hispanic_white  primary tested_weighted seda_2009_2019             1879 units 35 states  ok
07:29:54    seda variant a_poverty         r1      unweighted      seda_2009_2019               37 units 37 states  ok
07:29:56    seda variant b_black_white     r1      unweighted      seda_2009_2019             2083 units 38 states  ok
07:29:58    seda variant b_black_white     r1      tested_weighted seda_2009_2019             1802 units 35 states  ok
07:30:00    seda variant c_hispanic_white  r1      unweighted      seda_2009_2019             2804 units 38 states  ok
07:30:02    seda variant c_hispanic_white  r1      tested_weighted seda_2009_2019             1879 units 35 states  ok
07:30:03    seda variant a_poverty         r2      unweighted      seda_2009_2019               42 units 42 states  ok
07:30:05    seda variant b_black_white     r2      unweighted      seda_2009_2019             2548 units 43 states  ok
07:30:07    seda variant b_black_white     r2      tested_weighted seda_2009_2019             2163 units 40 states  ok
07:30:09    seda variant c_hispanic_white  r2      unweighted      seda_2009_2019             3645 units 43 states  ok
07:30:11    seda variant c_hispanic_white  r2      tested_weighted seda_2009_2019             2498 units 40 states  ok
07:30:12    seda variant a_poverty         primary unweighted      seda_2022_2025               25 units 25 states  ok
07:30:14    seda variant b_black_white     primary unweighted      seda_2022_2025             1243 units 23 states  ok
07:30:15    seda variant b_black_white     primary tested_weighted seda_2022_2025             1112 units 21 states  ok
07:30:17    seda variant c_hispanic_white  primary unweighted      seda_2022_2025             1912 units 23 states  ok
07:30:19    seda variant c_hispanic_white  primary tested_weighted seda_2022_2025             1228 units 21 states  ok
07:30:19    seda variant a_poverty         r1      unweighted      seda_2022_2025               31 units 31 states  not ok (status in files)
07:30:19    seda variant b_black_white     r1      unweighted      seda_2022_2025             1494 units 28 states  not ok (status in files)
07:30:19    seda variant b_black_white     r1      tested_weighted seda_2022_2025             1327 units 26 states  not ok (status in files)
07:30:19    seda variant c_hispanic_white  r1      unweighted      seda_2022_2025             2262 units 28 states  not ok (status in files)
07:30:19    seda variant c_hispanic_white  r1      tested_weighted seda_2022_2025             1453 units 26 states  not ok (status in files)
07:30:20    seda variant a_poverty         r2      unweighted      seda_2022_2025               35 units 35 states  ok
07:30:22    seda variant b_black_white     r2      unweighted      seda_2022_2025             1921 units 33 states  ok
07:30:23    seda variant b_black_white     r2      tested_weighted seda_2022_2025             1642 units 31 states  ok
07:30:25    seda variant c_hispanic_white  r2      unweighted      seda_2022_2025             3180 units 33 states  ok
07:30:27    seda variant c_hispanic_white  r2      tested_weighted seda_2022_2025             2083 units 31 states  ok
07:44:18  seda variants: bootstrap, Romano-Wolf and HonestDiD done for 55 fitted models
09:29:52  seda variants: randomization inference (1000 reassignments) on 55 models, 105.6 min
09:29:52  done  variants seda  121.4 min
09:29:53  start 05_primary hs
09:29:55    hs fit a_poverty         primary unweighted      unbalanced     38 units 38 states  ok
09:29:55    hs fit a_poverty         primary unweighted      balanced       12 units 12 states  ok
09:29:56    hs fit b_black_white     primary unweighted      unbalanced   1817 units 40 states  not ok (status in files)
09:29:57    hs fit b_black_white     primary unweighted      balanced       55 units  8 states  ok
09:29:58    hs fit b_black_white     primary tested_weighted unbalanced   1202 units 37 states  ok
09:29:59    hs fit b_black_white     primary tested_weighted balanced       55 units  8 states  ok
09:30:00    hs fit c_hispanic_white  primary unweighted      unbalanced   2434 units 39 states  ok
09:30:01    hs fit c_hispanic_white  primary unweighted      balanced       25 units  8 states  ok
09:30:02    hs fit c_hispanic_white  primary tested_weighted unbalanced   1090 units 36 states  ok
09:30:03    hs fit c_hispanic_white  primary tested_weighted balanced       25 units  8 states  ok
09:30:03    hs fit a_poverty         r1      unweighted      unbalanced     38 units 38 states  ok
09:30:04    hs fit a_poverty         r1      unweighted      balanced       12 units 12 states  ok
09:30:04    hs fit b_black_white     r1      unweighted      unbalanced   1817 units 40 states  not ok (status in files)
09:30:04    hs fit b_black_white     r1      unweighted      balanced       55 units  8 states  not ok (status in files)
09:30:05    hs fit b_black_white     r1      tested_weighted unbalanced   1202 units 37 states  ok
09:30:05    hs fit b_black_white     r1      tested_weighted balanced       55 units  8 states  not ok (status in files)
09:30:06    hs fit c_hispanic_white  r1      unweighted      unbalanced   2434 units 39 states  not ok (status in files)
09:30:06    hs fit c_hispanic_white  r1      unweighted      balanced       25 units  8 states  not ok (status in files)
09:30:07    hs fit c_hispanic_white  r1      tested_weighted unbalanced   1090 units 36 states  ok
09:30:07    hs fit c_hispanic_white  r1      tested_weighted balanced       25 units  8 states  not ok (status in files)
09:30:07    hs fit a_poverty         r2      unweighted      unbalanced     43 units 43 states  ok
09:30:08    hs fit a_poverty         r2      unweighted      balanced       15 units 15 states  ok
09:30:08    hs fit b_black_white     r2      unweighted      unbalanced   2168 units 45 states  not ok (status in files)
09:30:08    hs fit b_black_white     r2      unweighted      balanced       55 units  8 states  not ok (status in files)
09:30:09    hs fit b_black_white     r2      tested_weighted unbalanced   1463 units 42 states  ok
09:30:09    hs fit b_black_white     r2      tested_weighted balanced       55 units  8 states  not ok (status in files)
09:30:11    hs fit c_hispanic_white  r2      unweighted      unbalanced   3027 units 44 states  ok
09:30:11    hs fit c_hispanic_white  r2      unweighted      balanced       25 units  8 states  not ok (status in files)
09:30:12    hs fit c_hispanic_white  r2      tested_weighted unbalanced   1481 units 40 states  ok
09:30:12    hs fit c_hispanic_white  r2      tested_weighted balanced       25 units  8 states  not ok (status in files)
09:30:12  done  05_primary hs  0.3 min
09:30:12  start 06_secondary hs
09:30:14    hs secondary a_poverty         primary unbalanced     38 units 38 states
09:30:26    hs secondary b_black_white     primary unbalanced   1817 units 40 states
09:30:37    hs secondary c_hispanic_white  primary unbalanced   2434 units 39 states
09:30:43    hs secondary a_poverty         r1      unbalanced     38 units 38 states
09:30:46    hs secondary b_black_white     r1      unbalanced   1817 units 40 states
09:30:50    hs secondary c_hispanic_white  r1      unbalanced   2434 units 39 states
09:30:53    hs secondary a_poverty         r2      unbalanced     43 units 43 states
09:31:03    hs secondary b_black_white     r2      unbalanced   2168 units 45 states
09:31:04    hs secondary c_hispanic_white  r2      unbalanced   3027 units 44 states
09:31:06    hs secondary a_poverty         primary balanced       12 units 12 states
09:31:17    hs secondary b_black_white     primary balanced       55 units  8 states
09:31:18    hs secondary c_hispanic_white  primary balanced       25 units  8 states
09:31:20    hs secondary a_poverty         r1      balanced       12 units 12 states
09:31:22    hs secondary b_black_white     r1      balanced       55 units  8 states
09:31:22    hs secondary c_hispanic_white  r1      balanced       25 units  8 states
09:31:23    hs secondary a_poverty         r2      balanced       15 units 15 states
09:31:32    hs secondary b_black_white     r2      balanced       55 units  8 states
09:31:32    hs secondary c_hispanic_white  r2      balanced       25 units  8 states
09:31:32  done  06_secondary hs  1.3 min
09:31:44  start 07_inference hs
09:40:25    hs step 7 primary bootstrap, Romano-Wolf draws and HonestDiD: 9 fitted models
09:40:50    hs step 7 r1      bootstrap, Romano-Wolf draws and HonestDiD: 4 fitted models
09:41:34    hs step 7 r2      bootstrap, Romano-Wolf draws and HonestDiD: 5 fitted models
09:46:40    hs randomization a_poverty.primary.unweighted.unbalanced       10000/10000 reassignments estimated
09:48:17    hs randomization a_poverty.primary.unweighted.balanced         10000/10000 reassignments estimated
09:49:51    hs randomization b_black_white.primary.unweighted.balanced      9611/10000 reassignments estimated
10:12:35    hs randomization b_black_white.primary.tested_weighted.unbalanced 10000/10000 reassignments estimated
10:14:14    hs randomization b_black_white.primary.tested_weighted.balanced  9599/10000 reassignments estimated
10:43:09    hs randomization c_hispanic_white.primary.unweighted.unbalanced  9284/10000 reassignments estimated
10:44:47    hs randomization c_hispanic_white.primary.unweighted.balanced   9766/10000 reassignments estimated
11:08:51    hs randomization c_hispanic_white.primary.tested_weighted.unbalanced 10000/10000 reassignments estimated
11:10:34    hs randomization c_hispanic_white.primary.tested_weighted.balanced  9777/10000 reassignments estimated
11:12:33    hs randomization a_poverty.r1.unweighted.unbalanced            10000/10000 reassignments estimated
11:13:28    hs randomization a_poverty.r1.unweighted.balanced              10000/10000 reassignments estimated
11:24:08    hs randomization b_black_white.r1.tested_weighted.unbalanced    9607/10000 reassignments estimated
11:34:25    hs randomization c_hispanic_white.r1.tested_weighted.unbalanced  9626/10000 reassignments estimated
11:36:48    hs randomization a_poverty.r2.unweighted.unbalanced             9983/10000 reassignments estimated
11:37:36    hs randomization a_poverty.r2.unweighted.balanced              10000/10000 reassignments estimated
11:50:55    hs randomization b_black_white.r2.tested_weighted.unbalanced    9339/10000 reassignments estimated
12:11:21    hs randomization c_hispanic_white.r2.unweighted.unbalanced      4604/10000 reassignments estimated
12:25:48    hs randomization c_hispanic_white.r2.tested_weighted.unbalanced  9661/10000 reassignments estimated
12:25:48    hs randomization inference: 18 models, 164.2 min
12:25:49  done  07_inference hs  174.1 min
12:25:49  start variants hs
12:25:51  hs variants: 105 models (7 variants and splits x 3 event sets x gaps and weightings)
12:25:52    hs variant a_poverty         primary unweighted      sample_r5                    38 units 38 states  ok
12:25:53    hs variant b_black_white     primary unweighted      sample_r5                  1529 units 39 states  ok
12:25:54    hs variant b_black_white     primary tested_weighted sample_r5                   780 units 37 states  ok
12:25:55    hs variant c_hispanic_white  primary unweighted      sample_r5                  2078 units 38 states  ok
12:25:56    hs variant c_hispanic_white  primary tested_weighted sample_r5                   673 units 34 states  ok
12:25:57    hs variant a_poverty         r1      unweighted      sample_r5                    38 units 38 states  ok
12:25:57    hs variant b_black_white     r1      unweighted      sample_r5                  1529 units 39 states  not ok (status in files)
12:25:58    hs variant b_black_white     r1      tested_weighted sample_r5                   780 units 37 states  ok
12:25:58    hs variant c_hispanic_white  r1      unweighted      sample_r5                  2078 units 38 states  not ok (status in files)
12:25:59    hs variant c_hispanic_white  r1      tested_weighted sample_r5                   673 units 34 states  ok
12:25:59    hs variant a_poverty         r2      unweighted      sample_r5                    43 units 43 states  ok
12:26:00    hs variant b_black_white     r2      unweighted      sample_r5                  1787 units 44 states  ok
12:26:01    hs variant b_black_white     r2      tested_weighted sample_r5                   928 units 41 states  ok
12:26:02    hs variant c_hispanic_white  r2      unweighted      sample_r5                  2581 units 42 states  ok
12:26:03    hs variant c_hispanic_white  r2      tested_weighted sample_r5                   946 units 38 states  ok
12:26:03    hs variant a_poverty         primary unweighted      sample_exact                 36 units 36 states  not ok (status in files)
12:26:04    hs variant b_black_white     primary unweighted      sample_exact               1211 units 35 states  ok
12:26:04    hs variant b_black_white     primary tested_weighted sample_exact                176 units 27 states  ok
12:26:05    hs variant c_hispanic_white  primary unweighted      sample_exact               1771 units 35 states  ok
12:26:06    hs variant c_hispanic_white  primary tested_weighted sample_exact                159 units 26 states  ok
12:26:06    hs variant a_poverty         r1      unweighted      sample_exact                 36 units 36 states  not ok (status in files)
12:26:06    hs variant b_black_white     r1      unweighted      sample_exact               1211 units 35 states  not ok (status in files)
12:26:07    hs variant b_black_white     r1      tested_weighted sample_exact                176 units 27 states  ok
12:26:07    hs variant c_hispanic_white  r1      unweighted      sample_exact               1771 units 35 states  not ok (status in files)
12:26:07    hs variant c_hispanic_white  r1      tested_weighted sample_exact                159 units 26 states  not ok (status in files)
12:26:07    hs variant a_poverty         r2      unweighted      sample_exact                 40 units 40 states  not ok (status in files)
12:26:08    hs variant b_black_white     r2      unweighted      sample_exact               1416 units 38 states  ok
12:26:08    hs variant b_black_white     r2      tested_weighted sample_exact                197 units 29 states  not ok (status in files)
12:26:09    hs variant c_hispanic_white  r2      unweighted      sample_exact               2229 units 37 states  ok
12:26:09    hs variant c_hispanic_white  r2      tested_weighted sample_exact                240 units 28 states  not ok (status in files)
12:26:10    hs variant a_poverty         primary unweighted      participation_from_2013      36 units 36 states  ok
12:26:11    hs variant b_black_white     primary unweighted      participation_from_2013    1649 units 38 states  ok
12:26:12    hs variant b_black_white     primary tested_weighted participation_from_2013    1083 units 35 states  ok
12:26:13    hs variant c_hispanic_white  primary unweighted      participation_from_2013    2214 units 37 states  ok
12:26:14    hs variant c_hispanic_white  primary tested_weighted participation_from_2013     967 units 34 states  ok
12:26:14    hs variant a_poverty         r1      unweighted      participation_from_2013      36 units 36 states  not ok (status in files)
12:26:14    hs variant b_black_white     r1      unweighted      participation_from_2013    1649 units 38 states  not ok (status in files)
12:26:14    hs variant b_black_white     r1      tested_weighted participation_from_2013    1083 units 35 states  not ok (status in files)
12:26:15    hs variant c_hispanic_white  r1      unweighted      participation_from_2013    2214 units 37 states  not ok (status in files)
12:26:15    hs variant c_hispanic_white  r1      tested_weighted participation_from_2013     967 units 34 states  not ok (status in files)
12:26:15    hs variant a_poverty         r2      unweighted      participation_from_2013      42 units 42 states  ok
12:26:16    hs variant b_black_white     r2      unweighted      participation_from_2013    2029 units 44 states  ok
12:26:17    hs variant b_black_white     r2      tested_weighted participation_from_2013    1356 units 41 states  ok
12:26:18    hs variant c_hispanic_white  r2      unweighted      participation_from_2013    2874 units 43 states  ok
12:26:19    hs variant c_hispanic_white  r2      tested_weighted participation_from_2013    1383 units 39 states  ok
12:26:19    hs variant a_poverty         primary unweighted      drop_few_pre                 36 units 36 states  ok
12:26:20    hs variant b_black_white     primary unweighted      drop_few_pre               1729 units 38 states  not ok (status in files)
12:26:21    hs variant b_black_white     primary tested_weighted drop_few_pre               1145 units 35 states  ok
12:26:23    hs variant c_hispanic_white  primary unweighted      drop_few_pre               2243 units 37 states  ok
12:26:24    hs variant c_hispanic_white  primary tested_weighted drop_few_pre                993 units 34 states  ok
12:26:24    hs variant a_poverty         r1      unweighted      drop_few_pre                 36 units 36 states  not ok (status in files)
12:26:25    hs variant b_black_white     r1      unweighted      drop_few_pre               1729 units 38 states  not ok (status in files)
12:26:25    hs variant b_black_white     r1      tested_weighted drop_few_pre               1145 units 35 states  not ok (status in files)
12:26:25    hs variant c_hispanic_white  r1      unweighted      drop_few_pre               2243 units 37 states  not ok (status in files)
12:26:25    hs variant c_hispanic_white  r1      tested_weighted drop_few_pre                993 units 34 states  not ok (status in files)
12:26:25    hs variant a_poverty         r2      unweighted      drop_few_pre                 42 units 42 states  ok
12:26:26    hs variant b_black_white     r2      unweighted      drop_few_pre               2137 units 44 states  not ok (status in files)
12:26:27    hs variant b_black_white     r2      tested_weighted drop_few_pre               1435 units 41 states  ok
12:26:28    hs variant c_hispanic_white  r2      unweighted      drop_few_pre               2924 units 43 states  ok
12:26:29    hs variant c_hispanic_white  r2      tested_weighted drop_few_pre               1419 units 39 states  ok
12:26:29    hs variant a_poverty         primary unweighted      anticipation_1               38 units 38 states  ok
12:26:30    hs variant b_black_white     primary unweighted      anticipation_1             1817 units 40 states  not ok (status in files)
12:26:32    hs variant b_black_white     primary tested_weighted anticipation_1             1202 units 37 states  ok
12:26:33    hs variant c_hispanic_white  primary unweighted      anticipation_1             2434 units 39 states  ok
12:26:35    hs variant c_hispanic_white  primary tested_weighted anticipation_1             1090 units 36 states  ok
12:26:35    hs variant a_poverty         r1      unweighted      anticipation_1               38 units 38 states  ok
12:26:36    hs variant b_black_white     r1      unweighted      anticipation_1             1817 units 40 states  not ok (status in files)
12:26:36    hs variant b_black_white     r1      tested_weighted anticipation_1             1202 units 37 states  ok
12:26:37    hs variant c_hispanic_white  r1      unweighted      anticipation_1             2434 units 39 states  not ok (status in files)
12:26:38    hs variant c_hispanic_white  r1      tested_weighted anticipation_1             1090 units 36 states  ok
12:26:38    hs variant a_poverty         r2      unweighted      anticipation_1               43 units 43 states  ok
12:26:39    hs variant b_black_white     r2      unweighted      anticipation_1             2168 units 45 states  not ok (status in files)
12:26:40    hs variant b_black_white     r2      tested_weighted anticipation_1             1463 units 42 states  ok
12:26:41    hs variant c_hispanic_white  r2      unweighted      anticipation_1             3027 units 44 states  ok
12:26:42    hs variant c_hispanic_white  r2      tested_weighted anticipation_1             1481 units 40 states  ok
12:26:42    hs variant a_poverty         primary unweighted      hs_edfacts_years             38 units 38 states  ok
12:26:43    hs variant b_black_white     primary unweighted      hs_edfacts_years           1577 units 40 states  ok
12:26:44    hs variant b_black_white     primary tested_weighted hs_edfacts_years           1202 units 37 states  ok
12:26:46    hs variant c_hispanic_white  primary unweighted      hs_edfacts_years           1901 units 39 states  ok
12:26:46    hs variant c_hispanic_white  primary tested_weighted hs_edfacts_years           1090 units 36 states  ok
12:26:47    hs variant a_poverty         r1      unweighted      hs_edfacts_years             38 units 38 states  ok
12:26:48    hs variant b_black_white     r1      unweighted      hs_edfacts_years           1577 units 40 states  ok
12:26:48    hs variant b_black_white     r1      tested_weighted hs_edfacts_years           1202 units 37 states  ok
12:26:49    hs variant c_hispanic_white  r1      unweighted      hs_edfacts_years           1901 units 39 states  ok
12:26:50    hs variant c_hispanic_white  r1      tested_weighted hs_edfacts_years           1090 units 36 states  ok
12:26:51    hs variant a_poverty         r2      unweighted      hs_edfacts_years             43 units 43 states  ok
12:26:51    hs variant b_black_white     r2      unweighted      hs_edfacts_years           1920 units 45 states  ok
12:26:52    hs variant b_black_white     r2      tested_weighted hs_edfacts_years           1463 units 42 states  ok
12:26:53    hs variant c_hispanic_white  r2      unweighted      hs_edfacts_years           2476 units 44 states  ok
12:26:54    hs variant c_hispanic_white  r2      tested_weighted hs_edfacts_years           1481 units 40 states  ok
12:26:54    hs variant a_poverty         primary unweighted      hs_17_states                 12 units 12 states  ok
12:26:55    hs variant b_black_white     primary unweighted      hs_17_states                733 units 12 states  not ok (status in files)
12:26:55    hs variant b_black_white     primary tested_weighted hs_17_states                475 units 11 states  ok
12:26:56    hs variant c_hispanic_white  primary unweighted      hs_17_states               1130 units 12 states  not ok (status in files)
12:26:57    hs variant c_hispanic_white  primary tested_weighted hs_17_states                592 units 11 states  ok
12:26:57    hs variant a_poverty         r1      unweighted      hs_17_states                 12 units 12 states  ok
12:26:57    hs variant b_black_white     r1      unweighted      hs_17_states                733 units 12 states  not ok (status in files)
12:26:58    hs variant b_black_white     r1      tested_weighted hs_17_states                475 units 11 states  ok
12:26:58    hs variant c_hispanic_white  r1      unweighted      hs_17_states               1130 units 12 states  not ok (status in files)
12:26:59    hs variant c_hispanic_white  r1      tested_weighted hs_17_states                592 units 11 states  ok
12:26:59    hs variant a_poverty         r2      unweighted      hs_17_states                 14 units 14 states  ok
12:26:59    hs variant b_black_white     r2      unweighted      hs_17_states                936 units 14 states  not ok (status in files)
12:27:00    hs variant b_black_white     r2      tested_weighted hs_17_states                652 units 13 states  ok
12:27:01    hs variant c_hispanic_white  r2      unweighted      hs_17_states               1494 units 14 states  not ok (status in files)
12:27:01    hs variant c_hispanic_white  r2      tested_weighted hs_17_states                890 units 13 states  ok
12:58:07  hs variants: bootstrap, Romano-Wolf and HonestDiD done for 73 fitted models
14:16:16  hs variants: randomization inference (1000 reassignments) on 73 models, 78.1 min
14:16:16  done  variants hs  110.4 min
14:16:16  start lee hs
14:16:27    CCD grade 9 membership, end year 2019: 13903 districts, 0.2 min
14:16:37    CCD grade 9 membership, end year 2020: 13836 districts, 0.2 min
14:16:46    CCD grade 9 membership, end year 2021: 13533 districts, 0.2 min
14:16:58    CCD grade 9 membership, end year 2022: 13592 districts, 0.2 min
14:17:02    Lee share model b_black_white     bl: 1817 districts, ok
14:17:04    Lee share model b_black_white     wh: 1817 districts, ok
14:17:07    Lee trim b_black_white     treated post-reform district-years: 214 of 1445, trim refit: error: No valid att_gt() estimates found for this aggregation. This may happen if all estimates for a particular group or time period are NA. / error: No valid att_gt() estimates found for this aggregation. This may happen if all estimates for a particular group or time period are NA.
14:17:10    Lee share model c_hispanic_white  hi: 2433 districts, ok
14:17:12    Lee share model c_hispanic_white  wh: 2433 districts, ok
14:17:15    Lee trim c_hispanic_white  treated post-reform district-years: 216 of 2497, ok
14:17:15  done  lee hs  1.0 min
14:17:15  start dose seda
14:17:18    revenue exclusions (seda, fiscal years 2010-2024): 4137 of 174332 F-33 district-years
14:17:45    seda revenue first stage a_poverty         primary    37 units, ok
14:17:48    seda revenue first stage b_black_white     primary  2160 units, ok
14:17:51    seda revenue first stage c_hispanic_white  primary  3050 units, ok
14:17:51    seda revenue first stage a_poverty         r1         37 units, ok
14:17:52    seda revenue first stage b_black_white     r1       2160 units, ok
14:17:53    seda revenue first stage c_hispanic_white  r1       3050 units, ok
14:17:54    seda revenue first stage a_poverty         r2         42 units, ok
14:17:55    seda revenue first stage b_black_white     r2       2637 units, ok
14:17:57    seda revenue first stage c_hispanic_white  r2       3938 units, ok
14:17:57  done  dose seda  0.7 min
14:17:57  start dose hs
14:17:59    revenue exclusions (hs, fiscal years 2010-2024): 4432 of 187521 F-33 district-years
14:18:05    hs revenue first stage a_poverty         primary    38 units, ok
14:18:07    hs revenue first stage b_black_white     primary  1817 units, ok
14:18:10    hs revenue first stage c_hispanic_white  primary  2434 units, ok
14:18:11    hs revenue first stage a_poverty         r1         38 units, ok
14:18:12    hs revenue first stage b_black_white     r1       1817 units, ok
14:18:13    hs revenue first stage c_hispanic_white  r1       2434 units, ok
14:18:13    hs revenue first stage a_poverty         r2         43 units, ok
14:18:15    hs revenue first stage b_black_white     r2       2166 units, ok
14:18:16    hs revenue first stage c_hispanic_white  r2       3024 units, ok
14:18:16  done  dose hs  0.3 min
14:18:16  start mde seda
14:18:18    SEDA MDE (descriptive) from the step 7 randomization draws of the primary models
14:18:18  done  mde seda  0.0 min
14:18:18  start report
14:18:19  Report: outputs/run2/13_report/report.md (5 plots, 62 tables)
14:18:19  Report: 9 models shown with their recorded status in place of numbers: hs.a_poverty.primary.unweighted.unbalanced.sample_exact, hs.b_black_white.primary.unweighted.unbalanced.anticipation_1, hs.b_black_white.primary.unweighted.unbalanced.drop_few_pre, hs.b_black_white.primary.unweighted.unbalanced.hs_17_states, hs.b_black_white.primary.unweighted.unbalanced.primary_specification, hs.b_black_white.r1.unweighted.unbalanced.primary_specification, hs.b_black_white.r2.unweighted.unbalanced.primary_specification, hs.c_hispanic_white.primary.unweighted.unbalanced.hs_17_states, hs.c_hispanic_white.r1.unweighted.unbalanced.primary_specification
14:18:19  done  report  0.0 min
14:18:19  Run 20260917T041717Z finished. Total run time over parts: 14.01 h (wall clock since start: 14.02 h)
14:18:19  Run times per part: outputs/run2/14_run_all/run_times.csv; log: outputs/logs/14_run_all_run2_20260917T041717Z.log
